Archive member included to satisfy reference by file (symbol)

c:/program files (x86)/gnu arm embedded toolchain/10 2021.10/bin/../lib/gcc/arm-none-eabi/10.3.1/../../../../arm-none-eabi/lib/thumb/v7-m/nofp\libc_nano.a(lib_a-exit.o)
                              c:/program files (x86)/gnu arm embedded toolchain/10 2021.10/bin/../lib/gcc/arm-none-eabi/10.3.1/../../../../arm-none-eabi/lib/thumb/v7-m/nofp/crt0.o (exit)
c:/program files (x86)/gnu arm embedded toolchain/10 2021.10/bin/../lib/gcc/arm-none-eabi/10.3.1/../../../../arm-none-eabi/lib/thumb/v7-m/nofp\libc_nano.a(lib_a-impure.o)
                              c:/program files (x86)/gnu arm embedded toolchain/10 2021.10/bin/../lib/gcc/arm-none-eabi/10.3.1/../../../../arm-none-eabi/lib/thumb/v7-m/nofp\libc_nano.a(lib_a-exit.o) (_global_impure_ptr)
c:/program files (x86)/gnu arm embedded toolchain/10 2021.10/bin/../lib/gcc/arm-none-eabi/10.3.1/../../../../arm-none-eabi/lib/thumb/v7-m/nofp\libc_nano.a(lib_a-init.o)
                              c:/program files (x86)/gnu arm embedded toolchain/10 2021.10/bin/../lib/gcc/arm-none-eabi/10.3.1/../../../../arm-none-eabi/lib/thumb/v7-m/nofp/crt0.o (__libc_init_array)
c:/program files (x86)/gnu arm embedded toolchain/10 2021.10/bin/../lib/gcc/arm-none-eabi/10.3.1/../../../../arm-none-eabi/lib/thumb/v7-m/nofp\libc_nano.a(lib_a-memset.o)
                              c:/program files (x86)/gnu arm embedded toolchain/10 2021.10/bin/../lib/gcc/arm-none-eabi/10.3.1/../../../../arm-none-eabi/lib/thumb/v7-m/nofp/crt0.o (memset)
c:/program files (x86)/gnu arm embedded toolchain/10 2021.10/bin/../lib/gcc/arm-none-eabi/10.3.1/../../../../arm-none-eabi/lib/thumb/v7-m/nofp\libnosys.a(_exit.o)
                              c:/program files (x86)/gnu arm embedded toolchain/10 2021.10/bin/../lib/gcc/arm-none-eabi/10.3.1/../../../../arm-none-eabi/lib/thumb/v7-m/nofp\libc_nano.a(lib_a-exit.o) (_exit)
c:/program files (x86)/gnu arm embedded toolchain/10 2021.10/bin/../lib/gcc/arm-none-eabi/10.3.1/thumb/v7-m/nofp\libgcc.a(_arm_muldf3.o)
                              build/srv_sens_main.o (__aeabi_dmul)
c:/program files (x86)/gnu arm embedded toolchain/10 2021.10/bin/../lib/gcc/arm-none-eabi/10.3.1/thumb/v7-m/nofp\libgcc.a(_arm_addsubdf3.o)
                              build/srv_sens_main.o (__aeabi_f2d)
c:/program files (x86)/gnu arm embedded toolchain/10 2021.10/bin/../lib/gcc/arm-none-eabi/10.3.1/thumb/v7-m/nofp\libgcc.a(_arm_truncdfsf2.o)
                              build/srv_sens_main.o (__aeabi_d2f)
c:/program files (x86)/gnu arm embedded toolchain/10 2021.10/bin/../lib/gcc/arm-none-eabi/10.3.1/thumb/v7-m/nofp\libgcc.a(_arm_addsubsf3.o)
                              build/srv_sens_main.o (__aeabi_fadd)
c:/program files (x86)/gnu arm embedded toolchain/10 2021.10/bin/../lib/gcc/arm-none-eabi/10.3.1/thumb/v7-m/nofp\libgcc.a(_arm_muldivsf3.o)
                              build/srv_sens_main.o (__aeabi_fdiv)

Discarded input sections

 .text          0x00000000        0x0 c:/program files (x86)/gnu arm embedded toolchain/10 2021.10/bin/../lib/gcc/arm-none-eabi/10.3.1/thumb/v7-m/nofp/crti.o
 .data          0x00000000        0x0 c:/program files (x86)/gnu arm embedded toolchain/10 2021.10/bin/../lib/gcc/arm-none-eabi/10.3.1/thumb/v7-m/nofp/crti.o
 .bss           0x00000000        0x0 c:/program files (x86)/gnu arm embedded toolchain/10 2021.10/bin/../lib/gcc/arm-none-eabi/10.3.1/thumb/v7-m/nofp/crti.o
 .data          0x00000000        0x4 c:/program files (x86)/gnu arm embedded toolchain/10 2021.10/bin/../lib/gcc/arm-none-eabi/10.3.1/thumb/v7-m/nofp/crtbegin.o
 .rodata        0x00000000       0x24 c:/program files (x86)/gnu arm embedded toolchain/10 2021.10/bin/../lib/gcc/arm-none-eabi/10.3.1/thumb/v7-m/nofp/crtbegin.o
 .text          0x00000000       0x7c c:/program files (x86)/gnu arm embedded toolchain/10 2021.10/bin/../lib/gcc/arm-none-eabi/10.3.1/../../../../arm-none-eabi/lib/thumb/v7-m/nofp/crt0.o
 .data          0x00000000        0x0 c:/program files (x86)/gnu arm embedded toolchain/10 2021.10/bin/../lib/gcc/arm-none-eabi/10.3.1/../../../../arm-none-eabi/lib/thumb/v7-m/nofp/crt0.o
 .bss           0x00000000        0x0 c:/program files (x86)/gnu arm embedded toolchain/10 2021.10/bin/../lib/gcc/arm-none-eabi/10.3.1/../../../../arm-none-eabi/lib/thumb/v7-m/nofp/crt0.o
 .ARM.extab     0x00000000        0x0 c:/program files (x86)/gnu arm embedded toolchain/10 2021.10/bin/../lib/gcc/arm-none-eabi/10.3.1/../../../../arm-none-eabi/lib/thumb/v7-m/nofp/crt0.o
 .ARM.exidx     0x00000000       0x10 c:/program files (x86)/gnu arm embedded toolchain/10 2021.10/bin/../lib/gcc/arm-none-eabi/10.3.1/../../../../arm-none-eabi/lib/thumb/v7-m/nofp/crt0.o
 .ARM.attributes
                0x00000000       0x1b c:/program files (x86)/gnu arm embedded toolchain/10 2021.10/bin/../lib/gcc/arm-none-eabi/10.3.1/../../../../arm-none-eabi/lib/thumb/v7-m/nofp/crt0.o
 .text          0x00000000        0x0 build/main.o
[...]
Memory Configuration

Name             Origin             Length             Attributes
RAM              0x20000000         0x00005000         xrw
FLASH            0x08000000         0x00010000         xr
*default*        0x00000000         0xffffffff

Linker script and memory map

LOAD c:/program files (x86)/gnu arm embedded toolchain/10 2021.10/bin/../lib/gcc/arm-none-eabi/10.3.1/thumb/v7-m/nofp/crti.o
LOAD c:/program files (x86)/gnu arm embedded toolchain/10 2021.10/bin/../lib/gcc/arm-none-eabi/10.3.1/thumb/v7-m/nofp/crtbegin.o
LOAD c:/program files (x86)/gnu arm embedded toolchain/10 2021.10/bin/../lib/gcc/arm-none-eabi/10.3.1/../../../../arm-none-eabi/lib/thumb/v7-m/nofp/crt0.o
LOAD build/main.o
LOAD build/stm32f1xx_it.o
LOAD build/stm32f1xx_hal_msp.o
LOAD build/stm32f1xx_hal_gpio_ex.o
LOAD build/stm32f1xx_hal_tim.o
LOAD build/stm32f1xx_hal_tim_ex.o
LOAD build/stm32f1xx_hal.o
LOAD build/stm32f1xx_hal_rcc.o
LOAD build/stm32f1xx_hal_rcc_ex.o
LOAD build/stm32f1xx_hal_gpio.o
LOAD build/stm32f1xx_hal_dma.o
LOAD build/stm32f1xx_hal_cortex.o
LOAD build/stm32f1xx_hal_pwr.o
LOAD build/stm32f1xx_hal_flash.o
LOAD build/stm32f1xx_hal_flash_ex.o
LOAD build/stm32f1xx_hal_exti.o
LOAD build/system_stm32f1xx.o
LOAD build/usb_device.o
LOAD build/usbd_desc.o
LOAD build/usbd_cdc_if.o
LOAD build/usbd_conf.o
LOAD build/stm32f1xx_hal_pcd.o
LOAD build/stm32f1xx_hal_pcd_ex.o
LOAD build/stm32f1xx_ll_usb.o
LOAD build/stm32f1xx_hal_adc.o
LOAD build/stm32f1xx_hal_adc_ex.o
LOAD build/usbd_core.o
LOAD build/usbd_ctlreq.o
LOAD build/usbd_ioreq.o
LOAD build/srv_sens_input.o
LOAD build/srv_sens_output.o
LOAD build/srv_sens_main.o
LOAD build/usbd_cdc.o
LOAD build/startup_stm32f103xb.o
LOAD c:/program files (x86)/gnu arm embedded toolchain/10 2021.10/bin/../lib/gcc/arm-none-eabi/10.3.1/../../../../arm-none-eabi/lib/thumb/v7-m/nofp\libc_nano.a
LOAD c:/program files (x86)/gnu arm embedded toolchain/10 2021.10/bin/../lib/gcc/arm-none-eabi/10.3.1/../../../../arm-none-eabi/lib/thumb/v7-m/nofp\libm.a
LOAD c:/program files (x86)/gnu arm embedded toolchain/10 2021.10/bin/../lib/gcc/arm-none-eabi/10.3.1/../../../../arm-none-eabi/lib/thumb/v7-m/nofp\libnosys.a
START GROUP
LOAD c:/program files (x86)/gnu arm embedded toolchain/10 2021.10/bin/../lib/gcc/arm-none-eabi/10.3.1/thumb/v7-m/nofp\libgcc.a
LOAD c:/program files (x86)/gnu arm embedded toolchain/10 2021.10/bin/../lib/gcc/arm-none-eabi/10.3.1/../../../../arm-none-eabi/lib/thumb/v7-m/nofp\libc_nano.a
END GROUP
START GROUP
LOAD c:/program files (x86)/gnu arm embedded toolchain/10 2021.10/bin/../lib/gcc/arm-none-eabi/10.3.1/thumb/v7-m/nofp\libgcc.a
LOAD c:/program files (x86)/gnu arm embedded toolchain/10 2021.10/bin/../lib/gcc/arm-none-eabi/10.3.1/../../../../arm-none-eabi/lib/thumb/v7-m/nofp\libc_nano.a
END GROUP
LOAD c:/program files (x86)/gnu arm embedded toolchain/10 2021.10/bin/../lib/gcc/arm-none-eabi/10.3.1/thumb/v7-m/nofp/crtend.o
LOAD c:/program files (x86)/gnu arm embedded toolchain/10 2021.10/bin/../lib/gcc/arm-none-eabi/10.3.1/thumb/v7-m/nofp/crtn.o
                0x20005000                _estack = (ORIGIN (RAM) + LENGTH (RAM))
                0x00000200                _Min_Heap_Size = 0x200
                0x00000400                _Min_Stack_Size = 0x400

.isr_vector     0x08000000      0x10c
                0x08000000                . = ALIGN (0x4)
 *(.isr_vector)
 .isr_vector    0x08000000      0x10c build/startup_stm32f103xb.o
                0x08000000                g_pfnVectors
                0x0800010c                . = ALIGN (0x4)

.text           0x08000110     0x509c
                0x08000110                . = ALIGN (0x4)
 *(.text)
 .text          0x08000110       0x40 c:/program files (x86)/gnu arm embedded toolchain/10 2021.10/bin/../lib/gcc/arm-none-eabi/10.3.1/thumb/v7-m/nofp/crtbegin.o
 .text          0x08000150      0x254 c:/program files (x86)/gnu arm embedded toolchain/10 2021.10/bin/../lib/gcc/arm-none-eabi/10.3.1/thumb/v7-m/nofp\libgcc.a(_arm_muldf3.o)
                0x08000150                __muldf3
                0x08000150                __aeabi_dmul
 .text          0x080003a4      0x378 c:/program files (x86)/gnu arm embedded toolchain/10 2021.10/bin/../lib/gcc/arm-none-eabi/10.3.1/thumb/v7-m/nofp\libgcc.a(_arm_addsubdf3.o)
                0x080003a4                __aeabi_drsub
                0x080003ac                __aeabi_dsub
                0x080003ac                __subdf3
                0x080003b0                __aeabi_dadd
                0x080003b0                __adddf3
                0x08000628                __floatunsidf
                0x08000628                __aeabi_ui2d
                0x08000648                __floatsidf
                0x08000648                __aeabi_i2d
                0x0800066c                __aeabi_f2d
                0x0800066c                __extendsfdf2
                0x080006b0                __floatundidf
                0x080006b0                __aeabi_ul2d
                0x080006c0                __floatdidf
                0x080006c0                __aeabi_l2d
 .text          0x0800071c       0xa0 c:/program files (x86)/gnu arm embedded toolchain/10 2021.10/bin/../lib/gcc/arm-none-eabi/10.3.1/thumb/v7-m/nofp\libgcc.a(_arm_truncdfsf2.o)
                0x0800071c                __truncdfsf2
                0x0800071c                __aeabi_d2f
 .text          0x080007bc      0x21c c:/program files (x86)/gnu arm embedded toolchain/10 2021.10/bin/../lib/gcc/arm-none-eabi/10.3.1/thumb/v7-m/nofp\libgcc.a(_arm_addsubsf3.o)
                0x080007bc                __aeabi_frsub
                0x080007c4                __subsf3
                0x080007c4                __aeabi_fsub
                0x080007c8                __aeabi_fadd
                0x080007c8                __addsf3
                0x08000928                __aeabi_ui2f
                0x08000928                __floatunsisf
                0x08000930                __aeabi_i2f
                0x08000930                __floatsisf
                0x0800094c                __aeabi_ul2f
                0x0800094c                __floatundisf
                0x0800095c                __aeabi_l2f
                0x0800095c                __floatdisf
 .text          0x080009d8      0x2a0 c:/program files (x86)/gnu arm embedded toolchain/10 2021.10/bin/../lib/gcc/arm-none-eabi/10.3.1/thumb/v7-m/nofp\libgcc.a(_arm_muldivsf3.o)
                0x080009d8                __mulsf3
                0x080009d8                __aeabi_fmul
                0x08000b40                __aeabi_fdiv
                0x08000b40                __divsf3
 *(.text*)
 .text.MX_GPIO_Init
                0x08000c78       0x30 build/main.o
 .text.Error_Handler
                0x08000ca8        0x4 build/main.o
                0x08000ca8                Error_Handler
 .text.MX_ADC1_Init
                0x08000cac       0x54 build/main.o
 .text.SystemClock_Config
                0x08000d00       0x8c build/main.o
                0x08000d00                SystemClock_Config
 .text.main     0x08000d8c       0x20 build/main.o
                0x08000d8c                main
 .text.NMI_Handler
                0x08000dac        0x2 build/stm32f1xx_it.o
                0x08000dac                NMI_Handler
 .text.HardFault_Handler
                0x08000dae        0x2 build/stm32f1xx_it.o
                0x08000dae                HardFault_Handler
 .text.MemManage_Handler
                0x08000db0        0x2 build/stm32f1xx_it.o
                0x08000db0                MemManage_Handler
 .text.BusFault_Handler
                0x08000db2        0x2 build/stm32f1xx_it.o
                0x08000db2                BusFault_Handler
 .text.UsageFault_Handler
                0x08000db4        0x2 build/stm32f1xx_it.o
                0x08000db4                UsageFault_Handler
 .text.SVC_Handler
                0x08000db6        0x2 build/stm32f1xx_it.o
                0x08000db6                SVC_Handler
 .text.DebugMon_Handler
                0x08000db8        0x2 build/stm32f1xx_it.o
                0x08000db8                DebugMon_Handler
 .text.PendSV_Handler
                0x08000dba        0x2 build/stm32f1xx_it.o
                0x08000dba                PendSV_Handler
 .text.SysTick_Handler
                0x08000dbc        0x8 build/stm32f1xx_it.o
                0x08000dbc                SysTick_Handler
 .text.USB_LP_CAN1_RX0_IRQHandler
                0x08000dc4       0x10 build/stm32f1xx_it.o
                0x08000dc4                USB_LP_CAN1_RX0_IRQHandler
 .text.HAL_MspInit
                0x08000dd4       0x44 build/stm32f1xx_hal_msp.o
                0x08000dd4                HAL_MspInit
 .text.HAL_ADC_MspInit
                0x08000e18       0x60 build/stm32f1xx_hal_msp.o
                0x08000e18                HAL_ADC_MspInit
 .text.HAL_InitTick
                0x08000e78       0x4c build/stm32f1xx_hal.o
                0x08000e78                HAL_InitTick
 .text.HAL_Init
                0x08000ec4       0x24 build/stm32f1xx_hal.o
                0x08000ec4                HAL_Init
 .text.HAL_IncTick
                0x08000ee8       0x18 build/stm32f1xx_hal.o
                0x08000ee8                HAL_IncTick
 .text.HAL_GetTick
                0x08000f00        0xc build/stm32f1xx_hal.o
                0x08000f00                HAL_GetTick
 .text.HAL_Delay
                0x08000f0c       0x28 build/stm32f1xx_hal.o
                0x08000f0c                HAL_Delay
 .text.RCC_Delay
                0x08000f34       0x2c build/stm32f1xx_hal_rcc.o
 .text.HAL_RCC_OscConfig
                0x08000f60      0x410 build/stm32f1xx_hal_rcc.o
                0x08000f60                HAL_RCC_OscConfig
 .text.HAL_RCC_GetSysClockFreq
                0x08001370       0x70 build/stm32f1xx_hal_rcc.o
                0x08001370                HAL_RCC_GetSysClockFreq
 .text.HAL_RCC_ClockConfig
                0x080013e0      0x16c build/stm32f1xx_hal_rcc.o
                0x080013e0                HAL_RCC_ClockConfig
 .text.HAL_RCC_GetHCLKFreq
                0x0800154c        0xc build/stm32f1xx_hal_rcc.o
                0x0800154c                HAL_RCC_GetHCLKFreq
 .text.HAL_RCC_GetPCLK2Freq
                0x08001558       0x20 build/stm32f1xx_hal_rcc.o
                0x08001558                HAL_RCC_GetPCLK2Freq
 .text.HAL_RCCEx_PeriphCLKConfig
                0x08001578      0x118 build/stm32f1xx_hal_rcc_ex.o
                0x08001578                HAL_RCCEx_PeriphCLKConfig
 .text.HAL_RCCEx_GetPeriphCLKFreq
                0x08001690      0x100 build/stm32f1xx_hal_rcc_ex.o
                0x08001690                HAL_RCCEx_GetPeriphCLKFreq
 .text.HAL_GPIO_Init
                0x08001790      0x224 build/stm32f1xx_hal_gpio.o
                0x08001790                HAL_GPIO_Init
 .text.HAL_NVIC_SetPriorityGrouping
                0x080019b4       0x24 build/stm32f1xx_hal_cortex.o
                0x080019b4                HAL_NVIC_SetPriorityGrouping
 .text.HAL_NVIC_SetPriority
                0x080019d8       0x70 build/stm32f1xx_hal_cortex.o
                0x080019d8                HAL_NVIC_SetPriority
 .text.HAL_NVIC_EnableIRQ
                0x08001a48       0x1c build/stm32f1xx_hal_cortex.o
                0x08001a48                HAL_NVIC_EnableIRQ
 .text.HAL_SYSTICK_Config
                0x08001a64       0x28 build/stm32f1xx_hal_cortex.o
                0x08001a64                HAL_SYSTICK_Config
 .text.SystemInit
                0x08001a8c        0x2 build/system_stm32f1xx.o
                0x08001a8c                SystemInit
 *fill*         0x08001a8e        0x2 
 .text.MX_USB_DEVICE_Init
                0x08001a90       0x54 build/usb_device.o
                0x08001a90                MX_USB_DEVICE_Init
 .text.USBD_FS_DeviceDescriptor
                0x08001ae4        0xc build/usbd_desc.o
                0x08001ae4                USBD_FS_DeviceDescriptor
 .text.USBD_FS_LangIDStrDescriptor
                0x08001af0        0xc build/usbd_desc.o
                0x08001af0                USBD_FS_LangIDStrDescriptor
 .text.IntToUnicode
                0x08001afc       0x46 build/usbd_desc.o
 *fill*         0x08001b42        0x2 
 .text.Get_SerialNum
                0x08001b44       0x38 build/usbd_desc.o
 .text.USBD_FS_SerialStrDescriptor
                0x08001b7c       0x14 build/usbd_desc.o
                0x08001b7c                USBD_FS_SerialStrDescriptor
 .text.USBD_FS_ProductStrDescriptor
                0x08001b90       0x24 build/usbd_desc.o
                0x08001b90                USBD_FS_ProductStrDescriptor
 .text.USBD_FS_ManufacturerStrDescriptor
                0x08001bb4       0x1c build/usbd_desc.o
                0x08001bb4                USBD_FS_ManufacturerStrDescriptor
 .text.USBD_FS_ConfigStrDescriptor
                0x08001bd0       0x24 build/usbd_desc.o
                0x08001bd0                USBD_FS_ConfigStrDescriptor
 .text.USBD_FS_InterfaceStrDescriptor
                0x08001bf4       0x24 build/usbd_desc.o
                0x08001bf4                USBD_FS_InterfaceStrDescriptor
 .text.CDC_DeInit_FS
                0x08001c18        0x4 build/usbd_cdc_if.o
 .text.CDC_Control_FS
                0x08001c1c        0x4 build/usbd_cdc_if.o
 .text.CDC_Receive_FS
                0x08001c20       0x1c build/usbd_cdc_if.o
 .text.CDC_Init_FS
                0x08001c3c       0x28 build/usbd_cdc_if.o
 .text.USBD_Get_USB_Status
                0x08001c64       0x14 build/usbd_conf.o
 .text.HAL_PCD_MspInit
                0x08001c78       0x40 build/usbd_conf.o
                0x08001c78                HAL_PCD_MspInit
 .text.HAL_PCD_SetupStageCallback
                0x08001cb8       0x10 build/usbd_conf.o
                0x08001cb8                HAL_PCD_SetupStageCallback
 .text.HAL_PCD_DataOutStageCallback
                0x08001cc8       0x18 build/usbd_conf.o
                0x08001cc8                HAL_PCD_DataOutStageCallback
 .text.HAL_PCD_DataInStageCallback
                0x08001ce0       0x16 build/usbd_conf.o
                0x08001ce0                HAL_PCD_DataInStageCallback
 .text.HAL_PCD_SOFCallback
                0x08001cf6        0xc build/usbd_conf.o
                0x08001cf6                HAL_PCD_SOFCallback
 .text.HAL_PCD_ResetCallback
                0x08001d02       0x24 build/usbd_conf.o
                0x08001d02                HAL_PCD_ResetCallback
 *fill*         0x08001d26        0x2 
 .text.HAL_PCD_SuspendCallback
                0x08001d28       0x20 build/usbd_conf.o
                0x08001d28                HAL_PCD_SuspendCallback
 .text.HAL_PCD_ResumeCallback
                0x08001d48        0xc build/usbd_conf.o
                0x08001d48                HAL_PCD_ResumeCallback
 .text.USBD_LL_Init
                0x08001d54       0x84 build/usbd_conf.o
                0x08001d54                USBD_LL_Init
 .text.USBD_LL_Start
                0x08001dd8       0x10 build/usbd_conf.o
                0x08001dd8                USBD_LL_Start
 .text.USBD_LL_OpenEP
                0x08001de8       0x16 build/usbd_conf.o
                0x08001de8                USBD_LL_OpenEP
 .text.USBD_LL_CloseEP
                0x08001dfe       0x10 build/usbd_conf.o
                0x08001dfe                USBD_LL_CloseEP
 .text.USBD_LL_StallEP
                0x08001e0e       0x10 build/usbd_conf.o
                0x08001e0e                USBD_LL_StallEP
 .text.USBD_LL_ClearStallEP
                0x08001e1e       0x10 build/usbd_conf.o
                0x08001e1e                USBD_LL_ClearStallEP
 .text.USBD_LL_IsStallEP
                0x08001e2e       0x2e build/usbd_conf.o
                0x08001e2e                USBD_LL_IsStallEP
 .text.USBD_LL_SetUSBAddress
                0x08001e5c       0x10 build/usbd_conf.o
                0x08001e5c                USBD_LL_SetUSBAddress
 .text.USBD_LL_Transmit
                0x08001e6c       0x10 build/usbd_conf.o
                0x08001e6c                USBD_LL_Transmit
 .text.USBD_LL_PrepareReceive
                0x08001e7c       0x10 build/usbd_conf.o
                0x08001e7c                USBD_LL_PrepareReceive
 .text.USBD_LL_GetRxDataSize
                0x08001e8c        0xc build/usbd_conf.o
                0x08001e8c                USBD_LL_GetRxDataSize
 .text.USBD_static_malloc
                0x08001e98        0x8 build/usbd_conf.o
                0x08001e98                USBD_static_malloc
 .text.USBD_static_free
                0x08001ea0        0x2 build/usbd_conf.o
                0x08001ea0                USBD_static_free
 .text.HAL_PCDEx_SetConnectionState
                0x08001ea2        0x2 build/usbd_conf.o
                0x08001ea2                HAL_PCDEx_SetConnectionState
 .text.HAL_PCD_EP_DB_Receive
                0x08001ea4      0x11c build/stm32f1xx_hal_pcd.o
 .text.HAL_PCD_Init
                0x08001fc0      0x118 build/stm32f1xx_hal_pcd.o
                0x08001fc0                HAL_PCD_Init
 .text.HAL_PCD_Start
                0x080020d8       0x32 build/stm32f1xx_hal_pcd.o
                0x080020d8                HAL_PCD_Start
 .text.HAL_PCD_EP_DB_Transmit
                0x0800210a      0x420 build/stm32f1xx_hal_pcd.o
 .text.PCD_EP_ISR_Handler
                0x0800252a      0x438 build/stm32f1xx_hal_pcd.o
 .text.HAL_PCD_SetAddress
                0x08002962       0x28 build/stm32f1xx_hal_pcd.o
                0x08002962                HAL_PCD_SetAddress
 .text.HAL_PCD_IRQHandler
                0x0800298a      0x1d4 build/stm32f1xx_hal_pcd.o
                0x0800298a                HAL_PCD_IRQHandler
 .text.HAL_PCD_EP_Open
                0x08002b5e       0x84 build/stm32f1xx_hal_pcd.o
                0x08002b5e                HAL_PCD_EP_Open
 .text.HAL_PCD_EP_Close
                0x08002be2       0x64 build/stm32f1xx_hal_pcd.o
                0x08002be2                HAL_PCD_EP_Close
 .text.HAL_PCD_EP_Receive
                0x08002c46       0x44 build/stm32f1xx_hal_pcd.o
                0x08002c46                HAL_PCD_EP_Receive
 .text.HAL_PCD_EP_GetRxCount
                0x08002c8a       0x12 build/stm32f1xx_hal_pcd.o
                0x08002c8a                HAL_PCD_EP_GetRxCount
 .text.HAL_PCD_EP_Transmit
                0x08002c9c       0x50 build/stm32f1xx_hal_pcd.o
                0x08002c9c                HAL_PCD_EP_Transmit
 .text.HAL_PCD_EP_SetStall
                0x08002cec       0x78 build/stm32f1xx_hal_pcd.o
                0x08002cec                HAL_PCD_EP_SetStall
 .text.HAL_PCD_EP_ClrStall
                0x08002d64       0x76 build/stm32f1xx_hal_pcd.o
                0x08002d64                HAL_PCD_EP_ClrStall
 .text.HAL_PCDEx_PMAConfig
                0x08002dda       0x38 build/stm32f1xx_hal_pcd_ex.o
                0x08002dda                HAL_PCDEx_PMAConfig
 .text.USB_CoreInit
                0x08002e12        0xe build/stm32f1xx_ll_usb.o
                0x08002e12                USB_CoreInit
 .text.USB_EnableGlobalInt
                0x08002e20       0x12 build/stm32f1xx_ll_usb.o
                0x08002e20                USB_EnableGlobalInt
 .text.USB_DisableGlobalInt
                0x08002e32       0x14 build/stm32f1xx_ll_usb.o
                0x08002e32                USB_DisableGlobalInt
 .text.USB_SetCurrentMode
                0x08002e46        0x4 build/stm32f1xx_ll_usb.o
                0x08002e46                USB_SetCurrentMode
 .text.USB_DevInit
                0x08002e4a       0x22 build/stm32f1xx_ll_usb.o
                0x08002e4a                USB_DevInit
 .text.USB_ActivateEndpoint
                0x08002e6c      0x378 build/stm32f1xx_ll_usb.o
                0x08002e6c                USB_ActivateEndpoint
 .text.USB_DeactivateEndpoint
                0x080031e4      0x1d6 build/stm32f1xx_ll_usb.o
                0x080031e4                USB_DeactivateEndpoint
 .text.USB_EPSetStall
                0x080033ba       0x4a build/stm32f1xx_ll_usb.o
                0x080033ba                USB_EPSetStall
 .text.USB_EPClearStall
                0x08003404       0xa2 build/stm32f1xx_ll_usb.o
                0x08003404                USB_EPClearStall
 .text.USB_SetDevAddress
                0x080034a6        0xc build/stm32f1xx_ll_usb.o
                0x080034a6                USB_SetDevAddress
 .text.USB_DevConnect
                0x080034b2        0x4 build/stm32f1xx_ll_usb.o
                0x080034b2                USB_DevConnect
 .text.USB_DevDisconnect
                0x080034b6        0x4 build/stm32f1xx_ll_usb.o
                0x080034b6                USB_DevDisconnect
 .text.USB_ReadInterrupts
                0x080034ba        0x8 build/stm32f1xx_ll_usb.o
                0x080034ba                USB_ReadInterrupts
 .text.USB_EP0_OutStart
                0x080034c2        0x4 build/stm32f1xx_ll_usb.o
                0x080034c2                USB_EP0_OutStart
 .text.USB_WritePMA
                0x080034c6       0x28 build/stm32f1xx_ll_usb.o
                0x080034c6                USB_WritePMA
 .text.USB_EPStartXfer
                0x080034ee      0x8b2 build/stm32f1xx_ll_usb.o
                0x080034ee                USB_EPStartXfer
 .text.USB_ReadPMA
                0x08003da0       0x30 build/stm32f1xx_ll_usb.o
                0x08003da0                USB_ReadPMA
 .text.HAL_ADC_PollForConversion
                0x08003dd0      0x184 build/stm32f1xx_hal_adc.o
                0x08003dd0                HAL_ADC_PollForConversion
 .text.HAL_ADC_GetValue
                0x08003f54        0x6 build/stm32f1xx_hal_adc.o
                0x08003f54                HAL_ADC_GetValue
 *fill*         0x08003f5a        0x2 
 .text.HAL_ADC_ConfigChannel
                0x08003f5c      0x144 build/stm32f1xx_hal_adc.o
                0x08003f5c                HAL_ADC_ConfigChannel
 .text.ADC_Enable
                0x080040a0       0x88 build/stm32f1xx_hal_adc.o
                0x080040a0                ADC_Enable
 .text.HAL_ADC_Start
                0x08004128       0xe8 build/stm32f1xx_hal_adc.o
                0x08004128                HAL_ADC_Start
 .text.ADC_ConversionStop_Disable
                0x08004210       0x56 build/stm32f1xx_hal_adc.o
                0x08004210                ADC_ConversionStop_Disable
 *fill*         0x08004266        0x2 
 .text.HAL_ADC_Init
                0x08004268      0x108 build/stm32f1xx_hal_adc.o
                0x08004268                HAL_ADC_Init
 .text.HAL_ADC_Stop
                0x08004370       0x34 build/stm32f1xx_hal_adc.o
                0x08004370                HAL_ADC_Stop
 .text.USBD_Init
                0x080043a4       0x2e build/usbd_core.o
                0x080043a4                USBD_Init
 .text.USBD_RegisterClass
                0x080043d2        0xe build/usbd_core.o
                0x080043d2                USBD_RegisterClass
 .text.USBD_Start
                0x080043e0        0xa build/usbd_core.o
                0x080043e0                USBD_Start
 .text.USBD_SetClassConfig
                0x080043ea       0x18 build/usbd_core.o
                0x080043ea                USBD_SetClassConfig
 .text.USBD_ClrClassConfig
                0x08004402        0xe build/usbd_core.o
                0x08004402                USBD_ClrClassConfig
 .text.USBD_LL_SetupStage
                0x08004410       0x5a build/usbd_core.o
                0x08004410                USBD_LL_SetupStage
 .text.USBD_LL_DataOutStage
                0x0800446a       0x8c build/usbd_core.o
                0x0800446a                USBD_LL_DataOutStage
 .text.USBD_LL_DataInStage
                0x080044f6       0xd0 build/usbd_core.o
                0x080044f6                USBD_LL_DataInStage
 .text.USBD_LL_Reset
                0x080045c6       0x50 build/usbd_core.o
                0x080045c6                USBD_LL_Reset
 .text.USBD_LL_SetSpeed
                0x08004616        0x6 build/usbd_core.o
                0x08004616                USBD_LL_SetSpeed
 .text.USBD_LL_Suspend
                0x0800461c       0x12 build/usbd_core.o
                0x0800461c                USBD_LL_Suspend
 .text.USBD_LL_Resume
                0x0800462e       0x16 build/usbd_core.o
                0x0800462e                USBD_LL_Resume
 .text.USBD_LL_SOF
                0x08004644       0x1c build/usbd_core.o
                0x08004644                USBD_LL_SOF
 .text.USBD_GetLen
                0x08004660       0x14 build/usbd_ctlreq.o
 .text.USBD_SetFeature
                0x08004674       0x14 build/usbd_ctlreq.o
 .text.USBD_ParseSetupRequest
                0x08004688       0x28 build/usbd_ctlreq.o
                0x08004688                USBD_ParseSetupRequest
 .text.USBD_CtlError
                0x080046b0       0x14 build/usbd_ctlreq.o
                0x080046b0                USBD_CtlError
 .text.USBD_GetDescriptor
                0x080046c4      0x186 build/usbd_ctlreq.o
 .text.USBD_SetAddress
                0x0800484a       0x4e build/usbd_ctlreq.o
 .text.USBD_SetConfig
                0x08004898       0xb0 build/usbd_ctlreq.o
 .text.USBD_GetConfig
                0x08004948       0x3e build/usbd_ctlreq.o
 .text.USBD_GetStatus
                0x08004986       0x38 build/usbd_ctlreq.o
 .text.USBD_ClrFeature
                0x080049be       0x26 build/usbd_ctlreq.o
 .text.USBD_StdDevReq
                0x080049e4       0x68 build/usbd_ctlreq.o
                0x080049e4                USBD_StdDevReq
 .text.USBD_StdItfReq
                0x08004a4c       0x60 build/usbd_ctlreq.o
                0x08004a4c                USBD_StdItfReq
 .text.USBD_StdEPReq
                0x08004aac      0x1e2 build/usbd_ctlreq.o
                0x08004aac                USBD_StdEPReq
 .text.USBD_GetString
                0x08004c8e       0x3a build/usbd_ctlreq.o
                0x08004c8e                USBD_GetString
 .text.USBD_CtlSendData
                0x08004cc8       0x1a build/usbd_ioreq.o
                0x08004cc8                USBD_CtlSendData
 .text.USBD_CtlContinueSendData
                0x08004ce2       0x10 build/usbd_ioreq.o
                0x08004ce2                USBD_CtlContinueSendData
 .text.USBD_CtlPrepareRx
                0x08004cf2       0x1e build/usbd_ioreq.o
                0x08004cf2                USBD_CtlPrepareRx
 .text.USBD_CtlContinueRx
                0x08004d10       0x10 build/usbd_ioreq.o
                0x08004d10                USBD_CtlContinueRx
 .text.USBD_CtlSendStatus
                0x08004d20       0x16 build/usbd_ioreq.o
                0x08004d20                USBD_CtlSendStatus
 .text.USBD_CtlReceiveStatus
                0x08004d36       0x16 build/usbd_ioreq.o
                0x08004d36                USBD_CtlReceiveStatus
 .text.srv_sens_init
                0x08004d4c       0x30 build/srv_sens_main.o
                0x08004d4c                srv_sens_init
 *fill*         0x08004d7c        0x4 
 .text.srv_sens_main
                0x08004d80       0x80 build/srv_sens_main.o
                0x08004d80                srv_sens_main
 .text.USBD_CDC_EP0_RxReady
                0x08004e00       0x28 build/usbd_cdc.o
 .text.USBD_CDC_GetFSCfgDesc
                0x08004e28        0xc build/usbd_cdc.o
 .text.USBD_CDC_GetHSCfgDesc
                0x08004e34        0xc build/usbd_cdc.o
 .text.USBD_CDC_GetOtherSpeedCfgDesc
                0x08004e40        0xc build/usbd_cdc.o
 .text.USBD_CDC_GetDeviceQualifierDescriptor
                0x08004e4c        0xc build/usbd_cdc.o
                0x08004e4c                USBD_CDC_GetDeviceQualifierDescriptor
 .text.USBD_CDC_DataOut
                0x08004e58       0x2e build/usbd_cdc.o
 .text.USBD_CDC_DataIn
                0x08004e86       0x4e build/usbd_cdc.o
 .text.USBD_CDC_Setup
                0x08004ed4       0xd6 build/usbd_cdc.o
 .text.USBD_CDC_DeInit
                0x08004faa       0x42 build/usbd_cdc.o
 .text.USBD_CDC_Init
                0x08004fec       0xaa build/usbd_cdc.o
 .text.USBD_CDC_RegisterInterface
                0x08005096        0xe build/usbd_cdc.o
                0x08005096                USBD_CDC_RegisterInterface
 .text.USBD_CDC_SetTxBuffer
                0x080050a4       0x10 build/usbd_cdc.o
                0x080050a4                USBD_CDC_SetTxBuffer
 .text.USBD_CDC_SetRxBuffer
                0x080050b4        0xc build/usbd_cdc.o
                0x080050b4                USBD_CDC_SetRxBuffer
 .text.USBD_CDC_ReceivePacket
                0x080050c0       0x30 build/usbd_cdc.o
                0x080050c0                USBD_CDC_ReceivePacket
 .text.Reset_Handler
                0x080050f0       0x48 build/startup_stm32f103xb.o
                0x080050f0                Reset_Handler
 .text.Default_Handler
                0x08005138        0x2 build/startup_stm32f103xb.o
                0x08005138                RTC_Alarm_IRQHandler
                0x08005138                EXTI2_IRQHandler
                0x08005138                TIM1_CC_IRQHandler
                0x08005138                PVD_IRQHandler
                0x08005138                EXTI3_IRQHandler
                0x08005138                EXTI0_IRQHandler
                0x08005138                I2C2_EV_IRQHandler
                0x08005138                ADC1_2_IRQHandler
                0x08005138                SPI1_IRQHandler
                0x08005138                TAMPER_IRQHandler
                0x08005138                DMA1_Channel4_IRQHandler
                0x08005138                USART3_IRQHandler
                0x08005138                RTC_IRQHandler
                0x08005138                DMA1_Channel7_IRQHandler
                0x08005138                CAN1_RX1_IRQHandler
                0x08005138                TIM4_IRQHandler
                0x08005138                I2C1_EV_IRQHandler
                0x08005138                DMA1_Channel6_IRQHandler
                0x08005138                TIM3_IRQHandler
                0x08005138                RCC_IRQHandler
                0x08005138                TIM1_TRG_COM_IRQHandler
                0x08005138                DMA1_Channel1_IRQHandler
                0x08005138                Default_Handler
                0x08005138                EXTI15_10_IRQHandler
                0x08005138                EXTI9_5_IRQHandler
                0x08005138                SPI2_IRQHandler
                0x08005138                DMA1_Channel5_IRQHandler
                0x08005138                EXTI4_IRQHandler
                0x08005138                USB_HP_CAN1_TX_IRQHandler
                0x08005138                DMA1_Channel3_IRQHandler
                0x08005138                TIM1_UP_IRQHandler
                0x08005138                WWDG_IRQHandler
                0x08005138                TIM2_IRQHandler
                0x08005138                TIM1_BRK_IRQHandler
                0x08005138                EXTI1_IRQHandler
                0x08005138                USART2_IRQHandler
                0x08005138                I2C2_ER_IRQHandler
                0x08005138                DMA1_Channel2_IRQHandler
                0x08005138                CAN1_SCE_IRQHandler
                0x08005138                FLASH_IRQHandler
                0x08005138                USART1_IRQHandler
                0x08005138                I2C1_ER_IRQHandler
                0x08005138                USBWakeUp_IRQHandler
 *fill*         0x0800513a        0x2 
 .text.__libc_init_array
                0x0800513c       0x48 c:/program files (x86)/gnu arm embedded toolchain/10 2021.10/bin/../lib/gcc/arm-none-eabi/10.3.1/../../../../arm-none-eabi/lib/thumb/v7-m/nofp\libc_nano.a(lib_a-init.o)
                0x0800513c                __libc_init_array
 .text.memset   0x08005184       0x10 c:/program files (x86)/gnu arm embedded toolchain/10 2021.10/bin/../lib/gcc/arm-none-eabi/10.3.1/../../../../arm-none-eabi/lib/thumb/v7-m/nofp\libc_nano.a(lib_a-memset.o)
                0x08005184                memset
 *(.glue_7)
 .glue_7        0x08005194        0x0 linker stubs
 *(.glue_7t)
 .glue_7t       0x08005194        0x0 linker stubs
 *(.eh_frame)
 .eh_frame      0x08005194        0x0 c:/program files (x86)/gnu arm embedded toolchain/10 2021.10/bin/../lib/gcc/arm-none-eabi/10.3.1/thumb/v7-m/nofp/crtbegin.o
 *(.init)
 .init          0x08005194        0x4 c:/program files (x86)/gnu arm embedded toolchain/10 2021.10/bin/../lib/gcc/arm-none-eabi/10.3.1/thumb/v7-m/nofp/crti.o
                0x08005194                _init
 .init          0x08005198        0x8 c:/program files (x86)/gnu arm embedded toolchain/10 2021.10/bin/../lib/gcc/arm-none-eabi/10.3.1/thumb/v7-m/nofp/crtn.o
 *(.fini)
 .fini          0x080051a0        0x4 c:/program files (x86)/gnu arm embedded toolchain/10 2021.10/bin/../lib/gcc/arm-none-eabi/10.3.1/thumb/v7-m/nofp/crti.o
                0x080051a0                _fini
 .fini          0x080051a4        0x8 c:/program files (x86)/gnu arm embedded toolchain/10 2021.10/bin/../lib/gcc/arm-none-eabi/10.3.1/thumb/v7-m/nofp/crtn.o
                0x080051ac                . = ALIGN (0x4)
                0x080051ac                _etext = .

.vfp11_veneer   0x080051ac        0x0
 .vfp11_veneer  0x080051ac        0x0 linker stubs

.v4_bx          0x080051ac        0x0
 .v4_bx         0x080051ac        0x0 linker stubs

.iplt           0x080051ac        0x0
 .iplt          0x080051ac        0x0 c:/program files (x86)/gnu arm embedded toolchain/10 2021.10/bin/../lib/gcc/arm-none-eabi/10.3.1/thumb/v7-m/nofp/crtbegin.o

.rodata         0x080051ac       0x6c
                0x080051ac                . = ALIGN (0x4)
 *(.rodata)
 *(.rodata*)
 .rodata.HAL_RCC_GetSysClockFreq.str1.4
                0x080051ac       0x11 build/stm32f1xx_hal_rcc.o
 .rodata.HAL_RCCEx_GetPeriphCLKFreq.str1.4
                0x080051bd       0x11 build/stm32f1xx_hal_rcc_ex.o
 *fill*         0x080051bd        0x3 
 .rodata.AHBPrescTable
                0x080051c0       0x10 build/system_stm32f1xx.o
                0x080051c0                AHBPrescTable
 .rodata.APBPrescTable
                0x080051d0        0x8 build/system_stm32f1xx.o
                0x080051d0                APBPrescTable
 .rodata.USBD_FS_ProductStrDescriptor.str1.4
                0x080051d8        0xe build/usbd_desc.o
 *fill*         0x080051e6        0x2 
 .rodata.USBD_FS_ManufacturerStrDescriptor.str1.4
                0x080051e8       0x13 build/usbd_desc.o
 *fill*         0x080051fb        0x1 
 .rodata.USBD_FS_ConfigStrDescriptor.str1.4
                0x080051fc        0xb build/usbd_desc.o
 *fill*         0x08005207        0x1 
 .rodata.USBD_FS_InterfaceStrDescriptor.str1.4
                0x08005208        0xe build/usbd_desc.o
                0x08005218                . = ALIGN (0x4)
 *fill*         0x08005216        0x2 

.rel.dyn        0x08005218        0x0
 .rel.iplt      0x08005218        0x0 c:/program files (x86)/gnu arm embedded toolchain/10 2021.10/bin/../lib/gcc/arm-none-eabi/10.3.1/thumb/v7-m/nofp/crtbegin.o

.ARM.extab
 *(.ARM.extab* .gnu.linkonce.armextab.*)

.ARM            0x08005218        0x0
                0x08005218                __exidx_start = .
 *(.ARM.exidx*)
                0x08005218                __exidx_end = .

.preinit_array  0x08005218        0x0
                0x08005218                PROVIDE (__preinit_array_start = .)
 *(.preinit_array*)
                0x08005218                PROVIDE (__preinit_array_end = .)

.init_array     0x08005218        0x4
                0x08005218                PROVIDE (__init_array_start = .)
 *(SORT_BY_NAME(.init_array.*))
 *(.init_array*)
 .init_array    0x08005218        0x4 c:/program files (x86)/gnu arm embedded toolchain/10 2021.10/bin/../lib/gcc/arm-none-eabi/10.3.1/thumb/v7-m/nofp/crtbegin.o
                0x0800521c                PROVIDE (__init_array_end = .)

.fini_array     0x0800521c        0x4
                [!provide]                PROVIDE (__fini_array_start = .)
 *(SORT_BY_NAME(.fini_array.*))
 *(.fini_array*)
 .fini_array    0x0800521c        0x4 c:/program files (x86)/gnu arm embedded toolchain/10 2021.10/bin/../lib/gcc/arm-none-eabi/10.3.1/thumb/v7-m/nofp/crtbegin.o
                [!provide]                PROVIDE (__fini_array_end = .)
                0x08005220                _sidata = LOADADDR (.data)

.data           0x20000000      0x17c load address 0x08005220
                0x20000000                . = ALIGN (0x4)
                0x20000000                _sdata = .
 *(.data)
 *(.data*)
 .data.uwTickFreq
                0x20000000        0x1 build/stm32f1xx_hal.o
                0x20000000                uwTickFreq
 *fill*         0x20000001        0x3 
 .data.uwTickPrio
                0x20000004        0x4 build/stm32f1xx_hal.o
                0x20000004                uwTickPrio
 .data.SystemCoreClock
                0x20000008        0x4 build/system_stm32f1xx.o
                0x20000008                SystemCoreClock
 .data.FS_Desc  0x2000000c       0x1c build/usbd_desc.o
                0x2000000c                FS_Desc
 .data.USBD_FS_DeviceDesc
                0x20000028       0x12 build/usbd_desc.o
                0x20000028                USBD_FS_DeviceDesc
 *fill*         0x2000003a        0x2 
 .data.USBD_LangIDDesc
                0x2000003c        0x4 build/usbd_desc.o
                0x2000003c                USBD_LangIDDesc
 .data.USBD_StringSerial
                0x20000040       0x1a build/usbd_desc.o
                0x20000040                USBD_StringSerial
 *fill*         0x2000005a        0x2 
 .data.USBD_Interface_fops_FS
                0x2000005c       0x10 build/usbd_cdc_if.o
                0x2000005c                USBD_Interface_fops_FS
 .data.USBD_CDC
                0x2000006c       0x38 build/usbd_cdc.o
                0x2000006c                USBD_CDC
 .data.USBD_CDC_CfgFSDesc
                0x200000a4       0x43 build/usbd_cdc.o
                0x200000a4                USBD_CDC_CfgFSDesc
 *fill*         0x200000e7        0x1 
 .data.USBD_CDC_CfgHSDesc
                0x200000e8       0x43 build/usbd_cdc.o
                0x200000e8                USBD_CDC_CfgHSDesc
 *fill*         0x2000012b        0x1 
 .data.USBD_CDC_DeviceQualifierDesc
                0x2000012c        0xa build/usbd_cdc.o
 *fill*         0x20000136        0x2 
 .data.USBD_CDC_OtherSpeedCfgDesc
                0x20000138       0x43 build/usbd_cdc.o
                0x20000138                USBD_CDC_OtherSpeedCfgDesc
                0x2000017c                . = ALIGN (0x4)
 *fill*         0x2000017b        0x1 
                0x2000017c                _edata = .

.igot.plt       0x2000017c        0x0 load address 0x0800539c
 .igot.plt      0x2000017c        0x0 c:/program files (x86)/gnu arm embedded toolchain/10 2021.10/bin/../lib/gcc/arm-none-eabi/10.3.1/thumb/v7-m/nofp/crtbegin.o
                0x2000017c                . = ALIGN (0x4)

.bss            0x2000017c     0x1374 load address 0x0800539c
                0x2000017c                _sbss = .
                0x2000017c                __bss_start__ = _sbss
 *(.bss)
 .bss           0x2000017c       0x1c c:/program files (x86)/gnu arm embedded toolchain/10 2021.10/bin/../lib/gcc/arm-none-eabi/10.3.1/thumb/v7-m/nofp/crtbegin.o
 *(.bss*)
 .bss.hadc1     0x20000198       0x30 build/main.o
                0x20000198                hadc1
 .bss.uwTick    0x200001c8        0x4 build/stm32f1xx_hal.o
                0x200001c8                uwTick
 .bss.hUsbDeviceFS
                0x200001cc      0x2c4 build/usb_device.o
                0x200001cc                hUsbDeviceFS
 .bss.USBD_StrDesc
                0x20000490      0x200 build/usbd_desc.o
                0x20000490                USBD_StrDesc
 .bss.UserRxBufferFS
                0x20000690      0x3e8 build/usbd_cdc_if.o
                0x20000690                UserRxBufferFS
 .bss.UserTxBufferFS
                0x20000a78      0x3e8 build/usbd_cdc_if.o
                0x20000a78                UserTxBufferFS
 .bss.hpcd_USB_FS
                0x20000e60      0x2ec build/usbd_conf.o
                0x20000e60                hpcd_USB_FS
 .bss.mem.0     0x2000114c      0x220 build/usbd_conf.o
 .bss.cfgidx.0  0x2000136c        0x1 build/usbd_ctlreq.o
 *fill*         0x2000136d        0x3 
 .bss.data_meadian
                0x20001370       0x10 build/srv_sens_main.o
                0x20001370                data_meadian
 .bss.hadc      0x20001380       0x30 build/srv_sens_main.o
                0x20001380                hadc
 .bss.sensor_readings
                0x200013b0      0x140 build/srv_sens_main.o
                0x200013b0                sensor_readings
 *(COMMON)
                0x200014f0                . = ALIGN (0x4)
                0x200014f0                _ebss = .
                0x200014f0                __bss_end__ = _ebss

._user_heap_stack
                0x200014f0      0x600 load address 0x0800539c
                0x200014f0                . = ALIGN (0x8)
                [!provide]                PROVIDE (end = .)
                [!provide]                PROVIDE (_end = .)
                0x200016f0                . = (. + _Min_Heap_Size)
 *fill*         0x200014f0      0x200 
                0x20001af0                . = (. + _Min_Stack_Size)
 *fill*         0x200016f0      0x400 
                0x20001af0                . = ALIGN (0x8)

/DISCARD/
 libc.a(*)
 libm.a(*)
 libgcc.a(*)

.ARM.attributes
                0x00000000       0x29
 *(.ARM.attributes)
 .ARM.attributes
                0x00000000       0x1d c:/program files (x86)/gnu arm embedded toolchain/10 2021.10/bin/../lib/gcc/arm-none-eabi/10.3.1/thumb/v7-m/nofp/crti.o
 .ARM.attributes
                0x0000001d       0x2d c:/program files (x86)/gnu arm embedded toolchain/10 2021.10/bin/../lib/gcc/arm-none-eabi/10.3.1/thumb/v7-m/nofp/crtbegin.o
 .ARM.attributes
                0x0000004a       0x2d build/main.o
 .ARM.attributes
                0x00000077       0x2d build/stm32f1xx_it.o
 .ARM.attributes
                0x000000a4       0x2d build/stm32f1xx_hal_msp.o
 .ARM.attributes
                0x000000d1       0x2d build/stm32f1xx_hal.o
 .ARM.attributes
                0x000000fe       0x2d build/stm32f1xx_hal_rcc.o
 .ARM.attributes
                0x0000012b       0x2d build/stm32f1xx_hal_rcc_ex.o
 .ARM.attributes
                0x00000158       0x2d build/stm32f1xx_hal_gpio.o
 .ARM.attributes
                0x00000185       0x2d build/stm32f1xx_hal_cortex.o
 .ARM.attributes
                0x000001b2       0x2d build/system_stm32f1xx.o
 .ARM.attributes
                0x000001df       0x2d build/usb_device.o
 .ARM.attributes
                0x0000020c       0x2d build/usbd_desc.o
 .ARM.attributes
                0x00000239       0x2d build/usbd_cdc_if.o
 .ARM.attributes
                0x00000266       0x2d build/usbd_conf.o
 .ARM.attributes
                0x00000293       0x2d build/stm32f1xx_hal_pcd.o
 .ARM.attributes
                0x000002c0       0x2d build/stm32f1xx_hal_pcd_ex.o
 .ARM.attributes
                0x000002ed       0x2d build/stm32f1xx_ll_usb.o
 .ARM.attributes
                0x0000031a       0x2d build/stm32f1xx_hal_adc.o
 .ARM.attributes
                0x00000347       0x2d build/usbd_core.o
 .ARM.attributes
                0x00000374       0x2d build/usbd_ctlreq.o
 .ARM.attributes
                0x000003a1       0x2d build/usbd_ioreq.o
 .ARM.attributes
                0x000003ce       0x2d build/srv_sens_main.o
 .ARM.attributes
                0x000003fb       0x2d build/usbd_cdc.o
 .ARM.attributes
                0x00000428       0x21 build/startup_stm32f103xb.o
 .ARM.attributes
                0x00000449       0x2d c:/program files (x86)/gnu arm embedded toolchain/10 2021.10/bin/../lib/gcc/arm-none-eabi/10.3.1/../../../../arm-none-eabi/lib/thumb/v7-m/nofp\libc_nano.a(lib_a-init.o)
 .ARM.attributes
                0x00000476       0x2d c:/program files (x86)/gnu arm embedded toolchain/10 2021.10/bin/../lib/gcc/arm-none-eabi/10.3.1/../../../../arm-none-eabi/lib/thumb/v7-m/nofp\libc_nano.a(lib_a-memset.o)
 .ARM.attributes
                0x000004a3       0x1d c:/program files (x86)/gnu arm embedded toolchain/10 2021.10/bin/../lib/gcc/arm-none-eabi/10.3.1/thumb/v7-m/nofp\libgcc.a(_arm_muldf3.o)
 .ARM.attributes
                0x000004c0       0x1d c:/program files (x86)/gnu arm embedded toolchain/10 2021.10/bin/../lib/gcc/arm-none-eabi/10.3.1/thumb/v7-m/nofp\libgcc.a(_arm_addsubdf3.o)
 .ARM.attributes
                0x000004dd       0x1d c:/program files (x86)/gnu arm embedded toolchain/10 2021.10/bin/../lib/gcc/arm-none-eabi/10.3.1/thumb/v7-m/nofp\libgcc.a(_arm_truncdfsf2.o)
 .ARM.attributes
                0x000004fa       0x1d c:/program files (x86)/gnu arm embedded toolchain/10 2021.10/bin/../lib/gcc/arm-none-eabi/10.3.1/thumb/v7-m/nofp\libgcc.a(_arm_addsubsf3.o)
 .ARM.attributes
                0x00000517       0x1d c:/program files (x86)/gnu arm embedded toolchain/10 2021.10/bin/../lib/gcc/arm-none-eabi/10.3.1/thumb/v7-m/nofp\libgcc.a(_arm_muldivsf3.o)
 .ARM.attributes
                0x00000534       0x1d c:/program files (x86)/gnu arm embedded toolchain/10 2021.10/bin/../lib/gcc/arm-none-eabi/10.3.1/thumb/v7-m/nofp/crtn.o
OUTPUT(build/Initial_PRJ.elf elf32-littlearm)
LOAD linker stubs
LOAD c:/program files (x86)/gnu arm embedded toolchain/10 2021.10/bin/../lib/gcc/arm-none-eabi/10.3.1/../../../../arm-none-eabi/lib/thumb/v7-m/nofp\libc.a
LOAD c:/program files (x86)/gnu arm embedded toolchain/10 2021.10/bin/../lib/gcc/arm-none-eabi/10.3.1/../../../../arm-none-eabi/lib/thumb/v7-m/nofp\libm.a
LOAD c:/program files (x86)/gnu arm embedded toolchain/10 2021.10/bin/../lib/gcc/arm-none-eabi/10.3.1/thumb/v7-m/nofp\libgcc.a

.debug_info     0x00000000    0x115cf
 .debug_info    0x00000000      0xb11 build/main.o
 .debug_info    0x00000b11      0x721 build/stm32f1xx_it.o
 .debug_info    0x00001232      0x8ed build/stm32f1xx_hal_msp.o
 .debug_info    0x00001b1f      0x855 build/stm32f1xx_hal.o
 .debug_info    0x00002374      0xaec build/stm32f1xx_hal_rcc.o
 .debug_info    0x00002e60      0x479 build/stm32f1xx_hal_rcc_ex.o
 .debug_info    0x000032d9      0x6d7 build/stm32f1xx_hal_gpio.o
 .debug_info    0x000039b0      0xe2d build/stm32f1xx_hal_cortex.o
 .debug_info    0x000047dd      0x26e build/system_stm32f1xx.o
 .debug_info    0x00004a4b      0x741 build/usb_device.o
 .debug_info    0x0000518c      0x62f build/usbd_desc.o
 .debug_info    0x000057bb      0x94d build/usbd_cdc_if.o
 .debug_info    0x00006108     0x1d72 build/usbd_conf.o
 .debug_info    0x00007e7a     0x1c82 build/stm32f1xx_hal_pcd.o
 .debug_info    0x00009afc      0x7c7 build/stm32f1xx_hal_pcd_ex.o
 .debug_info    0x0000a2c3     0x1d8c build/stm32f1xx_ll_usb.o
 .debug_info    0x0000c04f     0x1025 build/stm32f1xx_hal_adc.o
 .debug_info    0x0000d074      0xe5f build/usbd_core.o
 .debug_info    0x0000ded3     0x1135 build/usbd_ctlreq.o
 .debug_info    0x0000f008      0x883 build/usbd_ioreq.o
 .debug_info    0x0000f88b      0x81f build/srv_sens_main.o
 .debug_info    0x000100aa     0x1503 build/usbd_cdc.o
 .debug_info    0x000115ad       0x22 build/startup_stm32f103xb.o

.debug_abbrev   0x00000000     0x305f
 .debug_abbrev  0x00000000      0x25d build/main.o
 .debug_abbrev  0x0000025d      0x168 build/stm32f1xx_it.o
 .debug_abbrev  0x000003c5      0x1a6 build/stm32f1xx_hal_msp.o
 .debug_abbrev  0x0000056b      0x1f7 build/stm32f1xx_hal.o
 .debug_abbrev  0x00000762      0x29a build/stm32f1xx_hal_rcc.o
 .debug_abbrev  0x000009fc      0x1d5 build/stm32f1xx_hal_rcc_ex.o
 .debug_abbrev  0x00000bd1      0x222 build/stm32f1xx_hal_gpio.o
 .debug_abbrev  0x00000df3      0x359 build/stm32f1xx_hal_cortex.o
 .debug_abbrev  0x0000114c      0x140 build/system_stm32f1xx.o
 .debug_abbrev  0x0000128c      0x181 build/usb_device.o
 .debug_abbrev  0x0000140d      0x21f build/usbd_desc.o
 .debug_abbrev  0x0000162c      0x26c build/usbd_cdc_if.o
 .debug_abbrev  0x00001898      0x2f6 build/usbd_conf.o
 .debug_abbrev  0x00001b8e      0x2ea build/stm32f1xx_hal_pcd.o
 .debug_abbrev  0x00001e78      0x184 build/stm32f1xx_hal_pcd_ex.o
 .debug_abbrev  0x00001ffc      0x25b build/stm32f1xx_ll_usb.o
 .debug_abbrev  0x00002257      0x239 build/stm32f1xx_hal_adc.o
 .debug_abbrev  0x00002490      0x27a build/usbd_core.o
 .debug_abbrev  0x0000270a      0x2cd build/usbd_ctlreq.o
 .debug_abbrev  0x000029d7      0x16f build/usbd_ioreq.o
 .debug_abbrev  0x00002b46      0x1fe build/srv_sens_main.o
 .debug_abbrev  0x00002d44      0x309 build/usbd_cdc.o
 .debug_abbrev  0x0000304d       0x12 build/startup_stm32f103xb.o

.debug_loc      0x00000000     0xa662
 .debug_loc     0x00000000       0xd6 build/main.o
 .debug_loc     0x000000d6       0x40 build/stm32f1xx_it.o
 .debug_loc     0x00000116      0x129 build/stm32f1xx_hal_msp.o
 .debug_loc     0x0000023f      0x1e1 build/stm32f1xx_hal.o
 .debug_loc     0x00000420      0x7ee build/stm32f1xx_hal_rcc.o
 .debug_loc     0x00000c0e      0x444 build/stm32f1xx_hal_rcc_ex.o
 .debug_loc     0x00001052      0x551 build/stm32f1xx_hal_gpio.o
 .debug_loc     0x000015a3      0x77f build/stm32f1xx_hal_cortex.o
 .debug_loc     0x00001d22       0xff build/system_stm32f1xx.o
 .debug_loc     0x00001e21       0x20 build/usb_device.o
 .debug_loc     0x00001e41      0x47b build/usbd_desc.o
 .debug_loc     0x000022bc      0x197 build/usbd_cdc_if.o
 .debug_loc     0x00002453      0xead build/usbd_conf.o
 .debug_loc     0x00003300     0x17ab build/stm32f1xx_hal_pcd.o
 .debug_loc     0x00004aab      0x11a build/stm32f1xx_hal_pcd_ex.o
 .debug_loc     0x00004bc5     0x1d1e build/stm32f1xx_ll_usb.o
 .debug_loc     0x000068e3      0xdf1 build/stm32f1xx_hal_adc.o
 .debug_loc     0x000076d4      0xaf6 build/usbd_core.o
 .debug_loc     0x000081ca     0x1631 build/usbd_ctlreq.o
 .debug_loc     0x000097fb      0x364 build/usbd_ioreq.o
 .debug_loc     0x00009b5f       0xf4 build/srv_sens_main.o
 .debug_loc     0x00009c53      0xa0f build/usbd_cdc.o

.debug_aranges  0x00000000      0xb28
 .debug_aranges
                0x00000000       0x40 build/main.o
 .debug_aranges
                0x00000040       0x68 build/stm32f1xx_it.o
 .debug_aranges
                0x000000a8       0x30 build/stm32f1xx_hal_msp.o
 .debug_aranges
                0x000000d8       0xe0 build/stm32f1xx_hal.o
 .debug_aranges
                0x000001b8       0x90 build/stm32f1xx_hal_rcc.o
 .debug_aranges
                0x00000248       0x30 build/stm32f1xx_hal_rcc_ex.o
 .debug_aranges
                0x00000278       0x58 build/stm32f1xx_hal_gpio.o
 .debug_aranges
                0x000002d0       0x90 build/stm32f1xx_hal_cortex.o
 .debug_aranges
                0x00000360       0x28 build/system_stm32f1xx.o
 .debug_aranges
                0x00000388       0x20 build/usb_device.o
 .debug_aranges
                0x000003a8       0x60 build/usbd_desc.o
 .debug_aranges
                0x00000408       0x40 build/usbd_cdc_if.o
 .debug_aranges
                0x00000448      0x118 build/usbd_conf.o
 .debug_aranges
                0x00000560      0x138 build/stm32f1xx_hal_pcd.o
 .debug_aranges
                0x00000698       0x38 build/stm32f1xx_hal_pcd_ex.o
 .debug_aranges
                0x000006d0       0xf0 build/stm32f1xx_ll_usb.o
 .debug_aranges
                0x000007c0       0xf0 build/stm32f1xx_hal_adc.o
 .debug_aranges
                0x000008b0       0xb8 build/usbd_core.o
 .debug_aranges
                0x00000968       0x88 build/usbd_ctlreq.o
 .debug_aranges
                0x000009f0       0x50 build/usbd_ioreq.o
 .debug_aranges
                0x00000a40       0x30 build/srv_sens_main.o
 .debug_aranges
                0x00000a70       0x90 build/usbd_cdc.o
 .debug_aranges
                0x00000b00       0x28 build/startup_stm32f103xb.o

.debug_ranges   0x00000000      0xdf8
 .debug_ranges  0x00000000       0x30 build/main.o
 .debug_ranges  0x00000030       0x58 build/stm32f1xx_it.o
 .debug_ranges  0x00000088       0x20 build/stm32f1xx_hal_msp.o
 .debug_ranges  0x000000a8       0xd0 build/stm32f1xx_hal.o
 .debug_ranges  0x00000178       0xa0 build/stm32f1xx_hal_rcc.o
 .debug_ranges  0x00000218       0x38 build/stm32f1xx_hal_rcc_ex.o
 .debug_ranges  0x00000250       0x48 build/stm32f1xx_hal_gpio.o
 .debug_ranges  0x00000298       0xe0 build/stm32f1xx_hal_cortex.o
 .debug_ranges  0x00000378       0x18 build/system_stm32f1xx.o
 .debug_ranges  0x00000390       0x10 build/usb_device.o
 .debug_ranges  0x000003a0       0x50 build/usbd_desc.o
 .debug_ranges  0x000003f0       0x30 build/usbd_cdc_if.o
 .debug_ranges  0x00000420      0x108 build/usbd_conf.o
 .debug_ranges  0x00000528      0x208 build/stm32f1xx_hal_pcd.o
 .debug_ranges  0x00000730       0x28 build/stm32f1xx_hal_pcd_ex.o
 .debug_ranges  0x00000758      0x3a0 build/stm32f1xx_ll_usb.o
 .debug_ranges  0x00000af8       0xe0 build/stm32f1xx_hal_adc.o
 .debug_ranges  0x00000bd8       0xa8 build/usbd_core.o
 .debug_ranges  0x00000c80       0x78 build/usbd_ctlreq.o
 .debug_ranges  0x00000cf8       0x40 build/usbd_ioreq.o
 .debug_ranges  0x00000d38       0x20 build/srv_sens_main.o
 .debug_ranges  0x00000d58       0x80 build/usbd_cdc.o
 .debug_ranges  0x00000dd8       0x20 build/startup_stm32f103xb.o

.debug_line     0x00000000     0xa28e
 .debug_line    0x00000000      0x447 build/main.o
 .debug_line    0x00000447      0x2e2 build/stm32f1xx_it.o
 .debug_line    0x00000729      0x284 build/stm32f1xx_hal_msp.o
 .debug_line    0x000009ad      0x526 build/stm32f1xx_hal.o
 .debug_line    0x00000ed3      0xc24 build/stm32f1xx_hal_rcc.o
 .debug_line    0x00001af7      0x496 build/stm32f1xx_hal_rcc_ex.o
 .debug_line    0x00001f8d      0x5db build/stm32f1xx_hal_gpio.o
 .debug_line    0x00002568      0x631 build/stm32f1xx_hal_cortex.o
 .debug_line    0x00002b99      0x23e build/system_stm32f1xx.o
 .debug_line    0x00002dd7      0x221 build/usb_device.o
 .debug_line    0x00002ff8      0x371 build/usbd_desc.o
 .debug_line    0x00003369      0x25a build/usbd_cdc_if.o
 .debug_line    0x000035c3      0x7ad build/usbd_conf.o
 .debug_line    0x00003d70     0x18b5 build/stm32f1xx_hal_pcd.o
 .debug_line    0x00005625      0x28b build/stm32f1xx_hal_pcd_ex.o
 .debug_line    0x000058b0     0x1a94 build/stm32f1xx_ll_usb.o
 .debug_line    0x00007344      0xee4 build/stm32f1xx_hal_adc.o
 .debug_line    0x00008228      0x725 build/usbd_core.o
 .debug_line    0x0000894d      0xb0d build/usbd_ctlreq.o
 .debug_line    0x0000945a      0x29c build/usbd_ioreq.o
 .debug_line    0x000096f6      0x370 build/srv_sens_main.o
 .debug_line    0x00009a66      0x7b3 build/usbd_cdc.o
 .debug_line    0x0000a219       0x75 build/startup_stm32f103xb.o

.debug_str      0x00000000     0x32ff
 .debug_str     0x00000000      0x72a build/main.o
                                0x7ce (size before relaxing)
 .debug_str     0x0000072a      0x3e7 build/stm32f1xx_it.o
                                0x5c3 (size before relaxing)
 .debug_str     0x00000b11       0xcf build/stm32f1xx_hal_msp.o
                                0x5a1 (size before relaxing)
 .debug_str     0x00000be0      0x605 build/stm32f1xx_hal.o
                                0x806 (size before relaxing)
 .debug_str     0x000011e5      0x1fe build/stm32f1xx_hal_rcc.o
                                0x60d (size before relaxing)
 .debug_str     0x000013e3       0x9c build/stm32f1xx_hal_rcc_ex.o
                                0x3b5 (size before relaxing)
 .debug_str     0x0000147f      0x145 build/stm32f1xx_hal_gpio.o
                                0x3e2 (size before relaxing)
 .debug_str     0x000015c4      0x39a build/stm32f1xx_hal_cortex.o
                                0x8b5 (size before relaxing)
 .debug_str     0x0000195e       0x4f build/system_stm32f1xx.o
                                0x236 (size before relaxing)
 .debug_str     0x000019ad      0x3d4 build/usb_device.o
                                0x628 (size before relaxing)
 .debug_str     0x00001d81      0x181 build/usbd_desc.o
                                0x433 (size before relaxing)
 .debug_str     0x00001f02      0x135 build/usbd_cdc_if.o
                                0x6ef (size before relaxing)
 .debug_str     0x00002037      0x4eb build/usbd_conf.o
                               0x117e (size before relaxing)
 .debug_str     0x00002522      0x2fb build/stm32f1xx_hal_pcd.o
                                0xab0 (size before relaxing)
 .debug_str     0x0000281d      0x159 build/stm32f1xx_hal_pcd_ex.o
                                0x6aa (size before relaxing)
 .debug_str     0x00002976      0x136 build/stm32f1xx_ll_usb.o
                                0x6dd (size before relaxing)
 .debug_str     0x00002aac      0x31c build/stm32f1xx_hal_adc.o
                                0x8b5 (size before relaxing)
 .debug_str     0x00002dc8      0x13e build/usbd_core.o
                                0x813 (size before relaxing)
 .debug_str     0x00002f06       0xe2 build/usbd_ctlreq.o
                                0x72d (size before relaxing)
 .debug_str     0x00002fe8       0x60 build/usbd_ioreq.o
                                0x65a (size before relaxing)
 .debug_str     0x00003048      0x104 build/srv_sens_main.o
                                0x5fa (size before relaxing)
 .debug_str     0x0000314c      0x18f build/usbd_cdc.o
                                0xbe8 (size before relaxing)
 .debug_str     0x000032db       0x24 build/startup_stm32f103xb.o
                                 0x51 (size before relaxing)

.comment        0x00000000       0x49
 .comment       0x00000000       0x49 build/main.o
                                 0x4a (size before relaxing)
 .comment       0x00000049       0x4a build/stm32f1xx_it.o
 .comment       0x00000049       0x4a build/stm32f1xx_hal_msp.o
 .comment       0x00000049       0x4a build/stm32f1xx_hal.o
 .comment       0x00000049       0x4a build/stm32f1xx_hal_rcc.o
 .comment       0x00000049       0x4a build/stm32f1xx_hal_rcc_ex.o
 .comment       0x00000049       0x4a build/stm32f1xx_hal_gpio.o
 .comment       0x00000049       0x4a build/stm32f1xx_hal_cortex.o
 .comment       0x00000049       0x4a build/system_stm32f1xx.o
 .comment       0x00000049       0x4a build/usb_device.o
 .comment       0x00000049       0x4a build/usbd_desc.o
 .comment       0x00000049       0x4a build/usbd_cdc_if.o
 .comment       0x00000049       0x4a build/usbd_conf.o
 .comment       0x00000049       0x4a build/stm32f1xx_hal_pcd.o
 .comment       0x00000049       0x4a build/stm32f1xx_hal_pcd_ex.o
 .comment       0x00000049       0x4a build/stm32f1xx_ll_usb.o
 .comment       0x00000049       0x4a build/stm32f1xx_hal_adc.o
 .comment       0x00000049       0x4a build/usbd_core.o
 .comment       0x00000049       0x4a build/usbd_ctlreq.o
 .comment       0x00000049       0x4a build/usbd_ioreq.o
 .comment       0x00000049       0x4a build/srv_sens_main.o
 .comment       0x00000049       0x4a build/usbd_cdc.o

.debug_frame    0x00000000     0x1bdc
 .debug_frame   0x00000000       0x90 build/main.o
 .debug_frame   0x00000090       0xc0 build/stm32f1xx_it.o
 .debug_frame   0x00000150       0x60 build/stm32f1xx_hal_msp.o
 .debug_frame   0x000001b0      0x1cc build/stm32f1xx_hal.o
 .debug_frame   0x0000037c      0x190 build/stm32f1xx_hal_rcc.o
 .debug_frame   0x0000050c       0x64 build/stm32f1xx_hal_rcc_ex.o
 .debug_frame   0x00000570       0xe4 build/stm32f1xx_hal_gpio.o
 .debug_frame   0x00000654      0x118 build/stm32f1xx_hal_cortex.o
 .debug_frame   0x0000076c       0x30 build/system_stm32f1xx.o
 .debug_frame   0x0000079c       0x28 build/usb_device.o
 .debug_frame   0x000007c4       0xe0 build/usbd_desc.o
 .debug_frame   0x000008a4       0x78 build/usbd_cdc_if.o
 .debug_frame   0x0000091c      0x2ec build/usbd_conf.o
 .debug_frame   0x00000c08      0x344 build/stm32f1xx_hal_pcd.o
 .debug_frame   0x00000f4c       0x50 build/stm32f1xx_hal_pcd_ex.o
 .debug_frame   0x00000f9c      0x1fc build/stm32f1xx_ll_usb.o
 .debug_frame   0x00001198      0x2c4 build/stm32f1xx_hal_adc.o
 .debug_frame   0x0000145c      0x1c4 build/usbd_core.o
 .debug_frame   0x00001620      0x178 build/usbd_ctlreq.o
 .debug_frame   0x00001798       0xb8 build/usbd_ioreq.o
 .debug_frame   0x00001850       0x5c build/srv_sens_main.o
 .debug_frame   0x000018ac      0x160 build/usbd_cdc.o
 .debug_frame   0x00001a0c       0x2c c:/program files (x86)/gnu arm embedded toolchain/10 2021.10/bin/../lib/gcc/arm-none-eabi/10.3.1/../../../../arm-none-eabi/lib/thumb/v7-m/nofp\libc_nano.a(lib_a-init.o)
 .debug_frame   0x00001a38       0x20 c:/program files (x86)/gnu arm embedded toolchain/10 2021.10/bin/../lib/gcc/arm-none-eabi/10.3.1/../../../../arm-none-eabi/lib/thumb/v7-m/nofp\libc_nano.a(lib_a-memset.o)
 .debug_frame   0x00001a58       0x30 c:/program files (x86)/gnu arm embedded toolchain/10 2021.10/bin/../lib/gcc/arm-none-eabi/10.3.1/thumb/v7-m/nofp\libgcc.a(_arm_muldf3.o)
 .debug_frame   0x00001a88       0xac c:/program files (x86)/gnu arm embedded toolchain/10 2021.10/bin/../lib/gcc/arm-none-eabi/10.3.1/thumb/v7-m/nofp\libgcc.a(_arm_addsubdf3.o)
 .debug_frame   0x00001b34       0x24 c:/program files (x86)/gnu arm embedded toolchain/10 2021.10/bin/../lib/gcc/arm-none-eabi/10.3.1/thumb/v7-m/nofp\libgcc.a(_arm_truncdfsf2.o)
 .debug_frame   0x00001b58       0x4c c:/program files (x86)/gnu arm embedded toolchain/10 2021.10/bin/../lib/gcc/arm-none-eabi/10.3.1/thumb/v7-m/nofp\libgcc.a(_arm_addsubsf3.o)
 .debug_frame   0x00001ba4       0x38 c:/program files (x86)/gnu arm embedded toolchain/10 2021.10/bin/../lib/gcc/arm-none-eabi/10.3.1/thumb/v7-m/nofp\libgcc.a(_arm_muldivsf3.o)

Cross Reference Table

Symbol                                            File
ADC1_2_IRQHandler                                 build/startup_stm32f103xb.o
ADC_ConversionStop_Disable                        build/stm32f1xx_hal_adc.o
                                                  build/stm32f1xx_hal_adc_ex.o
ADC_DMAConvCplt                                   build/stm32f1xx_hal_adc.o
                                                  build/stm32f1xx_hal_adc_ex.o
ADC_DMAError                                      build/stm32f1xx_hal_adc.o
                                                  build/stm32f1xx_hal_adc_ex.o
ADC_DMAHalfConvCplt                               build/stm32f1xx_hal_adc.o
                                                  build/stm32f1xx_hal_adc_ex.o
ADC_Enable                                        build/stm32f1xx_hal_adc.o
                                                  build/stm32f1xx_hal_adc_ex.o
AHBPrescTable                                     build/system_stm32f1xx.o
                                                  build/stm32f1xx_hal_rcc.o
APBPrescTable                                     build/system_stm32f1xx.o
                                                  build/stm32f1xx_hal_rcc.o
BusFault_Handler                                  build/stm32f1xx_it.o
CAN1_RX1_IRQHandler                               build/startup_stm32f103xb.o
CAN1_SCE_IRQHandler                               build/startup_stm32f103xb.o
CDC_Transmit_FS                                   build/usbd_cdc_if.o
DMA1_Channel1_IRQHandler                          build/startup_stm32f103xb.o
DMA1_Channel2_IRQHandler                          build/startup_stm32f103xb.o
DMA1_Channel3_IRQHandler                          build/startup_stm32f103xb.o
DMA1_Channel4_IRQHandler                          build/startup_stm32f103xb.o
DMA1_Channel5_IRQHandler                          build/startup_stm32f103xb.o
DMA1_Channel6_IRQHandler                          build/startup_stm32f103xb.o
DMA1_Channel7_IRQHandler                          build/startup_stm32f103xb.o
DebugMon_Handler                                  build/stm32f1xx_it.o
Default_Handler                                   build/startup_stm32f103xb.o
EXTI0_IRQHandler                                  build/startup_stm32f103xb.o
EXTI15_10_IRQHandler                              build/startup_stm32f103xb.o
EXTI1_IRQHandler                                  build/startup_stm32f103xb.o
EXTI2_IRQHandler                                  build/startup_stm32f103xb.o
EXTI3_IRQHandler                                  build/startup_stm32f103xb.o
EXTI4_IRQHandler                                  build/startup_stm32f103xb.o
EXTI9_5_IRQHandler                                build/startup_stm32f103xb.o
Error_Handler                                     build/main.o
                                                  build/usbd_conf.o
                                                  build/usb_device.o
FLASH_IRQHandler                                  build/startup_stm32f103xb.o
FLASH_PageErase                                   build/stm32f1xx_hal_flash_ex.o
                                                  build/stm32f1xx_hal_flash.o
FLASH_WaitForLastOperation                        build/stm32f1xx_hal_flash.o
                                                  build/stm32f1xx_hal_flash_ex.o
FS_Desc                                           build/usbd_desc.o
                                                  build/usb_device.o
HAL_ADCEx_Calibration_Start                       build/stm32f1xx_hal_adc_ex.o
HAL_ADCEx_InjectedConfigChannel                   build/stm32f1xx_hal_adc_ex.o
HAL_ADCEx_InjectedConvCpltCallback                build/stm32f1xx_hal_adc_ex.o
                                                  build/stm32f1xx_hal_adc.o
HAL_ADCEx_InjectedGetValue                        build/stm32f1xx_hal_adc_ex.o
HAL_ADCEx_InjectedPollForConversion               build/stm32f1xx_hal_adc_ex.o
HAL_ADCEx_InjectedStart                           build/stm32f1xx_hal_adc_ex.o
HAL_ADCEx_InjectedStart_IT                        build/stm32f1xx_hal_adc_ex.o
HAL_ADCEx_InjectedStop                            build/stm32f1xx_hal_adc_ex.o
HAL_ADCEx_InjectedStop_IT                         build/stm32f1xx_hal_adc_ex.o
HAL_ADCEx_MultiModeConfigChannel                  build/stm32f1xx_hal_adc_ex.o
HAL_ADCEx_MultiModeGetValue                       build/stm32f1xx_hal_adc_ex.o
HAL_ADCEx_MultiModeStart_DMA                      build/stm32f1xx_hal_adc_ex.o
HAL_ADCEx_MultiModeStop_DMA                       build/stm32f1xx_hal_adc_ex.o
HAL_ADC_AnalogWDGConfig                           build/stm32f1xx_hal_adc.o
HAL_ADC_ConfigChannel                             build/stm32f1xx_hal_adc.o
                                                  build/main.o
HAL_ADC_ConvCpltCallback                          build/stm32f1xx_hal_adc.o
HAL_ADC_ConvHalfCpltCallback                      build/stm32f1xx_hal_adc.o
HAL_ADC_DeInit                                    build/stm32f1xx_hal_adc.o
HAL_ADC_ErrorCallback                             build/stm32f1xx_hal_adc.o
HAL_ADC_GetError                                  build/stm32f1xx_hal_adc.o
HAL_ADC_GetState                                  build/stm32f1xx_hal_adc.o
HAL_ADC_GetValue                                  build/stm32f1xx_hal_adc.o
                                                  build/srv_sens_main.o
HAL_ADC_IRQHandler                                build/stm32f1xx_hal_adc.o
HAL_ADC_Init                                      build/stm32f1xx_hal_adc.o
                                                  build/main.o
HAL_ADC_LevelOutOfWindowCallback                  build/stm32f1xx_hal_adc.o
HAL_ADC_MspDeInit                                 build/stm32f1xx_hal_msp.o
HAL_ADC_MspInit                                   build/stm32f1xx_hal_msp.o
HAL_ADC_PollForConversion                         build/stm32f1xx_hal_adc.o
                                                  build/srv_sens_main.o
HAL_ADC_PollForEvent                              build/stm32f1xx_hal_adc.o
HAL_ADC_Start                                     build/stm32f1xx_hal_adc.o
                                                  build/srv_sens_main.o
HAL_ADC_Start_DMA                                 build/stm32f1xx_hal_adc.o
HAL_ADC_Start_IT                                  build/stm32f1xx_hal_adc.o
HAL_ADC_Stop                                      build/stm32f1xx_hal_adc.o
                                                  build/srv_sens_main.o
HAL_ADC_Stop_DMA                                  build/stm32f1xx_hal_adc.o
HAL_ADC_Stop_IT                                   build/stm32f1xx_hal_adc.o
HAL_DBGMCU_DisableDBGSleepMode                    build/stm32f1xx_hal.o
HAL_DBGMCU_DisableDBGStandbyMode                  build/stm32f1xx_hal.o
HAL_DBGMCU_DisableDBGStopMode                     build/stm32f1xx_hal.o
HAL_DBGMCU_EnableDBGSleepMode                     build/stm32f1xx_hal.o
HAL_DBGMCU_EnableDBGStandbyMode                   build/stm32f1xx_hal.o
HAL_DBGMCU_EnableDBGStopMode                      build/stm32f1xx_hal.o
HAL_DMA_Abort                                     build/stm32f1xx_hal_dma.o
                                                  build/stm32f1xx_hal_adc_ex.o
                                                  build/stm32f1xx_hal_adc.o
HAL_DMA_Abort_IT                                  build/stm32f1xx_hal_dma.o
HAL_DMA_DeInit                                    build/stm32f1xx_hal_dma.o
HAL_DMA_GetError                                  build/stm32f1xx_hal_dma.o
HAL_DMA_GetState                                  build/stm32f1xx_hal_dma.o
HAL_DMA_IRQHandler                                build/stm32f1xx_hal_dma.o
HAL_DMA_Init                                      build/stm32f1xx_hal_dma.o
HAL_DMA_PollForTransfer                           build/stm32f1xx_hal_dma.o
HAL_DMA_RegisterCallback                          build/stm32f1xx_hal_dma.o
HAL_DMA_Start                                     build/stm32f1xx_hal_dma.o
HAL_DMA_Start_IT                                  build/stm32f1xx_hal_dma.o
                                                  build/stm32f1xx_hal_adc_ex.o
                                                  build/stm32f1xx_hal_adc.o
HAL_DMA_UnRegisterCallback                        build/stm32f1xx_hal_dma.o
HAL_DeInit                                        build/stm32f1xx_hal.o
HAL_Delay                                         build/stm32f1xx_hal.o
                                                  build/srv_sens_main.o
                                                  build/usbd_conf.o
HAL_EXTI_ClearConfigLine                          build/stm32f1xx_hal_exti.o
HAL_EXTI_ClearPending                             build/stm32f1xx_hal_exti.o
HAL_EXTI_GenerateSWI                              build/stm32f1xx_hal_exti.o
HAL_EXTI_GetConfigLine                            build/stm32f1xx_hal_exti.o
HAL_EXTI_GetHandle                                build/stm32f1xx_hal_exti.o
HAL_EXTI_GetPending                               build/stm32f1xx_hal_exti.o
HAL_EXTI_IRQHandler                               build/stm32f1xx_hal_exti.o
HAL_EXTI_RegisterCallback                         build/stm32f1xx_hal_exti.o
HAL_EXTI_SetConfigLine                            build/stm32f1xx_hal_exti.o
HAL_FLASHEx_Erase                                 build/stm32f1xx_hal_flash_ex.o
HAL_FLASHEx_Erase_IT                              build/stm32f1xx_hal_flash_ex.o
HAL_FLASHEx_OBErase                               build/stm32f1xx_hal_flash_ex.o
HAL_FLASHEx_OBGetConfig                           build/stm32f1xx_hal_flash_ex.o
HAL_FLASHEx_OBGetUserData                         build/stm32f1xx_hal_flash_ex.o
HAL_FLASHEx_OBProgram                             build/stm32f1xx_hal_flash_ex.o
HAL_FLASH_EndOfOperationCallback                  build/stm32f1xx_hal_flash.o
HAL_FLASH_GetError                                build/stm32f1xx_hal_flash.o
HAL_FLASH_IRQHandler                              build/stm32f1xx_hal_flash.o
HAL_FLASH_Lock                                    build/stm32f1xx_hal_flash.o
HAL_FLASH_OB_Launch                               build/stm32f1xx_hal_flash.o
HAL_FLASH_OB_Lock                                 build/stm32f1xx_hal_flash.o
HAL_FLASH_OB_Unlock                               build/stm32f1xx_hal_flash.o
HAL_FLASH_OperationErrorCallback                  build/stm32f1xx_hal_flash.o
HAL_FLASH_Program                                 build/stm32f1xx_hal_flash.o
HAL_FLASH_Program_IT                              build/stm32f1xx_hal_flash.o
HAL_FLASH_Unlock                                  build/stm32f1xx_hal_flash.o
HAL_GPIOEx_ConfigEventout                         build/stm32f1xx_hal_gpio_ex.o
HAL_GPIOEx_DisableEventout                        build/stm32f1xx_hal_gpio_ex.o
HAL_GPIOEx_EnableEventout                         build/stm32f1xx_hal_gpio_ex.o
HAL_GPIO_DeInit                                   build/stm32f1xx_hal_gpio.o
                                                  build/stm32f1xx_hal_msp.o
HAL_GPIO_EXTI_Callback                            build/stm32f1xx_hal_gpio.o
HAL_GPIO_EXTI_IRQHandler                          build/stm32f1xx_hal_gpio.o
HAL_GPIO_Init                                     build/stm32f1xx_hal_gpio.o
                                                  build/stm32f1xx_hal_rcc.o
                                                  build/stm32f1xx_hal_msp.o
HAL_GPIO_LockPin                                  build/stm32f1xx_hal_gpio.o
HAL_GPIO_ReadPin                                  build/stm32f1xx_hal_gpio.o
HAL_GPIO_TogglePin                                build/stm32f1xx_hal_gpio.o
HAL_GPIO_WritePin                                 build/stm32f1xx_hal_gpio.o
HAL_GetDEVID                                      build/stm32f1xx_hal.o
HAL_GetHalVersion                                 build/stm32f1xx_hal.o
HAL_GetREVID                                      build/stm32f1xx_hal.o
HAL_GetTick                                       build/stm32f1xx_hal.o
                                                  build/stm32f1xx_hal_adc_ex.o
                                                  build/stm32f1xx_hal_adc.o
                                                  build/stm32f1xx_hal_flash.o
                                                  build/stm32f1xx_hal_dma.o
                                                  build/stm32f1xx_hal_rcc_ex.o
                                                  build/stm32f1xx_hal_rcc.o
HAL_GetTickFreq                                   build/stm32f1xx_hal.o
HAL_GetTickPrio                                   build/stm32f1xx_hal.o
HAL_GetUIDw0                                      build/stm32f1xx_hal.o
HAL_GetUIDw1                                      build/stm32f1xx_hal.o
HAL_GetUIDw2                                      build/stm32f1xx_hal.o
HAL_IncTick                                       build/stm32f1xx_hal.o
                                                  build/stm32f1xx_it.o
HAL_Init                                          build/stm32f1xx_hal.o
                                                  build/main.o
HAL_InitTick                                      build/stm32f1xx_hal.o
                                                  build/stm32f1xx_hal_rcc.o
HAL_MspDeInit                                     build/stm32f1xx_hal.o
HAL_MspInit                                       build/stm32f1xx_hal_msp.o
HAL_NVIC_ClearPendingIRQ                          build/stm32f1xx_hal_cortex.o
HAL_NVIC_DisableIRQ                               build/stm32f1xx_hal_cortex.o
                                                  build/usbd_conf.o
HAL_NVIC_EnableIRQ                                build/stm32f1xx_hal_cortex.o
                                                  build/usbd_conf.o
HAL_NVIC_GetActive                                build/stm32f1xx_hal_cortex.o
HAL_NVIC_GetPendingIRQ                            build/stm32f1xx_hal_cortex.o
HAL_NVIC_GetPriority                              build/stm32f1xx_hal_cortex.o
HAL_NVIC_GetPriorityGrouping                      build/stm32f1xx_hal_cortex.o
HAL_NVIC_SetPendingIRQ                            build/stm32f1xx_hal_cortex.o
HAL_NVIC_SetPriority                              build/stm32f1xx_hal_cortex.o
                                                  build/usbd_conf.o
                                                  build/stm32f1xx_hal.o
HAL_NVIC_SetPriorityGrouping                      build/stm32f1xx_hal_cortex.o
                                                  build/stm32f1xx_hal.o
HAL_NVIC_SystemReset                              build/stm32f1xx_hal_cortex.o
                                                  build/stm32f1xx_hal_flash.o
HAL_PCDEx_BCD_Callback                            build/stm32f1xx_hal_pcd_ex.o
HAL_PCDEx_LPM_Callback                            build/stm32f1xx_hal_pcd_ex.o
HAL_PCDEx_PMAConfig                               build/stm32f1xx_hal_pcd_ex.o
                                                  build/usbd_conf.o
HAL_PCDEx_SetConnectionState                      build/usbd_conf.o
                                                  build/stm32f1xx_hal_pcd.o
HAL_PCD_ActivateRemoteWakeup                      build/stm32f1xx_hal_pcd.o
HAL_PCD_ConnectCallback                           build/usbd_conf.o
HAL_PCD_DataInStageCallback                       build/usbd_conf.o
HAL_PCD_DataOutStageCallback                      build/usbd_conf.o
HAL_PCD_DeActivateRemoteWakeup                    build/stm32f1xx_hal_pcd.o
HAL_PCD_DeInit                                    build/stm32f1xx_hal_pcd.o
                                                  build/usbd_conf.o
HAL_PCD_DevConnect                                build/stm32f1xx_hal_pcd.o
HAL_PCD_DevDisconnect                             build/stm32f1xx_hal_pcd.o
HAL_PCD_DisconnectCallback                        build/usbd_conf.o
HAL_PCD_EP_Close                                  build/stm32f1xx_hal_pcd.o
                                                  build/usbd_conf.o
HAL_PCD_EP_ClrStall                               build/stm32f1xx_hal_pcd.o
                                                  build/usbd_conf.o
HAL_PCD_EP_Flush                                  build/stm32f1xx_hal_pcd.o
                                                  build/usbd_conf.o
HAL_PCD_EP_GetRxCount                             build/stm32f1xx_hal_pcd.o
                                                  build/usbd_conf.o
HAL_PCD_EP_Open                                   build/stm32f1xx_hal_pcd.o
                                                  build/usbd_conf.o
HAL_PCD_EP_Receive                                build/stm32f1xx_hal_pcd.o
                                                  build/usbd_conf.o
HAL_PCD_EP_SetStall                               build/stm32f1xx_hal_pcd.o
                                                  build/usbd_conf.o
HAL_PCD_EP_Transmit                               build/stm32f1xx_hal_pcd.o
                                                  build/usbd_conf.o
HAL_PCD_GetState                                  build/stm32f1xx_hal_pcd.o
HAL_PCD_IRQHandler                                build/stm32f1xx_hal_pcd.o
                                                  build/stm32f1xx_it.o
HAL_PCD_ISOINIncompleteCallback                   build/usbd_conf.o
HAL_PCD_ISOOUTIncompleteCallback                  build/usbd_conf.o
HAL_PCD_Init                                      build/stm32f1xx_hal_pcd.o
                                                  build/usbd_conf.o
HAL_PCD_MspDeInit                                 build/usbd_conf.o
HAL_PCD_MspInit                                   build/usbd_conf.o
HAL_PCD_ResetCallback                             build/usbd_conf.o
HAL_PCD_ResumeCallback                            build/usbd_conf.o
HAL_PCD_SOFCallback                               build/usbd_conf.o
HAL_PCD_SetAddress                                build/stm32f1xx_hal_pcd.o
                                                  build/usbd_conf.o
HAL_PCD_SetupStageCallback                        build/usbd_conf.o
HAL_PCD_Start                                     build/stm32f1xx_hal_pcd.o
                                                  build/usbd_conf.o
HAL_PCD_Stop                                      build/stm32f1xx_hal_pcd.o
                                                  build/usbd_conf.o
HAL_PCD_SuspendCallback                           build/usbd_conf.o
HAL_PCD_WKUP_IRQHandler                           build/stm32f1xx_hal_pcd.o
HAL_PWR_ConfigPVD                                 build/stm32f1xx_hal_pwr.o
HAL_PWR_DeInit                                    build/stm32f1xx_hal_pwr.o
HAL_PWR_DisableBkUpAccess                         build/stm32f1xx_hal_pwr.o
HAL_PWR_DisablePVD                                build/stm32f1xx_hal_pwr.o
HAL_PWR_DisableSEVOnPend                          build/stm32f1xx_hal_pwr.o
HAL_PWR_DisableSleepOnExit                        build/stm32f1xx_hal_pwr.o
HAL_PWR_DisableWakeUpPin                          build/stm32f1xx_hal_pwr.o
HAL_PWR_EnableBkUpAccess                          build/stm32f1xx_hal_pwr.o
HAL_PWR_EnablePVD                                 build/stm32f1xx_hal_pwr.o
HAL_PWR_EnableSEVOnPend                           build/stm32f1xx_hal_pwr.o
HAL_PWR_EnableSleepOnExit                         build/stm32f1xx_hal_pwr.o
HAL_PWR_EnableWakeUpPin                           build/stm32f1xx_hal_pwr.o
HAL_PWR_EnterSLEEPMode                            build/stm32f1xx_hal_pwr.o
HAL_PWR_EnterSTANDBYMode                          build/stm32f1xx_hal_pwr.o
HAL_PWR_EnterSTOPMode                             build/stm32f1xx_hal_pwr.o
HAL_PWR_PVDCallback                               build/stm32f1xx_hal_pwr.o
HAL_PWR_PVD_IRQHandler                            build/stm32f1xx_hal_pwr.o
HAL_RCCEx_GetPeriphCLKConfig                      build/stm32f1xx_hal_rcc_ex.o
HAL_RCCEx_GetPeriphCLKFreq                        build/stm32f1xx_hal_rcc_ex.o
                                                  build/stm32f1xx_hal_adc_ex.o
                                                  build/stm32f1xx_hal_adc.o
HAL_RCCEx_PeriphCLKConfig                         build/stm32f1xx_hal_rcc_ex.o
                                                  build/main.o
HAL_RCC_CSSCallback                               build/stm32f1xx_hal_rcc.o
HAL_RCC_ClockConfig                               build/stm32f1xx_hal_rcc.o
                                                  build/main.o
HAL_RCC_DeInit                                    build/stm32f1xx_hal_rcc.o
HAL_RCC_DisableCSS                                build/stm32f1xx_hal_rcc.o
HAL_RCC_EnableCSS                                 build/stm32f1xx_hal_rcc.o
HAL_RCC_GetClockConfig                            build/stm32f1xx_hal_rcc.o
HAL_RCC_GetHCLKFreq                               build/stm32f1xx_hal_rcc.o
HAL_RCC_GetOscConfig                              build/stm32f1xx_hal_rcc.o
HAL_RCC_GetPCLK1Freq                              build/stm32f1xx_hal_rcc.o
HAL_RCC_GetPCLK2Freq                              build/stm32f1xx_hal_rcc.o
                                                  build/stm32f1xx_hal_rcc_ex.o
HAL_RCC_GetSysClockFreq                           build/stm32f1xx_hal_rcc.o
HAL_RCC_MCOConfig                                 build/stm32f1xx_hal_rcc.o
HAL_RCC_NMI_IRQHandler                            build/stm32f1xx_hal_rcc.o
HAL_RCC_OscConfig                                 build/stm32f1xx_hal_rcc.o
                                                  build/main.o
HAL_ResumeTick                                    build/stm32f1xx_hal.o
HAL_SYSTICK_CLKSourceConfig                       build/stm32f1xx_hal_cortex.o
HAL_SYSTICK_Callback                              build/stm32f1xx_hal_cortex.o
HAL_SYSTICK_Config                                build/stm32f1xx_hal_cortex.o
                                                  build/stm32f1xx_hal.o
HAL_SYSTICK_IRQHandler                            build/stm32f1xx_hal_cortex.o
HAL_SetTickFreq                                   build/stm32f1xx_hal.o
HAL_SuspendTick                                   build/stm32f1xx_hal.o
HardFault_Handler                                 build/stm32f1xx_it.o
I2C1_ER_IRQHandler                                build/startup_stm32f103xb.o
I2C1_EV_IRQHandler                                build/startup_stm32f103xb.o
I2C2_ER_IRQHandler                                build/startup_stm32f103xb.o
I2C2_EV_IRQHandler                                build/startup_stm32f103xb.o
MX_USB_DEVICE_Init                                build/usb_device.o
                                                  build/main.o
MemManage_Handler                                 build/stm32f1xx_it.o
NMI_Handler                                       build/stm32f1xx_it.o
PVD_IRQHandler                                    build/startup_stm32f103xb.o
PendSV_Handler                                    build/stm32f1xx_it.o
RCC_IRQHandler                                    build/startup_stm32f103xb.o
RTC_Alarm_IRQHandler                              build/startup_stm32f103xb.o
RTC_IRQHandler                                    build/startup_stm32f103xb.o
Reset_Handler                                     build/startup_stm32f103xb.o
SPI1_IRQHandler                                   build/startup_stm32f103xb.o
SPI2_IRQHandler                                   build/startup_stm32f103xb.o
SVC_Handler                                       build/stm32f1xx_it.o
SysTick_Handler                                   build/stm32f1xx_it.o
SystemClock_Config                                build/main.o
SystemCoreClock                                   build/system_stm32f1xx.o
                                                  build/stm32f1xx_hal_adc_ex.o
                                                  build/stm32f1xx_hal_adc.o
                                                  build/stm32f1xx_hal_rcc.o
                                                  build/stm32f1xx_hal.o
SystemCoreClockUpdate                             build/system_stm32f1xx.o
SystemInit                                        build/system_stm32f1xx.o
                                                  build/startup_stm32f103xb.o
TAMPER_IRQHandler                                 build/startup_stm32f103xb.o
TIM1_BRK_IRQHandler                               build/startup_stm32f103xb.o
TIM1_CC_IRQHandler                                build/startup_stm32f103xb.o
TIM1_TRG_COM_IRQHandler                           build/startup_stm32f103xb.o
TIM1_UP_IRQHandler                                build/startup_stm32f103xb.o
TIM2_IRQHandler                                   build/startup_stm32f103xb.o
TIM3_IRQHandler                                   build/startup_stm32f103xb.o
TIM4_IRQHandler                                   build/startup_stm32f103xb.o
USART1_IRQHandler                                 build/startup_stm32f103xb.o
USART2_IRQHandler                                 build/startup_stm32f103xb.o
USART3_IRQHandler                                 build/startup_stm32f103xb.o
USBD_CDC                                          build/usbd_cdc.o
                                                  build/usb_device.o
USBD_CDC_CfgFSDesc                                build/usbd_cdc.o
USBD_CDC_CfgHSDesc                                build/usbd_cdc.o
USBD_CDC_GetDeviceQualifierDescriptor             build/usbd_cdc.o
USBD_CDC_OtherSpeedCfgDesc                        build/usbd_cdc.o
USBD_CDC_ReceivePacket                            build/usbd_cdc.o
                                                  build/usbd_cdc_if.o
USBD_CDC_RegisterInterface                        build/usbd_cdc.o
                                                  build/usb_device.o
USBD_CDC_SetRxBuffer                              build/usbd_cdc.o
                                                  build/usbd_cdc_if.o
USBD_CDC_SetTxBuffer                              build/usbd_cdc.o
                                                  build/usbd_cdc_if.o
USBD_CDC_TransmitPacket                           build/usbd_cdc.o
                                                  build/usbd_cdc_if.o
USBD_ClrClassConfig                               build/usbd_core.o
                                                  build/usbd_ctlreq.o
USBD_CtlContinueRx                                build/usbd_ioreq.o
                                                  build/usbd_core.o
USBD_CtlContinueSendData                          build/usbd_ioreq.o
                                                  build/usbd_core.o
USBD_CtlError                                     build/usbd_ctlreq.o
                                                  build/usbd_cdc.o
USBD_CtlPrepareRx                                 build/usbd_ioreq.o
                                                  build/usbd_cdc.o
USBD_CtlReceiveStatus                             build/usbd_ioreq.o
                                                  build/usbd_core.o
USBD_CtlSendData                                  build/usbd_ioreq.o
                                                  build/usbd_cdc.o
                                                  build/usbd_ctlreq.o
USBD_CtlSendStatus                                build/usbd_ioreq.o
                                                  build/usbd_ctlreq.o
                                                  build/usbd_core.o
USBD_DeInit                                       build/usbd_core.o
USBD_FS_ConfigStrDescriptor                       build/usbd_desc.o
USBD_FS_DeviceDesc                                build/usbd_desc.o
USBD_FS_DeviceDescriptor                          build/usbd_desc.o
USBD_FS_InterfaceStrDescriptor                    build/usbd_desc.o
USBD_FS_LangIDStrDescriptor                       build/usbd_desc.o
USBD_FS_ManufacturerStrDescriptor                 build/usbd_desc.o
USBD_FS_ProductStrDescriptor                      build/usbd_desc.o
USBD_FS_SerialStrDescriptor                       build/usbd_desc.o
USBD_GetRxCount                                   build/usbd_ioreq.o
USBD_GetString                                    build/usbd_ctlreq.o
                                                  build/usbd_desc.o
USBD_Init                                         build/usbd_core.o
                                                  build/usb_device.o
USBD_Interface_fops_FS                            build/usbd_cdc_if.o
                                                  build/usb_device.o
USBD_LL_ClearStallEP                              build/usbd_conf.o
                                                  build/usbd_ctlreq.o
USBD_LL_CloseEP                                   build/usbd_conf.o
                                                  build/usbd_cdc.o
USBD_LL_DataInStage                               build/usbd_core.o
                                                  build/usbd_conf.o
USBD_LL_DataOutStage                              build/usbd_core.o
                                                  build/usbd_conf.o
USBD_LL_DeInit                                    build/usbd_conf.o
                                                  build/usbd_core.o
USBD_LL_Delay                                     build/usbd_conf.o
USBD_LL_DevConnected                              build/usbd_core.o
                                                  build/usbd_conf.o
USBD_LL_DevDisconnected                           build/usbd_core.o
                                                  build/usbd_conf.o
USBD_LL_FlushEP                                   build/usbd_conf.o
USBD_LL_GetRxDataSize                             build/usbd_conf.o
                                                  build/usbd_cdc.o
                                                  build/usbd_ioreq.o
USBD_LL_Init                                      build/usbd_conf.o
                                                  build/usbd_core.o
USBD_LL_IsStallEP                                 build/usbd_conf.o
                                                  build/usbd_ctlreq.o
USBD_LL_IsoINIncomplete                           build/usbd_core.o
                                                  build/usbd_conf.o
USBD_LL_IsoOUTIncomplete                          build/usbd_core.o
                                                  build/usbd_conf.o
USBD_LL_OpenEP                                    build/usbd_conf.o
                                                  build/usbd_cdc.o
                                                  build/usbd_core.o
USBD_LL_PrepareReceive                            build/usbd_conf.o
                                                  build/usbd_cdc.o
                                                  build/usbd_ioreq.o
                                                  build/usbd_core.o
USBD_LL_Reset                                     build/usbd_core.o
                                                  build/usbd_conf.o
USBD_LL_Resume                                    build/usbd_core.o
                                                  build/usbd_conf.o
USBD_LL_SOF                                       build/usbd_core.o
                                                  build/usbd_conf.o
USBD_LL_SetSpeed                                  build/usbd_core.o
                                                  build/usbd_conf.o
USBD_LL_SetUSBAddress                             build/usbd_conf.o
                                                  build/usbd_ctlreq.o
USBD_LL_SetupStage                                build/usbd_core.o
                                                  build/usbd_conf.o
USBD_LL_StallEP                                   build/usbd_conf.o
                                                  build/usbd_ctlreq.o
                                                  build/usbd_core.o
USBD_LL_Start                                     build/usbd_conf.o
                                                  build/usbd_core.o
USBD_LL_Stop                                      build/usbd_conf.o
                                                  build/usbd_core.o
USBD_LL_Suspend                                   build/usbd_core.o
                                                  build/usbd_conf.o
USBD_LL_Transmit                                  build/usbd_conf.o
                                                  build/usbd_cdc.o
                                                  build/usbd_ioreq.o
USBD_LangIDDesc                                   build/usbd_desc.o
USBD_ParseSetupRequest                            build/usbd_ctlreq.o
                                                  build/usbd_core.o
USBD_RegisterClass                                build/usbd_core.o
                                                  build/usb_device.o
USBD_RunTestMode                                  build/usbd_core.o
USBD_SetClassConfig                               build/usbd_core.o
                                                  build/usbd_ctlreq.o
USBD_Start                                        build/usbd_core.o
                                                  build/usb_device.o
USBD_StdDevReq                                    build/usbd_ctlreq.o
                                                  build/usbd_core.o