Archive member included to satisfy reference by file (symbol)

c:/program files (x86)/gnu arm embedded toolchain/10 2021.10/bin/../lib/gcc/arm-none-eabi/10.3.1/../../../../arm-none-eabi/lib/thumb/v7-m/nofp\libc_nano.a(lib_a-exit.o)
                              c:/program files (x86)/gnu arm embedded toolchain/10 2021.10/bin/../lib/gcc/arm-none-eabi/10.3.1/../../../../arm-none-eabi/lib/thumb/v7-m/nofp/crt0.o (exit)
c:/program files (x86)/gnu arm embedded toolchain/10 2021.10/bin/../lib/gcc/arm-none-eabi/10.3.1/../../../../arm-none-eabi/lib/thumb/v7-m/nofp\libc_nano.a(lib_a-impure.o)
                              c:/program files (x86)/gnu arm embedded toolchain/10 2021.10/bin/../lib/gcc/arm-none-eabi/10.3.1/../../../../arm-none-eabi/lib/thumb/v7-m/nofp\libc_nano.a(lib_a-exit.o) (_global_impure_ptr)
c:/program files (x86)/gnu arm embedded toolchain/10 2021.10/bin/../lib/gcc/arm-none-eabi/10.3.1/../../../../arm-none-eabi/lib/thumb/v7-m/nofp\libc_nano.a(lib_a-init.o)
                              c:/program files (x86)/gnu arm embedded toolchain/10 2021.10/bin/../lib/gcc/arm-none-eabi/10.3.1/../../../../arm-none-eabi/lib/thumb/v7-m/nofp/crt0.o (__libc_init_array)
c:/program files (x86)/gnu arm embedded toolchain/10 2021.10/bin/../lib/gcc/arm-none-eabi/10.3.1/../../../../arm-none-eabi/lib/thumb/v7-m/nofp\libc_nano.a(lib_a-memset.o)
                              c:/program files (x86)/gnu arm embedded toolchain/10 2021.10/bin/../lib/gcc/arm-none-eabi/10.3.1/../../../../arm-none-eabi/lib/thumb/v7-m/nofp/crt0.o (memset)
c:/program files (x86)/gnu arm embedded toolchain/10 2021.10/bin/../lib/gcc/arm-none-eabi/10.3.1/../../../../arm-none-eabi/lib/thumb/v7-m/nofp\libc_nano.a(lib_a-sprintf.o)
                              build/main.o (sprintf)
c:/program files (x86)/gnu arm embedded toolchain/10 2021.10/bin/../lib/gcc/arm-none-eabi/10.3.1/../../../../arm-none-eabi/lib/thumb/v7-m/nofp\libc_nano.a(lib_a-strlen.o)
                              build/main.o (strlen)
c:/program files (x86)/gnu arm embedded toolchain/10 2021.10/bin/../lib/gcc/arm-none-eabi/10.3.1/../../../../arm-none-eabi/lib/thumb/v7-m/nofp\libc_nano.a(lib_a-nano-svfprintf.o)
                              c:/program files (x86)/gnu arm embedded toolchain/10 2021.10/bin/../lib/gcc/arm-none-eabi/10.3.1/../../../../arm-none-eabi/lib/thumb/v7-m/nofp\libc_nano.a(lib_a-sprintf.o) (_svfprintf_r)
c:/program files (x86)/gnu arm embedded toolchain/10 2021.10/bin/../lib/gcc/arm-none-eabi/10.3.1/../../../../arm-none-eabi/lib/thumb/v7-m/nofp\libc_nano.a(lib_a-nano-vfprintf_i.o)
                              c:/program files (x86)/gnu arm embedded toolchain/10 2021.10/bin/../lib/gcc/arm-none-eabi/10.3.1/../../../../arm-none-eabi/lib/thumb/v7-m/nofp\libc_nano.a(lib_a-nano-svfprintf.o) (_printf_i)
c:/program files (x86)/gnu arm embedded toolchain/10 2021.10/bin/../lib/gcc/arm-none-eabi/10.3.1/../../../../arm-none-eabi/lib/thumb/v7-m/nofp\libc_nano.a(lib_a-memchr-stub.o)
                              c:/program files (x86)/gnu arm embedded toolchain/10 2021.10/bin/../lib/gcc/arm-none-eabi/10.3.1/../../../../arm-none-eabi/lib/thumb/v7-m/nofp\libc_nano.a(lib_a-nano-svfprintf.o) (memchr)
c:/program files (x86)/gnu arm embedded toolchain/10 2021.10/bin/../lib/gcc/arm-none-eabi/10.3.1/../../../../arm-none-eabi/lib/thumb/v7-m/nofp\libc_nano.a(lib_a-memcpy-stub.o)
                              c:/program files (x86)/gnu arm embedded toolchain/10 2021.10/bin/../lib/gcc/arm-none-eabi/10.3.1/../../../../arm-none-eabi/lib/thumb/v7-m/nofp\libc_nano.a(lib_a-nano-svfprintf.o) (memcpy)
c:/program files (x86)/gnu arm embedded toolchain/10 2021.10/bin/../lib/gcc/arm-none-eabi/10.3.1/../../../../arm-none-eabi/lib/thumb/v7-m/nofp\libc_nano.a(lib_a-memmove.o)
                              c:/program files (x86)/gnu arm embedded toolchain/10 2021.10/bin/../lib/gcc/arm-none-eabi/10.3.1/../../../../arm-none-eabi/lib/thumb/v7-m/nofp\libc_nano.a(lib_a-nano-svfprintf.o) (memmove)
c:/program files (x86)/gnu arm embedded toolchain/10 2021.10/bin/../lib/gcc/arm-none-eabi/10.3.1/../../../../arm-none-eabi/lib/thumb/v7-m/nofp\libc_nano.a(lib_a-nano-freer.o)
                              c:/program files (x86)/gnu arm embedded toolchain/10 2021.10/bin/../lib/gcc/arm-none-eabi/10.3.1/../../../../arm-none-eabi/lib/thumb/v7-m/nofp\libc_nano.a(lib_a-nano-svfprintf.o) (_free_r)
c:/program files (x86)/gnu arm embedded toolchain/10 2021.10/bin/../lib/gcc/arm-none-eabi/10.3.1/../../../../arm-none-eabi/lib/thumb/v7-m/nofp\libc_nano.a(lib_a-nano-mallocr.o)
                              c:/program files (x86)/gnu arm embedded toolchain/10 2021.10/bin/../lib/gcc/arm-none-eabi/10.3.1/../../../../arm-none-eabi/lib/thumb/v7-m/nofp\libc_nano.a(lib_a-nano-svfprintf.o) (_malloc_r)
c:/program files (x86)/gnu arm embedded toolchain/10 2021.10/bin/../lib/gcc/arm-none-eabi/10.3.1/../../../../arm-none-eabi/lib/thumb/v7-m/nofp\libc_nano.a(lib_a-nano-reallocr.o)
[...]
Memory Configuration

Name             Origin             Length             Attributes
RAM              0x20000000         0x00005000         xrw
FLASH            0x08000000         0x00010000         xr
*default*        0x00000000         0xffffffff

Linker script and memory map

LOAD c:/program files (x86)/gnu arm embedded toolchain/10 2021.10/bin/../lib/gcc/arm-none-eabi/10.3.1/thumb/v7-m/nofp/crti.o
LOAD c:/program files (x86)/gnu arm embedded toolchain/10 2021.10/bin/../lib/gcc/arm-none-eabi/10.3.1/thumb/v7-m/nofp/crtbegin.o
LOAD c:/program files (x86)/gnu arm embedded toolchain/10 2021.10/bin/../lib/gcc/arm-none-eabi/10.3.1/../../../../arm-none-eabi/lib/thumb/v7-m/nofp/crt0.o
LOAD build/main.o
LOAD build/stm32f1xx_it.o
LOAD build/stm32f1xx_hal_msp.o
LOAD build/usb_device.o
LOAD build/usbd_desc.o
LOAD build/usbd_cdc_if.o
LOAD build/usbd_conf.o
LOAD build/stm32f1xx_hal_gpio_ex.o
LOAD build/stm32f1xx_hal_pcd.o
LOAD build/stm32f1xx_hal_pcd_ex.o
LOAD build/stm32f1xx_ll_usb.o
LOAD build/stm32f1xx_hal.o
LOAD build/stm32f1xx_hal_rcc.o
LOAD build/stm32f1xx_hal_rcc_ex.o
LOAD build/stm32f1xx_hal_gpio.o
LOAD build/stm32f1xx_hal_dma.o
LOAD build/stm32f1xx_hal_cortex.o
LOAD build/stm32f1xx_hal_pwr.o
LOAD build/stm32f1xx_hal_flash.o
LOAD build/stm32f1xx_hal_flash_ex.o
LOAD build/stm32f1xx_hal_exti.o
LOAD build/stm32f1xx_hal_adc.o
LOAD build/stm32f1xx_hal_adc_ex.o
LOAD build/stm32f1xx_hal_tim.o
LOAD build/stm32f1xx_hal_tim_ex.o
LOAD build/system_stm32f1xx.o
LOAD build/usbd_core.o
LOAD build/usbd_ctlreq.o
LOAD build/usbd_ioreq.o
LOAD build/usbd_cdc.o
LOAD build/SRV_MotorControl_input.o
LOAD build/SRV_MotorControl_output.o
LOAD build/SRV_MotorControl_main.o
LOAD build/srv_sens_input.o
LOAD build/srv_sens_main.o
LOAD build/srv_sens_output.o
LOAD build/startup_stm32f103xb.o
LOAD c:/program files (x86)/gnu arm embedded toolchain/10 2021.10/bin/../lib/gcc/arm-none-eabi/10.3.1/../../../../arm-none-eabi/lib/thumb/v7-m/nofp\libc_nano.a
LOAD c:/program files (x86)/gnu arm embedded toolchain/10 2021.10/bin/../lib/gcc/arm-none-eabi/10.3.1/../../../../arm-none-eabi/lib/thumb/v7-m/nofp\libm.a
LOAD c:/program files (x86)/gnu arm embedded toolchain/10 2021.10/bin/../lib/gcc/arm-none-eabi/10.3.1/../../../../arm-none-eabi/lib/thumb/v7-m/nofp\libnosys.a
START GROUP
LOAD c:/program files (x86)/gnu arm embedded toolchain/10 2021.10/bin/../lib/gcc/arm-none-eabi/10.3.1/thumb/v7-m/nofp\libgcc.a
LOAD c:/program files (x86)/gnu arm embedded toolchain/10 2021.10/bin/../lib/gcc/arm-none-eabi/10.3.1/../../../../arm-none-eabi/lib/thumb/v7-m/nofp\libc_nano.a
END GROUP
START GROUP
LOAD c:/program files (x86)/gnu arm embedded toolchain/10 2021.10/bin/../lib/gcc/arm-none-eabi/10.3.1/thumb/v7-m/nofp\libgcc.a
LOAD c:/program files (x86)/gnu arm embedded toolchain/10 2021.10/bin/../lib/gcc/arm-none-eabi/10.3.1/../../../../arm-none-eabi/lib/thumb/v7-m/nofp\libc_nano.a
END GROUP
LOAD c:/program files (x86)/gnu arm embedded toolchain/10 2021.10/bin/../lib/gcc/arm-none-eabi/10.3.1/thumb/v7-m/nofp/crtend.o
LOAD c:/program files (x86)/gnu arm embedded toolchain/10 2021.10/bin/../lib/gcc/arm-none-eabi/10.3.1/thumb/v7-m/nofp/crtn.o
                0x20005000                _estack = (ORIGIN (RAM) + LENGTH (RAM))
                0x00000200                _Min_Heap_Size = 0x200
                0x00000400                _Min_Stack_Size = 0x400

.isr_vector     0x08000000      0x10c
                0x08000000                . = ALIGN (0x4)
 *(.isr_vector)
 .isr_vector    0x08000000      0x10c build/startup_stm32f103xb.o
                0x08000000                g_pfnVectors
                0x0800010c                . = ALIGN (0x4)

.text           0x08000110     0x5e28
                0x08000110                . = ALIGN (0x4)
 *(.text)
 .text          0x08000110       0x40 c:/program files (x86)/gnu arm embedded toolchain/10 2021.10/bin/../lib/gcc/arm-none-eabi/10.3.1/thumb/v7-m/nofp/crtbegin.o
 .text          0x08000150       0x10 c:/program files (x86)/gnu arm embedded toolchain/10 2021.10/bin/../lib/gcc/arm-none-eabi/10.3.1/../../../../arm-none-eabi/lib/thumb/v7-m/nofp\libc_nano.a(lib_a-strlen.o)
                0x08000150                strlen
 .text          0x08000160      0x378 c:/program files (x86)/gnu arm embedded toolchain/10 2021.10/bin/../lib/gcc/arm-none-eabi/10.3.1/thumb/v7-m/nofp\libgcc.a(_arm_addsubdf3.o)
                0x08000160                __aeabi_drsub
                0x08000168                __aeabi_dsub
                0x08000168                __subdf3
                0x0800016c                __aeabi_dadd
                0x0800016c                __adddf3
                0x080003e4                __floatunsidf
                0x080003e4                __aeabi_ui2d
                0x08000404                __floatsidf
                0x08000404                __aeabi_i2d
                0x08000428                __aeabi_f2d
                0x08000428                __extendsfdf2
                0x0800046c                __floatundidf
                0x0800046c                __aeabi_ul2d
                0x0800047c                __floatdidf
                0x0800047c                __aeabi_l2d
 .text          0x080004d8      0x424 c:/program files (x86)/gnu arm embedded toolchain/10 2021.10/bin/../lib/gcc/arm-none-eabi/10.3.1/thumb/v7-m/nofp\libgcc.a(_arm_muldivdf3.o)
                0x080004d8                __aeabi_dmul
                0x080004d8                __muldf3
                0x0800072c                __divdf3
                0x0800072c                __aeabi_ddiv
 .text          0x080008fc       0xa0 c:/program files (x86)/gnu arm embedded toolchain/10 2021.10/bin/../lib/gcc/arm-none-eabi/10.3.1/thumb/v7-m/nofp\libgcc.a(_arm_truncdfsf2.o)
                0x080008fc                __truncdfsf2
                0x080008fc                __aeabi_d2f
 .text          0x0800099c      0x21c c:/program files (x86)/gnu arm embedded toolchain/10 2021.10/bin/../lib/gcc/arm-none-eabi/10.3.1/thumb/v7-m/nofp\libgcc.a(_arm_addsubsf3.o)
                0x0800099c                __aeabi_frsub
                0x080009a4                __subsf3
                0x080009a4                __aeabi_fsub
                0x080009a8                __aeabi_fadd
                0x080009a8                __addsf3
                0x08000b08                __aeabi_ui2f
                0x08000b08                __floatunsisf
                0x08000b10                __aeabi_i2f
                0x08000b10                __floatsisf
                0x08000b2c                __aeabi_ul2f
                0x08000b2c                __floatundisf
                0x08000b3c                __aeabi_l2f
                0x08000b3c                __floatdisf
 .text          0x08000bb8      0x2a0 c:/program files (x86)/gnu arm embedded toolchain/10 2021.10/bin/../lib/gcc/arm-none-eabi/10.3.1/thumb/v7-m/nofp\libgcc.a(_arm_muldivsf3.o)
                0x08000bb8                __mulsf3
                0x08000bb8                __aeabi_fmul
                0x08000d20                __aeabi_fdiv
                0x08000d20                __divsf3
 .text          0x08000e58       0x4c c:/program files (x86)/gnu arm embedded toolchain/10 2021.10/bin/../lib/gcc/arm-none-eabi/10.3.1/thumb/v7-m/nofp\libgcc.a(_arm_fixsfsi.o)
                0x08000e58                __aeabi_f2iz
                0x08000e58                __fixsfsi
 *(.text*)
 .text.MX_GPIO_Init
                0x08000ea4       0x64 build/main.o
 .text.Error_Handler
                0x08000f08        0x4 build/main.o
                0x08000f08                Error_Handler
 .text.MX_ADC1_Init
                0x08000f0c       0x54 build/main.o
 .text.SystemClock_Config
                0x08000f60       0x8c build/main.o
                0x08000f60                SystemClock_Config
 .text.main     0x08000fec       0x5c build/main.o
                0x08000fec                main
 .text.NMI_Handler
                0x08001048        0x2 build/stm32f1xx_it.o
                0x08001048                NMI_Handler
 .text.HardFault_Handler
                0x0800104a        0x2 build/stm32f1xx_it.o
                0x0800104a                HardFault_Handler
 .text.MemManage_Handler
                0x0800104c        0x2 build/stm32f1xx_it.o
                0x0800104c                MemManage_Handler
 .text.BusFault_Handler
                0x0800104e        0x2 build/stm32f1xx_it.o
                0x0800104e                BusFault_Handler
 .text.UsageFault_Handler
                0x08001050        0x2 build/stm32f1xx_it.o
                0x08001050                UsageFault_Handler
 .text.SVC_Handler
                0x08001052        0x2 build/stm32f1xx_it.o
                0x08001052                SVC_Handler
 .text.DebugMon_Handler
                0x08001054        0x2 build/stm32f1xx_it.o
                0x08001054                DebugMon_Handler
 .text.PendSV_Handler
                0x08001056        0x2 build/stm32f1xx_it.o
                0x08001056                PendSV_Handler
 .text.SysTick_Handler
                0x08001058        0x8 build/stm32f1xx_it.o
                0x08001058                SysTick_Handler
 .text.USB_LP_CAN1_RX0_IRQHandler
                0x08001060       0x10 build/stm32f1xx_it.o
                0x08001060                USB_LP_CAN1_RX0_IRQHandler
 .text.HAL_MspInit
                0x08001070       0x44 build/stm32f1xx_hal_msp.o
                0x08001070                HAL_MspInit
 .text.HAL_ADC_MspInit
                0x080010b4       0x60 build/stm32f1xx_hal_msp.o
                0x080010b4                HAL_ADC_MspInit
 .text.MX_USB_DEVICE_Init
                0x08001114       0x54 build/usb_device.o
                0x08001114                MX_USB_DEVICE_Init
 .text.USBD_FS_DeviceDescriptor
                0x08001168        0xc build/usbd_desc.o
                0x08001168                USBD_FS_DeviceDescriptor
 .text.USBD_FS_LangIDStrDescriptor
                0x08001174        0xc build/usbd_desc.o
                0x08001174                USBD_FS_LangIDStrDescriptor
 .text.IntToUnicode
                0x08001180       0x46 build/usbd_desc.o
 *fill*         0x080011c6        0x2 
 .text.Get_SerialNum
                0x080011c8       0x38 build/usbd_desc.o
 .text.USBD_FS_SerialStrDescriptor
                0x08001200       0x14 build/usbd_desc.o
                0x08001200                USBD_FS_SerialStrDescriptor
 .text.USBD_FS_ProductStrDescriptor
                0x08001214       0x24 build/usbd_desc.o
                0x08001214                USBD_FS_ProductStrDescriptor
 .text.USBD_FS_ManufacturerStrDescriptor
                0x08001238       0x1c build/usbd_desc.o
                0x08001238                USBD_FS_ManufacturerStrDescriptor
 .text.USBD_FS_ConfigStrDescriptor
                0x08001254       0x24 build/usbd_desc.o
                0x08001254                USBD_FS_ConfigStrDescriptor
 .text.USBD_FS_InterfaceStrDescriptor
                0x08001278       0x24 build/usbd_desc.o
                0x08001278                USBD_FS_InterfaceStrDescriptor
 .text.CDC_DeInit_FS
                0x0800129c        0x4 build/usbd_cdc_if.o
 .text.CDC_Control_FS
                0x080012a0        0x4 build/usbd_cdc_if.o
 .text.CDC_Receive_FS
                0x080012a4       0x1c build/usbd_cdc_if.o
 .text.CDC_Init_FS
                0x080012c0       0x28 build/usbd_cdc_if.o
 .text.CDC_Transmit_FS
                0x080012e8       0x2c build/usbd_cdc_if.o
                0x080012e8                CDC_Transmit_FS
 .text.USBD_Get_USB_Status
                0x08001314       0x14 build/usbd_conf.o
 .text.HAL_PCD_MspInit
                0x08001328       0x40 build/usbd_conf.o
                0x08001328                HAL_PCD_MspInit
 .text.HAL_PCD_SetupStageCallback
                0x08001368       0x10 build/usbd_conf.o
                0x08001368                HAL_PCD_SetupStageCallback
 .text.HAL_PCD_DataOutStageCallback
                0x08001378       0x18 build/usbd_conf.o
                0x08001378                HAL_PCD_DataOutStageCallback
 .text.HAL_PCD_DataInStageCallback
                0x08001390       0x16 build/usbd_conf.o
                0x08001390                HAL_PCD_DataInStageCallback
 .text.HAL_PCD_SOFCallback
                0x080013a6        0xc build/usbd_conf.o
                0x080013a6                HAL_PCD_SOFCallback
 .text.HAL_PCD_ResetCallback
                0x080013b2       0x24 build/usbd_conf.o
                0x080013b2                HAL_PCD_ResetCallback
 *fill*         0x080013d6        0x2 
 .text.HAL_PCD_SuspendCallback
                0x080013d8       0x20 build/usbd_conf.o
                0x080013d8                HAL_PCD_SuspendCallback
 .text.HAL_PCD_ResumeCallback
                0x080013f8        0xc build/usbd_conf.o
                0x080013f8                HAL_PCD_ResumeCallback
 .text.USBD_LL_Init
                0x08001404       0x84 build/usbd_conf.o
                0x08001404                USBD_LL_Init
 .text.USBD_LL_Start
                0x08001488       0x10 build/usbd_conf.o
                0x08001488                USBD_LL_Start
 .text.USBD_LL_OpenEP
                0x08001498       0x16 build/usbd_conf.o
                0x08001498                USBD_LL_OpenEP
 .text.USBD_LL_CloseEP
                0x080014ae       0x10 build/usbd_conf.o
                0x080014ae                USBD_LL_CloseEP
 .text.USBD_LL_StallEP
                0x080014be       0x10 build/usbd_conf.o
                0x080014be                USBD_LL_StallEP
 .text.USBD_LL_ClearStallEP
                0x080014ce       0x10 build/usbd_conf.o
                0x080014ce                USBD_LL_ClearStallEP
 .text.USBD_LL_IsStallEP
                0x080014de       0x2e build/usbd_conf.o
                0x080014de                USBD_LL_IsStallEP
 .text.USBD_LL_SetUSBAddress
                0x0800150c       0x10 build/usbd_conf.o
                0x0800150c                USBD_LL_SetUSBAddress
 .text.USBD_LL_Transmit
                0x0800151c       0x10 build/usbd_conf.o
                0x0800151c                USBD_LL_Transmit
 .text.USBD_LL_PrepareReceive
                0x0800152c       0x10 build/usbd_conf.o
                0x0800152c                USBD_LL_PrepareReceive
 .text.USBD_LL_GetRxDataSize
                0x0800153c        0xc build/usbd_conf.o
                0x0800153c                USBD_LL_GetRxDataSize
 .text.USBD_static_malloc
                0x08001548        0x8 build/usbd_conf.o
                0x08001548                USBD_static_malloc
 .text.USBD_static_free
                0x08001550        0x2 build/usbd_conf.o
                0x08001550                USBD_static_free
 .text.HAL_PCDEx_SetConnectionState
                0x08001552        0x2 build/usbd_conf.o
                0x08001552                HAL_PCDEx_SetConnectionState
 .text.HAL_PCD_EP_DB_Receive
                0x08001554      0x11c build/stm32f1xx_hal_pcd.o
 .text.HAL_PCD_Init
                0x08001670      0x118 build/stm32f1xx_hal_pcd.o
                0x08001670                HAL_PCD_Init
 .text.HAL_PCD_Start
                0x08001788       0x32 build/stm32f1xx_hal_pcd.o
                0x08001788                HAL_PCD_Start
 .text.HAL_PCD_EP_DB_Transmit
                0x080017ba      0x420 build/stm32f1xx_hal_pcd.o
 .text.PCD_EP_ISR_Handler
                0x08001bda      0x438 build/stm32f1xx_hal_pcd.o
 .text.HAL_PCD_SetAddress
                0x08002012       0x28 build/stm32f1xx_hal_pcd.o
                0x08002012                HAL_PCD_SetAddress
 .text.HAL_PCD_IRQHandler
                0x0800203a      0x1d4 build/stm32f1xx_hal_pcd.o
                0x0800203a                HAL_PCD_IRQHandler
 .text.HAL_PCD_EP_Open
                0x0800220e       0x84 build/stm32f1xx_hal_pcd.o
                0x0800220e                HAL_PCD_EP_Open
 .text.HAL_PCD_EP_Close
                0x08002292       0x64 build/stm32f1xx_hal_pcd.o
                0x08002292                HAL_PCD_EP_Close
 .text.HAL_PCD_EP_Receive
                0x080022f6       0x44 build/stm32f1xx_hal_pcd.o
                0x080022f6                HAL_PCD_EP_Receive
 .text.HAL_PCD_EP_GetRxCount
                0x0800233a       0x12 build/stm32f1xx_hal_pcd.o
                0x0800233a                HAL_PCD_EP_GetRxCount
 .text.HAL_PCD_EP_Transmit
                0x0800234c       0x50 build/stm32f1xx_hal_pcd.o
                0x0800234c                HAL_PCD_EP_Transmit
 .text.HAL_PCD_EP_SetStall
                0x0800239c       0x78 build/stm32f1xx_hal_pcd.o
                0x0800239c                HAL_PCD_EP_SetStall
 .text.HAL_PCD_EP_ClrStall
                0x08002414       0x76 build/stm32f1xx_hal_pcd.o
                0x08002414                HAL_PCD_EP_ClrStall
 .text.HAL_PCDEx_PMAConfig
                0x0800248a       0x38 build/stm32f1xx_hal_pcd_ex.o
                0x0800248a                HAL_PCDEx_PMAConfig
 .text.USB_CoreInit
                0x080024c2        0xe build/stm32f1xx_ll_usb.o
                0x080024c2                USB_CoreInit
 .text.USB_EnableGlobalInt
                0x080024d0       0x12 build/stm32f1xx_ll_usb.o
                0x080024d0                USB_EnableGlobalInt
 .text.USB_DisableGlobalInt
                0x080024e2       0x14 build/stm32f1xx_ll_usb.o
                0x080024e2                USB_DisableGlobalInt
 .text.USB_SetCurrentMode
                0x080024f6        0x4 build/stm32f1xx_ll_usb.o
                0x080024f6                USB_SetCurrentMode
 .text.USB_DevInit
                0x080024fa       0x22 build/stm32f1xx_ll_usb.o
                0x080024fa                USB_DevInit
 .text.USB_ActivateEndpoint
                0x0800251c      0x378 build/stm32f1xx_ll_usb.o
                0x0800251c                USB_ActivateEndpoint
 .text.USB_DeactivateEndpoint
                0x08002894      0x1d6 build/stm32f1xx_ll_usb.o
                0x08002894                USB_DeactivateEndpoint
 .text.USB_EPSetStall
                0x08002a6a       0x4a build/stm32f1xx_ll_usb.o
                0x08002a6a                USB_EPSetStall
 .text.USB_EPClearStall
                0x08002ab4       0xa2 build/stm32f1xx_ll_usb.o
                0x08002ab4                USB_EPClearStall
 .text.USB_SetDevAddress
                0x08002b56        0xc build/stm32f1xx_ll_usb.o
                0x08002b56                USB_SetDevAddress
 .text.USB_DevConnect
                0x08002b62        0x4 build/stm32f1xx_ll_usb.o
                0x08002b62                USB_DevConnect
 .text.USB_DevDisconnect
                0x08002b66        0x4 build/stm32f1xx_ll_usb.o
                0x08002b66                USB_DevDisconnect
 .text.USB_ReadInterrupts
                0x08002b6a        0x8 build/stm32f1xx_ll_usb.o
                0x08002b6a                USB_ReadInterrupts
 .text.USB_EP0_OutStart
                0x08002b72        0x4 build/stm32f1xx_ll_usb.o
                0x08002b72                USB_EP0_OutStart
 .text.USB_WritePMA
                0x08002b76       0x28 build/stm32f1xx_ll_usb.o
                0x08002b76                USB_WritePMA
 .text.USB_EPStartXfer
                0x08002b9e      0x8b2 build/stm32f1xx_ll_usb.o
                0x08002b9e                USB_EPStartXfer
 .text.USB_ReadPMA
                0x08003450       0x30 build/stm32f1xx_ll_usb.o
                0x08003450                USB_ReadPMA
 .text.HAL_InitTick
                0x08003480       0x4c build/stm32f1xx_hal.o
                0x08003480                HAL_InitTick
 .text.HAL_Init
                0x080034cc       0x24 build/stm32f1xx_hal.o
                0x080034cc                HAL_Init
 .text.HAL_IncTick
                0x080034f0       0x18 build/stm32f1xx_hal.o
                0x080034f0                HAL_IncTick
 .text.HAL_GetTick
                0x08003508        0xc build/stm32f1xx_hal.o
                0x08003508                HAL_GetTick
 .text.HAL_Delay
                0x08003514       0x28 build/stm32f1xx_hal.o
                0x08003514                HAL_Delay
 .text.RCC_Delay
                0x0800353c       0x2c build/stm32f1xx_hal_rcc.o
 .text.HAL_RCC_OscConfig
                0x08003568      0x410 build/stm32f1xx_hal_rcc.o
                0x08003568                HAL_RCC_OscConfig
 .text.HAL_RCC_GetSysClockFreq
                0x08003978       0x70 build/stm32f1xx_hal_rcc.o
                0x08003978                HAL_RCC_GetSysClockFreq
 .text.HAL_RCC_ClockConfig
                0x080039e8      0x16c build/stm32f1xx_hal_rcc.o
                0x080039e8                HAL_RCC_ClockConfig
 .text.HAL_RCC_GetHCLKFreq
                0x08003b54        0xc build/stm32f1xx_hal_rcc.o
                0x08003b54                HAL_RCC_GetHCLKFreq
 .text.HAL_RCC_GetPCLK2Freq
                0x08003b60       0x20 build/stm32f1xx_hal_rcc.o
                0x08003b60                HAL_RCC_GetPCLK2Freq
 .text.HAL_RCCEx_PeriphCLKConfig
                0x08003b80      0x118 build/stm32f1xx_hal_rcc_ex.o
                0x08003b80                HAL_RCCEx_PeriphCLKConfig
 .text.HAL_RCCEx_GetPeriphCLKFreq
                0x08003c98      0x100 build/stm32f1xx_hal_rcc_ex.o
                0x08003c98                HAL_RCCEx_GetPeriphCLKFreq
 .text.HAL_GPIO_Init
                0x08003d98      0x224 build/stm32f1xx_hal_gpio.o
                0x08003d98                HAL_GPIO_Init
 .text.HAL_GPIO_WritePin
                0x08003fbc        0xc build/stm32f1xx_hal_gpio.o
                0x08003fbc                HAL_GPIO_WritePin
 .text.HAL_NVIC_SetPriorityGrouping
                0x08003fc8       0x24 build/stm32f1xx_hal_cortex.o
                0x08003fc8                HAL_NVIC_SetPriorityGrouping
 .text.HAL_NVIC_SetPriority
                0x08003fec       0x70 build/stm32f1xx_hal_cortex.o
                0x08003fec                HAL_NVIC_SetPriority
 .text.HAL_NVIC_EnableIRQ
                0x0800405c       0x1c build/stm32f1xx_hal_cortex.o
                0x0800405c                HAL_NVIC_EnableIRQ
 .text.HAL_SYSTICK_Config
                0x08004078       0x28 build/stm32f1xx_hal_cortex.o
                0x08004078                HAL_SYSTICK_Config
 .text.HAL_ADC_PollForConversion
                0x080040a0      0x184 build/stm32f1xx_hal_adc.o
                0x080040a0                HAL_ADC_PollForConversion
 .text.HAL_ADC_GetValue
                0x08004224        0x6 build/stm32f1xx_hal_adc.o
                0x08004224                HAL_ADC_GetValue
 *fill*         0x0800422a        0x2 
 .text.HAL_ADC_ConfigChannel
                0x0800422c      0x144 build/stm32f1xx_hal_adc.o
                0x0800422c                HAL_ADC_ConfigChannel
 .text.ADC_Enable
                0x08004370       0x88 build/stm32f1xx_hal_adc.o
                0x08004370                ADC_Enable
 .text.HAL_ADC_Start
                0x080043f8       0xe8 build/stm32f1xx_hal_adc.o
                0x080043f8                HAL_ADC_Start
 .text.ADC_ConversionStop_Disable
                0x080044e0       0x56 build/stm32f1xx_hal_adc.o
                0x080044e0                ADC_ConversionStop_Disable
 *fill*         0x08004536        0x2 
 .text.HAL_ADC_Init
                0x08004538      0x108 build/stm32f1xx_hal_adc.o
                0x08004538                HAL_ADC_Init
 .text.HAL_ADC_Stop
                0x08004640       0x34 build/stm32f1xx_hal_adc.o
                0x08004640                HAL_ADC_Stop
 .text.SystemInit
                0x08004674        0x2 build/system_stm32f1xx.o
                0x08004674                SystemInit
 .text.USBD_Init
                0x08004676       0x2e build/usbd_core.o
                0x08004676                USBD_Init
 .text.USBD_RegisterClass
                0x080046a4        0xe build/usbd_core.o
                0x080046a4                USBD_RegisterClass
 .text.USBD_Start
                0x080046b2        0xa build/usbd_core.o
                0x080046b2                USBD_Start
 .text.USBD_SetClassConfig
                0x080046bc       0x18 build/usbd_core.o
                0x080046bc                USBD_SetClassConfig
 .text.USBD_ClrClassConfig
                0x080046d4        0xe build/usbd_core.o
                0x080046d4                USBD_ClrClassConfig
 .text.USBD_LL_SetupStage
                0x080046e2       0x5a build/usbd_core.o
                0x080046e2                USBD_LL_SetupStage
 .text.USBD_LL_DataOutStage
                0x0800473c       0x8c build/usbd_core.o
                0x0800473c                USBD_LL_DataOutStage
 .text.USBD_LL_DataInStage
                0x080047c8       0xd0 build/usbd_core.o
                0x080047c8                USBD_LL_DataInStage
 .text.USBD_LL_Reset
                0x08004898       0x50 build/usbd_core.o
                0x08004898                USBD_LL_Reset
 .text.USBD_LL_SetSpeed
                0x080048e8        0x6 build/usbd_core.o
                0x080048e8                USBD_LL_SetSpeed
 .text.USBD_LL_Suspend
                0x080048ee       0x12 build/usbd_core.o
                0x080048ee                USBD_LL_Suspend
 .text.USBD_LL_Resume
                0x08004900       0x16 build/usbd_core.o
                0x08004900                USBD_LL_Resume
 .text.USBD_LL_SOF
                0x08004916       0x1c build/usbd_core.o
                0x08004916                USBD_LL_SOF
 .text.USBD_GetLen
                0x08004932       0x14 build/usbd_ctlreq.o
 .text.USBD_SetFeature
                0x08004946       0x14 build/usbd_ctlreq.o
 .text.USBD_ParseSetupRequest
                0x0800495a       0x28 build/usbd_ctlreq.o
                0x0800495a                USBD_ParseSetupRequest
 .text.USBD_CtlError
                0x08004982       0x14 build/usbd_ctlreq.o
                0x08004982                USBD_CtlError
 .text.USBD_GetDescriptor
                0x08004996      0x186 build/usbd_ctlreq.o
 .text.USBD_SetAddress
                0x08004b1c       0x4e build/usbd_ctlreq.o
 *fill*         0x08004b6a        0x2 
 .text.USBD_SetConfig
                0x08004b6c       0xb0 build/usbd_ctlreq.o
 .text.USBD_GetConfig
                0x08004c1c       0x3e build/usbd_ctlreq.o
 .text.USBD_GetStatus
                0x08004c5a       0x38 build/usbd_ctlreq.o
 .text.USBD_ClrFeature
                0x08004c92       0x26 build/usbd_ctlreq.o
 .text.USBD_StdDevReq
                0x08004cb8       0x68 build/usbd_ctlreq.o
                0x08004cb8                USBD_StdDevReq
 .text.USBD_StdItfReq
                0x08004d20       0x60 build/usbd_ctlreq.o
                0x08004d20                USBD_StdItfReq
 .text.USBD_StdEPReq
                0x08004d80      0x1e2 build/usbd_ctlreq.o
                0x08004d80                USBD_StdEPReq
 .text.USBD_GetString
                0x08004f62       0x3a build/usbd_ctlreq.o
                0x08004f62                USBD_GetString
 .text.USBD_CtlSendData
                0x08004f9c       0x1a build/usbd_ioreq.o
                0x08004f9c                USBD_CtlSendData
 .text.USBD_CtlContinueSendData
                0x08004fb6       0x10 build/usbd_ioreq.o
                0x08004fb6                USBD_CtlContinueSendData
 .text.USBD_CtlPrepareRx
                0x08004fc6       0x1e build/usbd_ioreq.o
                0x08004fc6                USBD_CtlPrepareRx
 .text.USBD_CtlContinueRx
                0x08004fe4       0x10 build/usbd_ioreq.o
                0x08004fe4                USBD_CtlContinueRx
 .text.USBD_CtlSendStatus
                0x08004ff4       0x16 build/usbd_ioreq.o
                0x08004ff4                USBD_CtlSendStatus
 .text.USBD_CtlReceiveStatus
                0x0800500a       0x16 build/usbd_ioreq.o
                0x0800500a                USBD_CtlReceiveStatus
 .text.USBD_CDC_EP0_RxReady
                0x08005020       0x28 build/usbd_cdc.o
 .text.USBD_CDC_GetFSCfgDesc
                0x08005048        0xc build/usbd_cdc.o
 .text.USBD_CDC_GetHSCfgDesc
                0x08005054        0xc build/usbd_cdc.o
 .text.USBD_CDC_GetOtherSpeedCfgDesc
                0x08005060        0xc build/usbd_cdc.o
 .text.USBD_CDC_GetDeviceQualifierDescriptor
                0x0800506c        0xc build/usbd_cdc.o
                0x0800506c                USBD_CDC_GetDeviceQualifierDescriptor
 .text.USBD_CDC_DataOut
                0x08005078       0x2e build/usbd_cdc.o
 .text.USBD_CDC_DataIn
                0x080050a6       0x4e build/usbd_cdc.o
 .text.USBD_CDC_Setup
                0x080050f4       0xd6 build/usbd_cdc.o
 .text.USBD_CDC_DeInit
                0x080051ca       0x42 build/usbd_cdc.o
 .text.USBD_CDC_Init
                0x0800520c       0xaa build/usbd_cdc.o
 .text.USBD_CDC_RegisterInterface
                0x080052b6        0xe build/usbd_cdc.o
                0x080052b6                USBD_CDC_RegisterInterface
 .text.USBD_CDC_SetTxBuffer
                0x080052c4       0x10 build/usbd_cdc.o
                0x080052c4                USBD_CDC_SetTxBuffer
 .text.USBD_CDC_SetRxBuffer
                0x080052d4        0xc build/usbd_cdc.o
                0x080052d4                USBD_CDC_SetRxBuffer
 .text.USBD_CDC_TransmitPacket
                0x080052e0       0x34 build/usbd_cdc.o
                0x080052e0                USBD_CDC_TransmitPacket
 .text.USBD_CDC_ReceivePacket
                0x08005314       0x30 build/usbd_cdc.o
                0x08005314                USBD_CDC_ReceivePacket
 .text.motorControl_init
                0x08005344       0x28 build/SRV_MotorControl_main.o
                0x08005344                motorControl_init
 .text.motorControl_spinMotor
                0x0800536c       0x72 build/SRV_MotorControl_main.o
                0x0800536c                motorControl_spinMotor
 *fill*         0x080053de        0x2 
 .text.motorControl_main
                0x080053e0       0x48 build/SRV_MotorControl_main.o
                0x080053e0                motorControl_main
 .text.set_adc  0x08005428       0x24 build/srv_sens_main.o
                0x08005428                set_adc
 .text.srv_sens_init
                0x0800544c       0x30 build/srv_sens_main.o
                0x0800544c                srv_sens_init
 .text.get_sensor_data
                0x0800547c       0x14 build/srv_sens_main.o
                0x0800547c                get_sensor_data
 .text.srv_sens_main
                0x08005490       0xdc build/srv_sens_main.o
                0x08005490                srv_sens_main
 .text.Reset_Handler
                0x0800556c       0x48 build/startup_stm32f103xb.o
                0x0800556c                Reset_Handler
 .text.Default_Handler
                0x080055b4        0x2 build/startup_stm32f103xb.o
                0x080055b4                RTC_Alarm_IRQHandler
                0x080055b4                EXTI2_IRQHandler
                0x080055b4                TIM1_CC_IRQHandler
                0x080055b4                PVD_IRQHandler
                0x080055b4                EXTI3_IRQHandler
                0x080055b4                EXTI0_IRQHandler
                0x080055b4                I2C2_EV_IRQHandler
                0x080055b4                ADC1_2_IRQHandler
                0x080055b4                SPI1_IRQHandler
                0x080055b4                TAMPER_IRQHandler
                0x080055b4                DMA1_Channel4_IRQHandler
                0x080055b4                USART3_IRQHandler
                0x080055b4                RTC_IRQHandler
                0x080055b4                DMA1_Channel7_IRQHandler
                0x080055b4                CAN1_RX1_IRQHandler
                0x080055b4                TIM4_IRQHandler
                0x080055b4                I2C1_EV_IRQHandler
                0x080055b4                DMA1_Channel6_IRQHandler
                0x080055b4                TIM3_IRQHandler
                0x080055b4                RCC_IRQHandler
                0x080055b4                TIM1_TRG_COM_IRQHandler
                0x080055b4                DMA1_Channel1_IRQHandler
                0x080055b4                Default_Handler
                0x080055b4                EXTI15_10_IRQHandler
                0x080055b4                EXTI9_5_IRQHandler
                0x080055b4                SPI2_IRQHandler
                0x080055b4                DMA1_Channel5_IRQHandler
                0x080055b4                EXTI4_IRQHandler
                0x080055b4                USB_HP_CAN1_TX_IRQHandler
                0x080055b4                DMA1_Channel3_IRQHandler
                0x080055b4                TIM1_UP_IRQHandler
                0x080055b4                WWDG_IRQHandler
                0x080055b4                TIM2_IRQHandler
                0x080055b4                TIM1_BRK_IRQHandler
                0x080055b4                EXTI1_IRQHandler
                0x080055b4                USART2_IRQHandler
                0x080055b4                I2C2_ER_IRQHandler
                0x080055b4                DMA1_Channel2_IRQHandler
                0x080055b4                CAN1_SCE_IRQHandler
                0x080055b4                FLASH_IRQHandler
                0x080055b4                USART1_IRQHandler
                0x080055b4                I2C1_ER_IRQHandler
                0x080055b4                USBWakeUp_IRQHandler
 *fill*         0x080055b6        0x2 
 .text.__libc_init_array
                0x080055b8       0x48 c:/program files (x86)/gnu arm embedded toolchain/10 2021.10/bin/../lib/gcc/arm-none-eabi/10.3.1/../../../../arm-none-eabi/lib/thumb/v7-m/nofp\libc_nano.a(lib_a-init.o)
                0x080055b8                __libc_init_array
 .text.memset   0x08005600       0x10 c:/program files (x86)/gnu arm embedded toolchain/10 2021.10/bin/../lib/gcc/arm-none-eabi/10.3.1/../../../../arm-none-eabi/lib/thumb/v7-m/nofp\libc_nano.a(lib_a-memset.o)
                0x08005600                memset
 .text.sprintf  0x08005610       0x40 c:/program files (x86)/gnu arm embedded toolchain/10 2021.10/bin/../lib/gcc/arm-none-eabi/10.3.1/../../../../arm-none-eabi/lib/thumb/v7-m/nofp\libc_nano.a(lib_a-sprintf.o)
                0x08005610                siprintf
                0x08005610                sprintf
 .text.__ssputs_r
                0x08005650       0xb6 c:/program files (x86)/gnu arm embedded toolchain/10 2021.10/bin/../lib/gcc/arm-none-eabi/10.3.1/../../../../arm-none-eabi/lib/thumb/v7-m/nofp\libc_nano.a(lib_a-nano-svfprintf.o)
                0x08005650                __ssputs_r
 *fill*         0x08005706        0x2 
 .text._svfprintf_r
                0x08005708      0x200 c:/program files (x86)/gnu arm embedded toolchain/10 2021.10/bin/../lib/gcc/arm-none-eabi/10.3.1/../../../../arm-none-eabi/lib/thumb/v7-m/nofp\libc_nano.a(lib_a-nano-svfprintf.o)
                0x08005708                _svfiprintf_r
                0x08005708                _svfprintf_r
 .text._printf_common
                0x08005908       0xde c:/program files (x86)/gnu arm embedded toolchain/10 2021.10/bin/../lib/gcc/arm-none-eabi/10.3.1/../../../../arm-none-eabi/lib/thumb/v7-m/nofp\libc_nano.a(lib_a-nano-vfprintf_i.o)
                0x08005908                _printf_common
 *fill*         0x080059e6        0x2 
 .text._printf_i
                0x080059e8      0x24c c:/program files (x86)/gnu arm embedded toolchain/10 2021.10/bin/../lib/gcc/arm-none-eabi/10.3.1/../../../../arm-none-eabi/lib/thumb/v7-m/nofp\libc_nano.a(lib_a-nano-vfprintf_i.o)
                0x080059e8                _printf_i
 .text.memchr   0x08005c34       0x1c c:/program files (x86)/gnu arm embedded toolchain/10 2021.10/bin/../lib/gcc/arm-none-eabi/10.3.1/../../../../arm-none-eabi/lib/thumb/v7-m/nofp\libc_nano.a(lib_a-memchr-stub.o)
                0x08005c34                memchr
 .text.memcpy   0x08005c50       0x1c c:/program files (x86)/gnu arm embedded toolchain/10 2021.10/bin/../lib/gcc/arm-none-eabi/10.3.1/../../../../arm-none-eabi/lib/thumb/v7-m/nofp\libc_nano.a(lib_a-memcpy-stub.o)
                0x08005c50                memcpy
 .text.memmove  0x08005c6c       0x34 c:/program files (x86)/gnu arm embedded toolchain/10 2021.10/bin/../lib/gcc/arm-none-eabi/10.3.1/../../../../arm-none-eabi/lib/thumb/v7-m/nofp\libc_nano.a(lib_a-memmove.o)
                0x08005c6c                memmove
 .text._free_r  0x08005ca0       0x90 c:/program files (x86)/gnu arm embedded toolchain/10 2021.10/bin/../lib/gcc/arm-none-eabi/10.3.1/../../../../arm-none-eabi/lib/thumb/v7-m/nofp\libc_nano.a(lib_a-nano-freer.o)
                0x08005ca0                _free_r
 .text.sbrk_aligned
                0x08005d30       0x40 c:/program files (x86)/gnu arm embedded toolchain/10 2021.10/bin/../lib/gcc/arm-none-eabi/10.3.1/../../../../arm-none-eabi/lib/thumb/v7-m/nofp\libc_nano.a(lib_a-nano-mallocr.o)
 .text._malloc_r
                0x08005d70       0xe8 c:/program files (x86)/gnu arm embedded toolchain/10 2021.10/bin/../lib/gcc/arm-none-eabi/10.3.1/../../../../arm-none-eabi/lib/thumb/v7-m/nofp\libc_nano.a(lib_a-nano-mallocr.o)
                0x08005d70                _malloc_r
 .text._realloc_r
                0x08005e58       0x5e c:/program files (x86)/gnu arm embedded toolchain/10 2021.10/bin/../lib/gcc/arm-none-eabi/10.3.1/../../../../arm-none-eabi/lib/thumb/v7-m/nofp\libc_nano.a(lib_a-nano-reallocr.o)
                0x08005e58                _realloc_r
 *fill*         0x08005eb6        0x2 
 .text._sbrk_r  0x08005eb8       0x20 c:/program files (x86)/gnu arm embedded toolchain/10 2021.10/bin/../lib/gcc/arm-none-eabi/10.3.1/../../../../arm-none-eabi/lib/thumb/v7-m/nofp\libc_nano.a(lib_a-sbrkr.o)
                0x08005eb8                _sbrk_r
 .text.__malloc_lock
                0x08005ed8        0xc c:/program files (x86)/gnu arm embedded toolchain/10 2021.10/bin/../lib/gcc/arm-none-eabi/10.3.1/../../../../arm-none-eabi/lib/thumb/v7-m/nofp\libc_nano.a(lib_a-mlock.o)
                0x08005ed8                __malloc_lock
 .text.__malloc_unlock
                0x08005ee4        0xc c:/program files (x86)/gnu arm embedded toolchain/10 2021.10/bin/../lib/gcc/arm-none-eabi/10.3.1/../../../../arm-none-eabi/lib/thumb/v7-m/nofp\libc_nano.a(lib_a-mlock.o)
                0x08005ee4                __malloc_unlock
 .text._malloc_usable_size_r
                0x08005ef0       0x10 c:/program files (x86)/gnu arm embedded toolchain/10 2021.10/bin/../lib/gcc/arm-none-eabi/10.3.1/../../../../arm-none-eabi/lib/thumb/v7-m/nofp\libc_nano.a(lib_a-nano-msizer.o)
                0x08005ef0                _malloc_usable_size_r
 .text.__retarget_lock_acquire_recursive
                0x08005f00        0x2 c:/program files (x86)/gnu arm embedded toolchain/10 2021.10/bin/../lib/gcc/arm-none-eabi/10.3.1/../../../../arm-none-eabi/lib/thumb/v7-m/nofp\libc_nano.a(lib_a-lock.o)
                0x08005f00                __retarget_lock_acquire_recursive
 .text.__retarget_lock_release_recursive
                0x08005f02        0x2 c:/program files (x86)/gnu arm embedded toolchain/10 2021.10/bin/../lib/gcc/arm-none-eabi/10.3.1/../../../../arm-none-eabi/lib/thumb/v7-m/nofp\libc_nano.a(lib_a-lock.o)
                0x08005f02                __retarget_lock_release_recursive
 .text._sbrk    0x08005f04       0x1c c:/program files (x86)/gnu arm embedded toolchain/10 2021.10/bin/../lib/gcc/arm-none-eabi/10.3.1/../../../../arm-none-eabi/lib/thumb/v7-m/nofp\libnosys.a(sbrk.o)
                0x08005f04                _sbrk
 *(.glue_7)
 .glue_7        0x08005f20        0x0 linker stubs
 *(.glue_7t)
 .glue_7t       0x08005f20        0x0 linker stubs
 *(.eh_frame)
 .eh_frame      0x08005f20        0x0 c:/program files (x86)/gnu arm embedded toolchain/10 2021.10/bin/../lib/gcc/arm-none-eabi/10.3.1/thumb/v7-m/nofp/crtbegin.o
 *(.init)
 .init          0x08005f20        0x4 c:/program files (x86)/gnu arm embedded toolchain/10 2021.10/bin/../lib/gcc/arm-none-eabi/10.3.1/thumb/v7-m/nofp/crti.o
                0x08005f20                _init
 .init          0x08005f24        0x8 c:/program files (x86)/gnu arm embedded toolchain/10 2021.10/bin/../lib/gcc/arm-none-eabi/10.3.1/thumb/v7-m/nofp/crtn.o
 *(.fini)
 .fini          0x08005f2c        0x4 c:/program files (x86)/gnu arm embedded toolchain/10 2021.10/bin/../lib/gcc/arm-none-eabi/10.3.1/thumb/v7-m/nofp/crti.o
                0x08005f2c                _fini
 .fini          0x08005f30        0x8 c:/program files (x86)/gnu arm embedded toolchain/10 2021.10/bin/../lib/gcc/arm-none-eabi/10.3.1/thumb/v7-m/nofp/crtn.o
                0x08005f38                . = ALIGN (0x4)
                0x08005f38                _etext = .

.vfp11_veneer   0x08005f38        0x0
 .vfp11_veneer  0x08005f38        0x0 linker stubs

.v4_bx          0x08005f38        0x0
 .v4_bx         0x08005f38        0x0 linker stubs

.iplt           0x08005f38        0x0
 .iplt          0x08005f38        0x0 c:/program files (x86)/gnu arm embedded toolchain/10 2021.10/bin/../lib/gcc/arm-none-eabi/10.3.1/thumb/v7-m/nofp/crtbegin.o

.rodata         0x08005f38       0xc0
                0x08005f38                . = ALIGN (0x4)
 *(.rodata)
 *(.rodata*)
 .rodata.main.str1.4
                0x08005f38       0x15 build/main.o
 *fill*         0x08005f4d        0x3 
 .rodata.USBD_FS_ProductStrDescriptor.str1.4
                0x08005f50       0x16 build/usbd_desc.o
 *fill*         0x08005f66        0x2 
 .rodata.USBD_FS_ManufacturerStrDescriptor.str1.4
                0x08005f68       0x13 build/usbd_desc.o
 *fill*         0x08005f7b        0x1 
 .rodata.USBD_FS_ConfigStrDescriptor.str1.4
                0x08005f7c        0xb build/usbd_desc.o
 *fill*         0x08005f87        0x1 
 .rodata.USBD_FS_InterfaceStrDescriptor.str1.4
                0x08005f88        0xe build/usbd_desc.o
 *fill*         0x08005f96        0x2 
 .rodata.HAL_RCC_GetSysClockFreq.str1.4
                0x08005f98       0x11 build/stm32f1xx_hal_rcc.o
 .rodata.HAL_RCCEx_GetPeriphCLKFreq.str1.4
                0x08005fa9       0x11 build/stm32f1xx_hal_rcc_ex.o
 *fill*         0x08005fa9        0x3 
 .rodata.AHBPrescTable
                0x08005fac       0x10 build/system_stm32f1xx.o
                0x08005fac                AHBPrescTable
 .rodata.APBPrescTable
                0x08005fbc        0x8 build/system_stm32f1xx.o
                0x08005fbc                APBPrescTable
 .rodata._svfprintf_r.str1.1
                0x08005fc4       0x11 c:/program files (x86)/gnu arm embedded toolchain/10 2021.10/bin/../lib/gcc/arm-none-eabi/10.3.1/../../../../arm-none-eabi/lib/thumb/v7-m/nofp\libc_nano.a(lib_a-nano-svfprintf.o)
 .rodata._printf_i.str1.1
                0x08005fd5       0x22 c:/program files (x86)/gnu arm embedded toolchain/10 2021.10/bin/../lib/gcc/arm-none-eabi/10.3.1/../../../../arm-none-eabi/lib/thumb/v7-m/nofp\libc_nano.a(lib_a-nano-vfprintf_i.o)
                0x08005ff8                . = ALIGN (0x4)
 *fill*         0x08005ff7        0x1 

.rel.dyn        0x08005ff8        0x0
 .rel.iplt      0x08005ff8        0x0 c:/program files (x86)/gnu arm embedded toolchain/10 2021.10/bin/../lib/gcc/arm-none-eabi/10.3.1/thumb/v7-m/nofp/crtbegin.o

.ARM.extab
 *(.ARM.extab* .gnu.linkonce.armextab.*)

.ARM            0x08005ff8        0x0
                0x08005ff8                __exidx_start = .
 *(.ARM.exidx*)
                0x08005ff8                __exidx_end = .

.preinit_array  0x08005ff8        0x0
                0x08005ff8                PROVIDE (__preinit_array_start = .)
 *(.preinit_array*)
                0x08005ff8                PROVIDE (__preinit_array_end = .)

.init_array     0x08005ff8        0x4
                0x08005ff8                PROVIDE (__init_array_start = .)
 *(SORT_BY_NAME(.init_array.*))
 *(.init_array*)
 .init_array    0x08005ff8        0x4 c:/program files (x86)/gnu arm embedded toolchain/10 2021.10/bin/../lib/gcc/arm-none-eabi/10.3.1/thumb/v7-m/nofp/crtbegin.o
                0x08005ffc                PROVIDE (__init_array_end = .)

.fini_array     0x08005ffc        0x4
                [!provide]                PROVIDE (__fini_array_start = .)
 *(SORT_BY_NAME(.fini_array.*))
 *(.fini_array*)
 .fini_array    0x08005ffc        0x4 c:/program files (x86)/gnu arm embedded toolchain/10 2021.10/bin/../lib/gcc/arm-none-eabi/10.3.1/thumb/v7-m/nofp/crtbegin.o
                [!provide]                PROVIDE (__fini_array_end = .)
                0x08006000                _sidata = LOADADDR (.data)

.data           0x20000000      0x1e0 load address 0x08006000
                0x20000000                . = ALIGN (0x4)
                0x20000000                _sdata = .
 *(.data)
 *(.data*)
 .data.FS_Desc  0x20000000       0x1c build/usbd_desc.o
                0x20000000                FS_Desc
 .data.USBD_FS_DeviceDesc
                0x2000001c       0x12 build/usbd_desc.o
                0x2000001c                USBD_FS_DeviceDesc
 *fill*         0x2000002e        0x2 
 .data.USBD_LangIDDesc
                0x20000030        0x4 build/usbd_desc.o
                0x20000030                USBD_LangIDDesc
 .data.USBD_StringSerial
                0x20000034       0x1a build/usbd_desc.o
                0x20000034                USBD_StringSerial
 *fill*         0x2000004e        0x2 
 .data.USBD_Interface_fops_FS
                0x20000050       0x10 build/usbd_cdc_if.o
                0x20000050                USBD_Interface_fops_FS
 .data.uwTickFreq
                0x20000060        0x1 build/stm32f1xx_hal.o
                0x20000060                uwTickFreq
 *fill*         0x20000061        0x3 
 .data.uwTickPrio
                0x20000064        0x4 build/stm32f1xx_hal.o
                0x20000064                uwTickPrio
 .data.SystemCoreClock
                0x20000068        0x4 build/system_stm32f1xx.o
                0x20000068                SystemCoreClock
 .data.USBD_CDC
                0x2000006c       0x38 build/usbd_cdc.o
                0x2000006c                USBD_CDC
 .data.USBD_CDC_CfgFSDesc
                0x200000a4       0x43 build/usbd_cdc.o
                0x200000a4                USBD_CDC_CfgFSDesc
 *fill*         0x200000e7        0x1 
 .data.USBD_CDC_CfgHSDesc
                0x200000e8       0x43 build/usbd_cdc.o
                0x200000e8                USBD_CDC_CfgHSDesc
 *fill*         0x2000012b        0x1 
 .data.USBD_CDC_DeviceQualifierDesc
                0x2000012c        0xa build/usbd_cdc.o
 *fill*         0x20000136        0x2 
 .data.USBD_CDC_OtherSpeedCfgDesc
                0x20000138       0x43 build/usbd_cdc.o
                0x20000138                USBD_CDC_OtherSpeedCfgDesc
 *fill*         0x2000017b        0x1 
 .data._impure_ptr
                0x2000017c        0x4 c:/program files (x86)/gnu arm embedded toolchain/10 2021.10/bin/../lib/gcc/arm-none-eabi/10.3.1/../../../../arm-none-eabi/lib/thumb/v7-m/nofp\libc_nano.a(lib_a-impure.o)
                0x2000017c                _impure_ptr
 .data.impure_data
                0x20000180       0x60 c:/program files (x86)/gnu arm embedded toolchain/10 2021.10/bin/../lib/gcc/arm-none-eabi/10.3.1/../../../../arm-none-eabi/lib/thumb/v7-m/nofp\libc_nano.a(lib_a-impure.o)
                0x200001e0                . = ALIGN (0x4)
                0x200001e0                _edata = .

.igot.plt       0x200001e0        0x0 load address 0x080061e0
 .igot.plt      0x200001e0        0x0 c:/program files (x86)/gnu arm embedded toolchain/10 2021.10/bin/../lib/gcc/arm-none-eabi/10.3.1/thumb/v7-m/nofp/crtbegin.o
                0x200001e0                . = ALIGN (0x4)

.bss            0x200001e0     0x13b0 load address 0x080061e0
                0x200001e0                _sbss = .
                0x200001e0                __bss_start__ = _sbss
 *(.bss)
 .bss           0x200001e0       0x1c c:/program files (x86)/gnu arm embedded toolchain/10 2021.10/bin/../lib/gcc/arm-none-eabi/10.3.1/thumb/v7-m/nofp/crtbegin.o
 *(.bss*)
 .bss.hadc1     0x200001fc       0x30 build/main.o
                0x200001fc                hadc1
 .bss.hUsbDeviceFS
                0x2000022c      0x2c4 build/usb_device.o
                0x2000022c                hUsbDeviceFS
 .bss.USBD_StrDesc
                0x200004f0      0x200 build/usbd_desc.o
                0x200004f0                USBD_StrDesc
 .bss.UserRxBufferFS
                0x200006f0      0x3e8 build/usbd_cdc_if.o
                0x200006f0                UserRxBufferFS
 .bss.UserTxBufferFS
                0x20000ad8      0x3e8 build/usbd_cdc_if.o
                0x20000ad8                UserTxBufferFS
 .bss.hpcd_USB_FS
                0x20000ec0      0x2ec build/usbd_conf.o
                0x20000ec0                hpcd_USB_FS
 .bss.mem.0     0x200011ac      0x220 build/usbd_conf.o
 .bss.uwTick    0x200013cc        0x4 build/stm32f1xx_hal.o
                0x200013cc                uwTick
 .bss.cfgidx.0  0x200013d0        0x1 build/usbd_ctlreq.o
 *fill*         0x200013d1        0x3 
 .bss.connectedMotors
                0x200013d4       0x28 build/SRV_MotorControl_main.o
                0x200013d4                connectedMotors
 .bss.data_meadian
                0x200013fc       0x10 build/srv_sens_main.o
                0x200013fc                data_meadian
 .bss.hadc      0x2000140c       0x30 build/srv_sens_main.o
                0x2000140c                hadc
 .bss.sensor_readings
                0x2000143c      0x140 build/srv_sens_main.o
                0x2000143c                sensor_readings
 .bss.__malloc_free_list
                0x2000157c        0x4 c:/program files (x86)/gnu arm embedded toolchain/10 2021.10/bin/../lib/gcc/arm-none-eabi/10.3.1/../../../../arm-none-eabi/lib/thumb/v7-m/nofp\libc_nano.a(lib_a-nano-mallocr.o)
                0x2000157c                __malloc_free_list
 .bss.__malloc_sbrk_start
                0x20001580        0x4 c:/program files (x86)/gnu arm embedded toolchain/10 2021.10/bin/../lib/gcc/arm-none-eabi/10.3.1/../../../../arm-none-eabi/lib/thumb/v7-m/nofp\libc_nano.a(lib_a-nano-mallocr.o)
                0x20001580                __malloc_sbrk_start
 .bss.errno     0x20001584        0x4 c:/program files (x86)/gnu arm embedded toolchain/10 2021.10/bin/../lib/gcc/arm-none-eabi/10.3.1/../../../../arm-none-eabi/lib/thumb/v7-m/nofp\libc_nano.a(lib_a-reent.o)
                0x20001584                errno
 .bss.__lock___malloc_recursive_mutex
                0x20001588        0x1 c:/program files (x86)/gnu arm embedded toolchain/10 2021.10/bin/../lib/gcc/arm-none-eabi/10.3.1/../../../../arm-none-eabi/lib/thumb/v7-m/nofp\libc_nano.a(lib_a-lock.o)
                0x20001588                __lock___malloc_recursive_mutex
 *fill*         0x20001589        0x3 
 .bss.heap_end.0
                0x2000158c        0x4 c:/program files (x86)/gnu arm embedded toolchain/10 2021.10/bin/../lib/gcc/arm-none-eabi/10.3.1/../../../../arm-none-eabi/lib/thumb/v7-m/nofp\libnosys.a(sbrk.o)
 *(COMMON)
                0x20001590                . = ALIGN (0x4)
                0x20001590                _ebss = .
                0x20001590                __bss_end__ = _ebss

._user_heap_stack
                0x20001590      0x600 load address 0x080061e0
                0x20001590                . = ALIGN (0x8)
                0x20001590                PROVIDE (end = .)
                [!provide]                PROVIDE (_end = .)
                0x20001790                . = (. + _Min_Heap_Size)
 *fill*         0x20001590      0x200 
                0x20001b90                . = (. + _Min_Stack_Size)
 *fill*         0x20001790      0x400 
                0x20001b90                . = ALIGN (0x8)

/DISCARD/
 libc.a(*)
 libm.a(*)
 libgcc.a(*)

.ARM.attributes
                0x00000000       0x29
 *(.ARM.attributes)
 .ARM.attributes
                0x00000000       0x1d c:/program files (x86)/gnu arm embedded toolchain/10 2021.10/bin/../lib/gcc/arm-none-eabi/10.3.1/thumb/v7-m/nofp/crti.o
 .ARM.attributes
                0x0000001d       0x2d c:/program files (x86)/gnu arm embedded toolchain/10 2021.10/bin/../lib/gcc/arm-none-eabi/10.3.1/thumb/v7-m/nofp/crtbegin.o
 .ARM.attributes
                0x0000004a       0x2d build/main.o
 .ARM.attributes
                0x00000077       0x2d build/stm32f1xx_it.o
 .ARM.attributes
                0x000000a4       0x2d build/stm32f1xx_hal_msp.o
 .ARM.attributes
                0x000000d1       0x2d build/usb_device.o
 .ARM.attributes
                0x000000fe       0x2d build/usbd_desc.o
 .ARM.attributes
                0x0000012b       0x2d build/usbd_cdc_if.o
 .ARM.attributes
                0x00000158       0x2d build/usbd_conf.o
 .ARM.attributes
                0x00000185       0x2d build/stm32f1xx_hal_pcd.o
 .ARM.attributes
                0x000001b2       0x2d build/stm32f1xx_hal_pcd_ex.o
 .ARM.attributes
                0x000001df       0x2d build/stm32f1xx_ll_usb.o
 .ARM.attributes
                0x0000020c       0x2d build/stm32f1xx_hal.o
 .ARM.attributes
                0x00000239       0x2d build/stm32f1xx_hal_rcc.o
 .ARM.attributes
                0x00000266       0x2d build/stm32f1xx_hal_rcc_ex.o
 .ARM.attributes
                0x00000293       0x2d build/stm32f1xx_hal_gpio.o
 .ARM.attributes
                0x000002c0       0x2d build/stm32f1xx_hal_cortex.o
 .ARM.attributes
                0x000002ed       0x2d build/stm32f1xx_hal_adc.o
 .ARM.attributes
                0x0000031a       0x2d build/system_stm32f1xx.o
 .ARM.attributes
                0x00000347       0x2d build/usbd_core.o
 .ARM.attributes
                0x00000374       0x2d build/usbd_ctlreq.o
 .ARM.attributes
                0x000003a1       0x2d build/usbd_ioreq.o
 .ARM.attributes
                0x000003ce       0x2d build/usbd_cdc.o
 .ARM.attributes
                0x000003fb       0x2d build/SRV_MotorControl_main.o
 .ARM.attributes
                0x00000428       0x2d build/srv_sens_main.o
 .ARM.attributes
                0x00000455       0x21 build/startup_stm32f103xb.o
 .ARM.attributes
                0x00000476       0x2d c:/program files (x86)/gnu arm embedded toolchain/10 2021.10/bin/../lib/gcc/arm-none-eabi/10.3.1/../../../../arm-none-eabi/lib/thumb/v7-m/nofp\libc_nano.a(lib_a-impure.o)
 .ARM.attributes
                0x000004a3       0x2d c:/program files (x86)/gnu arm embedded toolchain/10 2021.10/bin/../lib/gcc/arm-none-eabi/10.3.1/../../../../arm-none-eabi/lib/thumb/v7-m/nofp\libc_nano.a(lib_a-init.o)
 .ARM.attributes
                0x000004d0       0x2d c:/program files (x86)/gnu arm embedded toolchain/10 2021.10/bin/../lib/gcc/arm-none-eabi/10.3.1/../../../../arm-none-eabi/lib/thumb/v7-m/nofp\libc_nano.a(lib_a-memset.o)
 .ARM.attributes
                0x000004fd       0x2d c:/program files (x86)/gnu arm embedded toolchain/10 2021.10/bin/../lib/gcc/arm-none-eabi/10.3.1/../../../../arm-none-eabi/lib/thumb/v7-m/nofp\libc_nano.a(lib_a-sprintf.o)
 .ARM.attributes
                0x0000052a       0x17 c:/program files (x86)/gnu arm embedded toolchain/10 2021.10/bin/../lib/gcc/arm-none-eabi/10.3.1/../../../../arm-none-eabi/lib/thumb/v7-m/nofp\libc_nano.a(lib_a-strlen.o)
 .ARM.attributes
                0x00000541       0x2d c:/program files (x86)/gnu arm embedded toolchain/10 2021.10/bin/../lib/gcc/arm-none-eabi/10.3.1/../../../../arm-none-eabi/lib/thumb/v7-m/nofp\libc_nano.a(lib_a-nano-svfprintf.o)
 .ARM.attributes
                0x0000056e       0x2d c:/program files (x86)/gnu arm embedded toolchain/10 2021.10/bin/../lib/gcc/arm-none-eabi/10.3.1/../../../../arm-none-eabi/lib/thumb/v7-m/nofp\libc_nano.a(lib_a-nano-vfprintf_i.o)
 .ARM.attributes
                0x0000059b       0x2d c:/program files (x86)/gnu arm embedded toolchain/10 2021.10/bin/../lib/gcc/arm-none-eabi/10.3.1/../../../../arm-none-eabi/lib/thumb/v7-m/nofp\libc_nano.a(lib_a-memchr-stub.o)
 .ARM.attributes
                0x000005c8       0x2d c:/program files (x86)/gnu arm embedded toolchain/10 2021.10/bin/../lib/gcc/arm-none-eabi/10.3.1/../../../../arm-none-eabi/lib/thumb/v7-m/nofp\libc_nano.a(lib_a-memcpy-stub.o)
 .ARM.attributes
                0x000005f5       0x2d c:/program files (x86)/gnu arm embedded toolchain/10 2021.10/bin/../lib/gcc/arm-none-eabi/10.3.1/../../../../arm-none-eabi/lib/thumb/v7-m/nofp\libc_nano.a(lib_a-memmove.o)
 .ARM.attributes
                0x00000622       0x2d c:/program files (x86)/gnu arm embedded toolchain/10 2021.10/bin/../lib/gcc/arm-none-eabi/10.3.1/../../../../arm-none-eabi/lib/thumb/v7-m/nofp\libc_nano.a(lib_a-nano-freer.o)
 .ARM.attributes
                0x0000064f       0x2d c:/program files (x86)/gnu arm embedded toolchain/10 2021.10/bin/../lib/gcc/arm-none-eabi/10.3.1/../../../../arm-none-eabi/lib/thumb/v7-m/nofp\libc_nano.a(lib_a-nano-mallocr.o)
 .ARM.attributes
                0x0000067c       0x2d c:/program files (x86)/gnu arm embedded toolchain/10 2021.10/bin/../lib/gcc/arm-none-eabi/10.3.1/../../../../arm-none-eabi/lib/thumb/v7-m/nofp\libc_nano.a(lib_a-nano-reallocr.o)
 .ARM.attributes
                0x000006a9       0x2d c:/program files (x86)/gnu arm embedded toolchain/10 2021.10/bin/../lib/gcc/arm-none-eabi/10.3.1/../../../../arm-none-eabi/lib/thumb/v7-m/nofp\libc_nano.a(lib_a-sbrkr.o)
 .ARM.attributes
                0x000006d6       0x2d c:/program files (x86)/gnu arm embedded toolchain/10 2021.10/bin/../lib/gcc/arm-none-eabi/10.3.1/../../../../arm-none-eabi/lib/thumb/v7-m/nofp\libc_nano.a(lib_a-mlock.o)
 .ARM.attributes
                0x00000703       0x2d c:/program files (x86)/gnu arm embedded toolchain/10 2021.10/bin/../lib/gcc/arm-none-eabi/10.3.1/../../../../arm-none-eabi/lib/thumb/v7-m/nofp\libc_nano.a(lib_a-nano-msizer.o)
 .ARM.attributes
                0x00000730       0x2d c:/program files (x86)/gnu arm embedded toolchain/10 2021.10/bin/../lib/gcc/arm-none-eabi/10.3.1/../../../../arm-none-eabi/lib/thumb/v7-m/nofp\libc_nano.a(lib_a-reent.o)
 .ARM.attributes
                0x0000075d       0x2d c:/program files (x86)/gnu arm embedded toolchain/10 2021.10/bin/../lib/gcc/arm-none-eabi/10.3.1/../../../../arm-none-eabi/lib/thumb/v7-m/nofp\libc_nano.a(lib_a-lock.o)
 .ARM.attributes
                0x0000078a       0x2d c:/program files (x86)/gnu arm embedded toolchain/10 2021.10/bin/../lib/gcc/arm-none-eabi/10.3.1/../../../../arm-none-eabi/lib/thumb/v7-m/nofp\libnosys.a(sbrk.o)
 .ARM.attributes
                0x000007b7       0x1d c:/program files (x86)/gnu arm embedded toolchain/10 2021.10/bin/../lib/gcc/arm-none-eabi/10.3.1/thumb/v7-m/nofp\libgcc.a(_arm_addsubdf3.o)
 .ARM.attributes
                0x000007d4       0x1d c:/program files (x86)/gnu arm embedded toolchain/10 2021.10/bin/../lib/gcc/arm-none-eabi/10.3.1/thumb/v7-m/nofp\libgcc.a(_arm_muldivdf3.o)
 .ARM.attributes
                0x000007f1       0x1d c:/program files (x86)/gnu arm embedded toolchain/10 2021.10/bin/../lib/gcc/arm-none-eabi/10.3.1/thumb/v7-m/nofp\libgcc.a(_arm_truncdfsf2.o)
 .ARM.attributes
                0x0000080e       0x1d c:/program files (x86)/gnu arm embedded toolchain/10 2021.10/bin/../lib/gcc/arm-none-eabi/10.3.1/thumb/v7-m/nofp\libgcc.a(_arm_addsubsf3.o)
 .ARM.attributes
                0x0000082b       0x1d c:/program files (x86)/gnu arm embedded toolchain/10 2021.10/bin/../lib/gcc/arm-none-eabi/10.3.1/thumb/v7-m/nofp\libgcc.a(_arm_muldivsf3.o)
 .ARM.attributes
                0x00000848       0x1d c:/program files (x86)/gnu arm embedded toolchain/10 2021.10/bin/../lib/gcc/arm-none-eabi/10.3.1/thumb/v7-m/nofp\libgcc.a(_arm_fixsfsi.o)
 .ARM.attributes
                0x00000865       0x1d c:/program files (x86)/gnu arm embedded toolchain/10 2021.10/bin/../lib/gcc/arm-none-eabi/10.3.1/thumb/v7-m/nofp/crtn.o
OUTPUT(build/LaserScanner.elf elf32-littlearm)
LOAD linker stubs
LOAD c:/program files (x86)/gnu arm embedded toolchain/10 2021.10/bin/../lib/gcc/arm-none-eabi/10.3.1/../../../../arm-none-eabi/lib/thumb/v7-m/nofp\libc.a
LOAD c:/program files (x86)/gnu arm embedded toolchain/10 2021.10/bin/../lib/gcc/arm-none-eabi/10.3.1/../../../../arm-none-eabi/lib/thumb/v7-m/nofp\libm.a
LOAD c:/program files (x86)/gnu arm embedded toolchain/10 2021.10/bin/../lib/gcc/arm-none-eabi/10.3.1/thumb/v7-m/nofp\libgcc.a

.debug_info     0x00000000    0x11d87
 .debug_info    0x00000000      0xe20 build/main.o
 .debug_info    0x00000e20      0x721 build/stm32f1xx_it.o
 .debug_info    0x00001541      0x8ed build/stm32f1xx_hal_msp.o
 .debug_info    0x00001e2e      0x741 build/usb_device.o
 .debug_info    0x0000256f      0x62f build/usbd_desc.o
 .debug_info    0x00002b9e      0x94d build/usbd_cdc_if.o
 .debug_info    0x000034eb     0x1d72 build/usbd_conf.o
 .debug_info    0x0000525d     0x1c82 build/stm32f1xx_hal_pcd.o
 .debug_info    0x00006edf      0x7c7 build/stm32f1xx_hal_pcd_ex.o
 .debug_info    0x000076a6     0x1d8c build/stm32f1xx_ll_usb.o
 .debug_info    0x00009432      0x855 build/stm32f1xx_hal.o
 .debug_info    0x00009c87      0xaec build/stm32f1xx_hal_rcc.o
 .debug_info    0x0000a773      0x479 build/stm32f1xx_hal_rcc_ex.o
 .debug_info    0x0000abec      0x6d7 build/stm32f1xx_hal_gpio.o
 .debug_info    0x0000b2c3      0xe2d build/stm32f1xx_hal_cortex.o
 .debug_info    0x0000c0f0     0x1025 build/stm32f1xx_hal_adc.o
 .debug_info    0x0000d115      0x26e build/system_stm32f1xx.o
 .debug_info    0x0000d383      0xe5f build/usbd_core.o
 .debug_info    0x0000e1e2     0x1135 build/usbd_ctlreq.o
 .debug_info    0x0000f317      0x883 build/usbd_ioreq.o
 .debug_info    0x0000fb9a     0x1503 build/usbd_cdc.o
 .debug_info    0x0001109d      0x3d0 build/SRV_MotorControl_main.o
 .debug_info    0x0001146d      0x8f8 build/srv_sens_main.o
 .debug_info    0x00011d65       0x22 build/startup_stm32f103xb.o

.debug_abbrev   0x00000000     0x3244
 .debug_abbrev  0x00000000      0x26c build/main.o
 .debug_abbrev  0x0000026c      0x168 build/stm32f1xx_it.o
 .debug_abbrev  0x000003d4      0x1a6 build/stm32f1xx_hal_msp.o
 .debug_abbrev  0x0000057a      0x181 build/usb_device.o
 .debug_abbrev  0x000006fb      0x21f build/usbd_desc.o
 .debug_abbrev  0x0000091a      0x26c build/usbd_cdc_if.o
 .debug_abbrev  0x00000b86      0x2f6 build/usbd_conf.o
 .debug_abbrev  0x00000e7c      0x2ea build/stm32f1xx_hal_pcd.o
 .debug_abbrev  0x00001166      0x184 build/stm32f1xx_hal_pcd_ex.o
 .debug_abbrev  0x000012ea      0x25b build/stm32f1xx_ll_usb.o
 .debug_abbrev  0x00001545      0x1f7 build/stm32f1xx_hal.o
 .debug_abbrev  0x0000173c      0x29a build/stm32f1xx_hal_rcc.o
 .debug_abbrev  0x000019d6      0x1d5 build/stm32f1xx_hal_rcc_ex.o
 .debug_abbrev  0x00001bab      0x222 build/stm32f1xx_hal_gpio.o
 .debug_abbrev  0x00001dcd      0x359 build/stm32f1xx_hal_cortex.o
 .debug_abbrev  0x00002126      0x239 build/stm32f1xx_hal_adc.o
 .debug_abbrev  0x0000235f      0x140 build/system_stm32f1xx.o
 .debug_abbrev  0x0000249f      0x27a build/usbd_core.o
 .debug_abbrev  0x00002719      0x2cd build/usbd_ctlreq.o
 .debug_abbrev  0x000029e6      0x16f build/usbd_ioreq.o
 .debug_abbrev  0x00002b55      0x309 build/usbd_cdc.o
 .debug_abbrev  0x00002e5e      0x1ba build/SRV_MotorControl_main.o
 .debug_abbrev  0x00003018      0x21a build/srv_sens_main.o
 .debug_abbrev  0x00003232       0x12 build/startup_stm32f103xb.o

.debug_loc      0x00000000     0xa721
 .debug_loc     0x00000000       0xef build/main.o
 .debug_loc     0x000000ef       0x40 build/stm32f1xx_it.o
 .debug_loc     0x0000012f      0x129 build/stm32f1xx_hal_msp.o
 .debug_loc     0x00000258       0x20 build/usb_device.o
 .debug_loc     0x00000278      0x47b build/usbd_desc.o
 .debug_loc     0x000006f3      0x197 build/usbd_cdc_if.o
 .debug_loc     0x0000088a      0xead build/usbd_conf.o
 .debug_loc     0x00001737     0x17ab build/stm32f1xx_hal_pcd.o
 .debug_loc     0x00002ee2      0x11a build/stm32f1xx_hal_pcd_ex.o
 .debug_loc     0x00002ffc     0x1d1e build/stm32f1xx_ll_usb.o
 .debug_loc     0x00004d1a      0x1e1 build/stm32f1xx_hal.o
 .debug_loc     0x00004efb      0x7ee build/stm32f1xx_hal_rcc.o
 .debug_loc     0x000056e9      0x444 build/stm32f1xx_hal_rcc_ex.o
 .debug_loc     0x00005b2d      0x551 build/stm32f1xx_hal_gpio.o
 .debug_loc     0x0000607e      0x77f build/stm32f1xx_hal_cortex.o
 .debug_loc     0x000067fd      0xdf1 build/stm32f1xx_hal_adc.o
 .debug_loc     0x000075ee       0xff build/system_stm32f1xx.o
 .debug_loc     0x000076ed      0xaf6 build/usbd_core.o
 .debug_loc     0x000081e3     0x1631 build/usbd_ctlreq.o
 .debug_loc     0x00009814      0x364 build/usbd_ioreq.o
 .debug_loc     0x00009b78      0xa0f build/usbd_cdc.o
 .debug_loc     0x0000a587       0x91 build/SRV_MotorControl_main.o
 .debug_loc     0x0000a618      0x109 build/srv_sens_main.o

.debug_aranges  0x00000000      0xb60
 .debug_aranges
                0x00000000       0x40 build/main.o
 .debug_aranges
                0x00000040       0x68 build/stm32f1xx_it.o
 .debug_aranges
                0x000000a8       0x30 build/stm32f1xx_hal_msp.o
 .debug_aranges
                0x000000d8       0x20 build/usb_device.o
 .debug_aranges
                0x000000f8       0x60 build/usbd_desc.o
 .debug_aranges
                0x00000158       0x40 build/usbd_cdc_if.o
 .debug_aranges
                0x00000198      0x118 build/usbd_conf.o
 .debug_aranges
                0x000002b0      0x138 build/stm32f1xx_hal_pcd.o
 .debug_aranges
                0x000003e8       0x38 build/stm32f1xx_hal_pcd_ex.o
 .debug_aranges
                0x00000420       0xf0 build/stm32f1xx_ll_usb.o
 .debug_aranges
                0x00000510       0xe0 build/stm32f1xx_hal.o
 .debug_aranges
                0x000005f0       0x90 build/stm32f1xx_hal_rcc.o
 .debug_aranges
                0x00000680       0x30 build/stm32f1xx_hal_rcc_ex.o
 .debug_aranges
                0x000006b0       0x58 build/stm32f1xx_hal_gpio.o
 .debug_aranges
                0x00000708       0x90 build/stm32f1xx_hal_cortex.o
 .debug_aranges
                0x00000798       0xf0 build/stm32f1xx_hal_adc.o
 .debug_aranges
                0x00000888       0x28 build/system_stm32f1xx.o
 .debug_aranges
                0x000008b0       0xb8 build/usbd_core.o
 .debug_aranges
                0x00000968       0x88 build/usbd_ctlreq.o
 .debug_aranges
                0x000009f0       0x50 build/usbd_ioreq.o
 .debug_aranges
                0x00000a40       0x90 build/usbd_cdc.o
 .debug_aranges
                0x00000ad0       0x30 build/SRV_MotorControl_main.o
 .debug_aranges
                0x00000b00       0x38 build/srv_sens_main.o
 .debug_aranges
                0x00000b38       0x28 build/startup_stm32f103xb.o

.debug_ranges   0x00000000      0xe20
 .debug_ranges  0x00000000       0x30 build/main.o
 .debug_ranges  0x00000030       0x58 build/stm32f1xx_it.o
 .debug_ranges  0x00000088       0x20 build/stm32f1xx_hal_msp.o
 .debug_ranges  0x000000a8       0x10 build/usb_device.o
 .debug_ranges  0x000000b8       0x50 build/usbd_desc.o
 .debug_ranges  0x00000108       0x30 build/usbd_cdc_if.o
 .debug_ranges  0x00000138      0x108 build/usbd_conf.o
 .debug_ranges  0x00000240      0x208 build/stm32f1xx_hal_pcd.o
 .debug_ranges  0x00000448       0x28 build/stm32f1xx_hal_pcd_ex.o
 .debug_ranges  0x00000470      0x3a0 build/stm32f1xx_ll_usb.o
 .debug_ranges  0x00000810       0xd0 build/stm32f1xx_hal.o
 .debug_ranges  0x000008e0       0xa0 build/stm32f1xx_hal_rcc.o
 .debug_ranges  0x00000980       0x38 build/stm32f1xx_hal_rcc_ex.o
 .debug_ranges  0x000009b8       0x48 build/stm32f1xx_hal_gpio.o
 .debug_ranges  0x00000a00       0xe0 build/stm32f1xx_hal_cortex.o
 .debug_ranges  0x00000ae0       0xe0 build/stm32f1xx_hal_adc.o
 .debug_ranges  0x00000bc0       0x18 build/system_stm32f1xx.o
 .debug_ranges  0x00000bd8       0xa8 build/usbd_core.o
 .debug_ranges  0x00000c80       0x78 build/usbd_ctlreq.o
 .debug_ranges  0x00000cf8       0x40 build/usbd_ioreq.o
 .debug_ranges  0x00000d38       0x80 build/usbd_cdc.o
 .debug_ranges  0x00000db8       0x20 build/SRV_MotorControl_main.o
 .debug_ranges  0x00000dd8       0x28 build/srv_sens_main.o
 .debug_ranges  0x00000e00       0x20 build/startup_stm32f103xb.o

.debug_line     0x00000000     0xa6ed
 .debug_line    0x00000000      0x57e build/main.o
 .debug_line    0x0000057e      0x2e2 build/stm32f1xx_it.o
 .debug_line    0x00000860      0x284 build/stm32f1xx_hal_msp.o
 .debug_line    0x00000ae4      0x221 build/usb_device.o
 .debug_line    0x00000d05      0x371 build/usbd_desc.o
 .debug_line    0x00001076      0x25a build/usbd_cdc_if.o
 .debug_line    0x000012d0      0x7ad build/usbd_conf.o
 .debug_line    0x00001a7d     0x18b5 build/stm32f1xx_hal_pcd.o
 .debug_line    0x00003332      0x28b build/stm32f1xx_hal_pcd_ex.o
 .debug_line    0x000035bd     0x1a94 build/stm32f1xx_ll_usb.o
 .debug_line    0x00005051      0x526 build/stm32f1xx_hal.o
 .debug_line    0x00005577      0xc24 build/stm32f1xx_hal_rcc.o
 .debug_line    0x0000619b      0x496 build/stm32f1xx_hal_rcc_ex.o
 .debug_line    0x00006631      0x5db build/stm32f1xx_hal_gpio.o
 .debug_line    0x00006c0c      0x631 build/stm32f1xx_hal_cortex.o
 .debug_line    0x0000723d      0xee4 build/stm32f1xx_hal_adc.o
 .debug_line    0x00008121      0x23e build/system_stm32f1xx.o
 .debug_line    0x0000835f      0x725 build/usbd_core.o
 .debug_line    0x00008a84      0xb0d build/usbd_ctlreq.o
 .debug_line    0x00009591      0x29c build/usbd_ioreq.o
 .debug_line    0x0000982d      0x7b3 build/usbd_cdc.o
 .debug_line    0x00009fe0      0x2be build/SRV_MotorControl_main.o
 .debug_line    0x0000a29e      0x3da build/srv_sens_main.o
 .debug_line    0x0000a678       0x75 build/startup_stm32f103xb.o

.debug_str      0x00000000     0x3465
 .debug_str     0x00000000      0x84c build/main.o
                                0x90a (size before relaxing)
 .debug_str     0x0000084c      0x3dd build/stm32f1xx_it.o
                                0x5ae (size before relaxing)
 .debug_str     0x00000c29       0x84 build/stm32f1xx_hal_msp.o
                                0x58c (size before relaxing)
 .debug_str     0x00000cad      0x3d4 build/usb_device.o
                                0x613 (size before relaxing)
 .debug_str     0x00001081      0x181 build/usbd_desc.o
                                0x41e (size before relaxing)
 .debug_str     0x00001202      0x125 build/usbd_cdc_if.o
                                0x6da (size before relaxing)
 .debug_str     0x00001327      0x86c build/usbd_conf.o
                               0x1169 (size before relaxing)
 .debug_str     0x00001b93      0x318 build/stm32f1xx_hal_pcd.o
                                0xa9b (size before relaxing)
 .debug_str     0x00001eab      0x159 build/stm32f1xx_hal_pcd_ex.o
                                0x695 (size before relaxing)
 .debug_str     0x00002004      0x13b build/stm32f1xx_ll_usb.o
                                0x6c8 (size before relaxing)
 .debug_str     0x0000213f      0x2ff build/stm32f1xx_hal.o
                                0x7f1 (size before relaxing)
 .debug_str     0x0000243e      0x1fe build/stm32f1xx_hal_rcc.o
                                0x5f8 (size before relaxing)
 .debug_str     0x0000263c       0x9c build/stm32f1xx_hal_rcc_ex.o
                                0x3a0 (size before relaxing)
 .debug_str     0x000026d8       0xf5 build/stm32f1xx_hal_gpio.o
                                0x3cd (size before relaxing)
 .debug_str     0x000027cd      0x31f build/stm32f1xx_hal_cortex.o
                                0x8a0 (size before relaxing)
 .debug_str     0x00002aec      0x31c build/stm32f1xx_hal_adc.o
                                0x8a0 (size before relaxing)
 .debug_str     0x00002e08       0x4f build/system_stm32f1xx.o
                                0x221 (size before relaxing)
 .debug_str     0x00002e57      0x13e build/usbd_core.o
                                0x7fe (size before relaxing)
 .debug_str     0x00002f95       0xe2 build/usbd_ctlreq.o
                                0x718 (size before relaxing)
 .debug_str     0x00003077       0x60 build/usbd_ioreq.o
                                0x645 (size before relaxing)
 .debug_str     0x000030d7      0x18f build/usbd_cdc.o
                                0xbd3 (size before relaxing)
 .debug_str     0x00003266       0xf1 build/SRV_MotorControl_main.o
                                0x2e4 (size before relaxing)
 .debug_str     0x00003357       0xea build/srv_sens_main.o
                                0x65d (size before relaxing)
 .debug_str     0x00003441       0x24 build/startup_stm32f103xb.o
                                 0x40 (size before relaxing)

.comment        0x00000000       0x49
 .comment       0x00000000       0x49 build/main.o
                                 0x4a (size before relaxing)
 .comment       0x00000049       0x4a build/stm32f1xx_it.o
 .comment       0x00000049       0x4a build/stm32f1xx_hal_msp.o
 .comment       0x00000049       0x4a build/usb_device.o
 .comment       0x00000049       0x4a build/usbd_desc.o
 .comment       0x00000049       0x4a build/usbd_cdc_if.o
 .comment       0x00000049       0x4a build/usbd_conf.o
 .comment       0x00000049       0x4a build/stm32f1xx_hal_pcd.o
 .comment       0x00000049       0x4a build/stm32f1xx_hal_pcd_ex.o
 .comment       0x00000049       0x4a build/stm32f1xx_ll_usb.o
 .comment       0x00000049       0x4a build/stm32f1xx_hal.o
 .comment       0x00000049       0x4a build/stm32f1xx_hal_rcc.o
 .comment       0x00000049       0x4a build/stm32f1xx_hal_rcc_ex.o
 .comment       0x00000049       0x4a build/stm32f1xx_hal_gpio.o
 .comment       0x00000049       0x4a build/stm32f1xx_hal_cortex.o
 .comment       0x00000049       0x4a build/stm32f1xx_hal_adc.o
 .comment       0x00000049       0x4a build/system_stm32f1xx.o
 .comment       0x00000049       0x4a build/usbd_core.o
 .comment       0x00000049       0x4a build/usbd_ctlreq.o
 .comment       0x00000049       0x4a build/usbd_ioreq.o
 .comment       0x00000049       0x4a build/usbd_cdc.o
 .comment       0x00000049       0x4a build/SRV_MotorControl_main.o
 .comment       0x00000049       0x4a build/srv_sens_main.o

.debug_frame    0x00000000     0x20e8
 .debug_frame   0x00000000       0x98 build/main.o
 .debug_frame   0x00000098       0xc0 build/stm32f1xx_it.o
 .debug_frame   0x00000158       0x60 build/stm32f1xx_hal_msp.o
 .debug_frame   0x000001b8       0x28 build/usb_device.o
 .debug_frame   0x000001e0       0xe0 build/usbd_desc.o
 .debug_frame   0x000002c0       0x78 build/usbd_cdc_if.o
 .debug_frame   0x00000338      0x2ec build/usbd_conf.o
 .debug_frame   0x00000624      0x344 build/stm32f1xx_hal_pcd.o
 .debug_frame   0x00000968       0x50 build/stm32f1xx_hal_pcd_ex.o
 .debug_frame   0x000009b8      0x1fc build/stm32f1xx_ll_usb.o
 .debug_frame   0x00000bb4      0x1cc build/stm32f1xx_hal.o
 .debug_frame   0x00000d80      0x190 build/stm32f1xx_hal_rcc.o
 .debug_frame   0x00000f10       0x64 build/stm32f1xx_hal_rcc_ex.o
 .debug_frame   0x00000f74       0xe4 build/stm32f1xx_hal_gpio.o
 .debug_frame   0x00001058      0x118 build/stm32f1xx_hal_cortex.o
 .debug_frame   0x00001170      0x2c4 build/stm32f1xx_hal_adc.o
 .debug_frame   0x00001434       0x30 build/system_stm32f1xx.o
 .debug_frame   0x00001464      0x1c4 build/usbd_core.o
 .debug_frame   0x00001628      0x178 build/usbd_ctlreq.o
 .debug_frame   0x000017a0       0xb8 build/usbd_ioreq.o
 .debug_frame   0x00001858      0x160 build/usbd_cdc.o
 .debug_frame   0x000019b8       0x74 build/SRV_MotorControl_main.o
 .debug_frame   0x00001a2c       0x6c build/srv_sens_main.o
 .debug_frame   0x00001a98       0x2c c:/program files (x86)/gnu arm embedded toolchain/10 2021.10/bin/../lib/gcc/arm-none-eabi/10.3.1/../../../../arm-none-eabi/lib/thumb/v7-m/nofp\libc_nano.a(lib_a-init.o)
 .debug_frame   0x00001ac4       0x20 c:/program files (x86)/gnu arm embedded toolchain/10 2021.10/bin/../lib/gcc/arm-none-eabi/10.3.1/../../../../arm-none-eabi/lib/thumb/v7-m/nofp\libc_nano.a(lib_a-memset.o)
 .debug_frame   0x00001ae4       0x6c c:/program files (x86)/gnu arm embedded toolchain/10 2021.10/bin/../lib/gcc/arm-none-eabi/10.3.1/../../../../arm-none-eabi/lib/thumb/v7-m/nofp\libc_nano.a(lib_a-sprintf.o)
 .debug_frame   0x00001b50       0x90 c:/program files (x86)/gnu arm embedded toolchain/10 2021.10/bin/../lib/gcc/arm-none-eabi/10.3.1/../../../../arm-none-eabi/lib/thumb/v7-m/nofp\libc_nano.a(lib_a-nano-svfprintf.o)
 .debug_frame   0x00001be0       0x60 c:/program files (x86)/gnu arm embedded toolchain/10 2021.10/bin/../lib/gcc/arm-none-eabi/10.3.1/../../../../arm-none-eabi/lib/thumb/v7-m/nofp\libc_nano.a(lib_a-nano-vfprintf_i.o)
 .debug_frame   0x00001c40       0x28 c:/program files (x86)/gnu arm embedded toolchain/10 2021.10/bin/../lib/gcc/arm-none-eabi/10.3.1/../../../../arm-none-eabi/lib/thumb/v7-m/nofp\libc_nano.a(lib_a-memchr-stub.o)
 .debug_frame   0x00001c68       0x28 c:/program files (x86)/gnu arm embedded toolchain/10 2021.10/bin/../lib/gcc/arm-none-eabi/10.3.1/../../../../arm-none-eabi/lib/thumb/v7-m/nofp\libc_nano.a(lib_a-memcpy-stub.o)
 .debug_frame   0x00001c90       0x28 c:/program files (x86)/gnu arm embedded toolchain/10 2021.10/bin/../lib/gcc/arm-none-eabi/10.3.1/../../../../arm-none-eabi/lib/thumb/v7-m/nofp\libc_nano.a(lib_a-memmove.o)
 .debug_frame   0x00001cb8       0x38 c:/program files (x86)/gnu arm embedded toolchain/10 2021.10/bin/../lib/gcc/arm-none-eabi/10.3.1/../../../../arm-none-eabi/lib/thumb/v7-m/nofp\libc_nano.a(lib_a-nano-freer.o)
 .debug_frame   0x00001cf0       0x4c c:/program files (x86)/gnu arm embedded toolchain/10 2021.10/bin/../lib/gcc/arm-none-eabi/10.3.1/../../../../arm-none-eabi/lib/thumb/v7-m/nofp\libc_nano.a(lib_a-nano-mallocr.o)
 .debug_frame   0x00001d3c       0x3c c:/program files (x86)/gnu arm embedded toolchain/10 2021.10/bin/../lib/gcc/arm-none-eabi/10.3.1/../../../../arm-none-eabi/lib/thumb/v7-m/nofp\libc_nano.a(lib_a-nano-reallocr.o)
 .debug_frame   0x00001d78       0x2c c:/program files (x86)/gnu arm embedded toolchain/10 2021.10/bin/../lib/gcc/arm-none-eabi/10.3.1/../../../../arm-none-eabi/lib/thumb/v7-m/nofp\libc_nano.a(lib_a-sbrkr.o)
 .debug_frame   0x00001da4       0x30 c:/program files (x86)/gnu arm embedded toolchain/10 2021.10/bin/../lib/gcc/arm-none-eabi/10.3.1/../../../../arm-none-eabi/lib/thumb/v7-m/nofp\libc_nano.a(lib_a-mlock.o)
 .debug_frame   0x00001dd4       0x20 c:/program files (x86)/gnu arm embedded toolchain/10 2021.10/bin/../lib/gcc/arm-none-eabi/10.3.1/../../../../arm-none-eabi/lib/thumb/v7-m/nofp\libc_nano.a(lib_a-nano-msizer.o)
 .debug_frame   0x00001df4       0x5c c:/program files (x86)/gnu arm embedded toolchain/10 2021.10/bin/../lib/gcc/arm-none-eabi/10.3.1/../../../../arm-none-eabi/lib/thumb/v7-m/nofp\libc_nano.a(lib_a-reent.o)
 .debug_frame   0x00001e50       0xb0 c:/program files (x86)/gnu arm embedded toolchain/10 2021.10/bin/../lib/gcc/arm-none-eabi/10.3.1/../../../../arm-none-eabi/lib/thumb/v7-m/nofp\libc_nano.a(lib_a-lock.o)
 .debug_frame   0x00001f00       0x20 c:/program files (x86)/gnu arm embedded toolchain/10 2021.10/bin/../lib/gcc/arm-none-eabi/10.3.1/../../../../arm-none-eabi/lib/thumb/v7-m/nofp\libnosys.a(sbrk.o)
 .debug_frame   0x00001f20       0xac c:/program files (x86)/gnu arm embedded toolchain/10 2021.10/bin/../lib/gcc/arm-none-eabi/10.3.1/thumb/v7-m/nofp\libgcc.a(_arm_addsubdf3.o)
 .debug_frame   0x00001fcc       0x50 c:/program files (x86)/gnu arm embedded toolchain/10 2021.10/bin/../lib/gcc/arm-none-eabi/10.3.1/thumb/v7-m/nofp\libgcc.a(_arm_muldivdf3.o)
 .debug_frame   0x0000201c       0x24 c:/program files (x86)/gnu arm embedded toolchain/10 2021.10/bin/../lib/gcc/arm-none-eabi/10.3.1/thumb/v7-m/nofp\libgcc.a(_arm_truncdfsf2.o)
 .debug_frame   0x00002040       0x4c c:/program files (x86)/gnu arm embedded toolchain/10 2021.10/bin/../lib/gcc/arm-none-eabi/10.3.1/thumb/v7-m/nofp\libgcc.a(_arm_addsubsf3.o)
 .debug_frame   0x0000208c       0x38 c:/program files (x86)/gnu arm embedded toolchain/10 2021.10/bin/../lib/gcc/arm-none-eabi/10.3.1/thumb/v7-m/nofp\libgcc.a(_arm_muldivsf3.o)
 .debug_frame   0x000020c4       0x24 c:/program files (x86)/gnu arm embedded toolchain/10 2021.10/bin/../lib/gcc/arm-none-eabi/10.3.1/thumb/v7-m/nofp\libgcc.a(_arm_fixsfsi.o)

Cross Reference Table

Symbol                                            File
ADC1_2_IRQHandler                                 build/startup_stm32f103xb.o
ADC_ConversionStop_Disable                        build/stm32f1xx_hal_adc.o
                                                  build/stm32f1xx_hal_adc_ex.o
ADC_DMAConvCplt                                   build/stm32f1xx_hal_adc.o
                                                  build/stm32f1xx_hal_adc_ex.o
ADC_DMAError                                      build/stm32f1xx_hal_adc.o
                                                  build/stm32f1xx_hal_adc_ex.o
ADC_DMAHalfConvCplt                               build/stm32f1xx_hal_adc.o
                                                  build/stm32f1xx_hal_adc_ex.o
ADC_Enable                                        build/stm32f1xx_hal_adc.o
                                                  build/stm32f1xx_hal_adc_ex.o
AHBPrescTable                                     build/system_stm32f1xx.o
                                                  build/stm32f1xx_hal_rcc.o
APBPrescTable                                     build/system_stm32f1xx.o
                                                  build/stm32f1xx_hal_rcc.o
BusFault_Handler                                  build/stm32f1xx_it.o
CAN1_RX1_IRQHandler                               build/startup_stm32f103xb.o
CAN1_SCE_IRQHandler                               build/startup_stm32f103xb.o
CDC_Transmit_FS                                   build/usbd_cdc_if.o
                                                  build/main.o
DMA1_Channel1_IRQHandler                          build/startup_stm32f103xb.o
DMA1_Channel2_IRQHandler                          build/startup_stm32f103xb.o
DMA1_Channel3_IRQHandler                          build/startup_stm32f103xb.o
DMA1_Channel4_IRQHandler                          build/startup_stm32f103xb.o
DMA1_Channel5_IRQHandler                          build/startup_stm32f103xb.o
DMA1_Channel6_IRQHandler                          build/startup_stm32f103xb.o
DMA1_Channel7_IRQHandler                          build/startup_stm32f103xb.o
DebugMon_Handler                                  build/stm32f1xx_it.o
Default_Handler                                   build/startup_stm32f103xb.o
EXTI0_IRQHandler                                  build/startup_stm32f103xb.o
EXTI15_10_IRQHandler                              build/startup_stm32f103xb.o
EXTI1_IRQHandler                                  build/startup_stm32f103xb.o
EXTI2_IRQHandler                                  build/startup_stm32f103xb.o
EXTI3_IRQHandler                                  build/startup_stm32f103xb.o
EXTI4_IRQHandler                                  build/startup_stm32f103xb.o
EXTI9_5_IRQHandler                                build/startup_stm32f103xb.o
Error_Handler                                     build/main.o
                                                  build/usbd_conf.o
                                                  build/usb_device.o
FLASH_IRQHandler                                  build/startup_stm32f103xb.o
FLASH_PageErase                                   build/stm32f1xx_hal_flash_ex.o
                                                  build/stm32f1xx_hal_flash.o
FLASH_WaitForLastOperation                        build/stm32f1xx_hal_flash.o
                                                  build/stm32f1xx_hal_flash_ex.o
FS_Desc                                           build/usbd_desc.o
                                                  build/usb_device.o
HAL_ADCEx_Calibration_Start                       build/stm32f1xx_hal_adc_ex.o
HAL_ADCEx_InjectedConfigChannel                   build/stm32f1xx_hal_adc_ex.o
HAL_ADCEx_InjectedConvCpltCallback                build/stm32f1xx_hal_adc_ex.o
                                                  build/stm32f1xx_hal_adc.o
HAL_ADCEx_InjectedGetValue                        build/stm32f1xx_hal_adc_ex.o
HAL_ADCEx_InjectedPollForConversion               build/stm32f1xx_hal_adc_ex.o
HAL_ADCEx_InjectedStart                           build/stm32f1xx_hal_adc_ex.o
HAL_ADCEx_InjectedStart_IT                        build/stm32f1xx_hal_adc_ex.o
HAL_ADCEx_InjectedStop                            build/stm32f1xx_hal_adc_ex.o
HAL_ADCEx_InjectedStop_IT                         build/stm32f1xx_hal_adc_ex.o
HAL_ADCEx_MultiModeConfigChannel                  build/stm32f1xx_hal_adc_ex.o
HAL_ADCEx_MultiModeGetValue                       build/stm32f1xx_hal_adc_ex.o
HAL_ADCEx_MultiModeStart_DMA                      build/stm32f1xx_hal_adc_ex.o
HAL_ADCEx_MultiModeStop_DMA                       build/stm32f1xx_hal_adc_ex.o
HAL_ADC_AnalogWDGConfig                           build/stm32f1xx_hal_adc.o
HAL_ADC_ConfigChannel                             build/stm32f1xx_hal_adc.o
                                                  build/main.o
HAL_ADC_ConvCpltCallback                          build/stm32f1xx_hal_adc.o
HAL_ADC_ConvHalfCpltCallback                      build/stm32f1xx_hal_adc.o
HAL_ADC_DeInit                                    build/stm32f1xx_hal_adc.o
HAL_ADC_ErrorCallback                             build/stm32f1xx_hal_adc.o
HAL_ADC_GetError                                  build/stm32f1xx_hal_adc.o
HAL_ADC_GetState                                  build/stm32f1xx_hal_adc.o
HAL_ADC_GetValue                                  build/stm32f1xx_hal_adc.o
                                                  build/srv_sens_main.o
HAL_ADC_IRQHandler                                build/stm32f1xx_hal_adc.o
HAL_ADC_Init                                      build/stm32f1xx_hal_adc.o
                                                  build/main.o
HAL_ADC_LevelOutOfWindowCallback                  build/stm32f1xx_hal_adc.o
HAL_ADC_MspDeInit                                 build/stm32f1xx_hal_msp.o
HAL_ADC_MspInit                                   build/stm32f1xx_hal_msp.o
HAL_ADC_PollForConversion                         build/stm32f1xx_hal_adc.o
                                                  build/srv_sens_main.o
HAL_ADC_PollForEvent                              build/stm32f1xx_hal_adc.o
HAL_ADC_Start                                     build/stm32f1xx_hal_adc.o
                                                  build/srv_sens_main.o
HAL_ADC_Start_DMA                                 build/stm32f1xx_hal_adc.o
HAL_ADC_Start_IT                                  build/stm32f1xx_hal_adc.o
HAL_ADC_Stop                                      build/stm32f1xx_hal_adc.o
                                                  build/srv_sens_main.o
HAL_ADC_Stop_DMA                                  build/stm32f1xx_hal_adc.o
HAL_ADC_Stop_IT                                   build/stm32f1xx_hal_adc.o
HAL_DBGMCU_DisableDBGSleepMode                    build/stm32f1xx_hal.o
HAL_DBGMCU_DisableDBGStandbyMode                  build/stm32f1xx_hal.o
HAL_DBGMCU_DisableDBGStopMode                     build/stm32f1xx_hal.o
HAL_DBGMCU_EnableDBGSleepMode                     build/stm32f1xx_hal.o
HAL_DBGMCU_EnableDBGStandbyMode                   build/stm32f1xx_hal.o
HAL_DBGMCU_EnableDBGStopMode                      build/stm32f1xx_hal.o
HAL_DMA_Abort                                     build/stm32f1xx_hal_dma.o
                                                  build/stm32f1xx_hal_adc_ex.o
                                                  build/stm32f1xx_hal_adc.o
HAL_DMA_Abort_IT                                  build/stm32f1xx_hal_dma.o
HAL_DMA_DeInit                                    build/stm32f1xx_hal_dma.o
HAL_DMA_GetError                                  build/stm32f1xx_hal_dma.o
HAL_DMA_GetState                                  build/stm32f1xx_hal_dma.o
HAL_DMA_IRQHandler                                build/stm32f1xx_hal_dma.o
HAL_DMA_Init                                      build/stm32f1xx_hal_dma.o
HAL_DMA_PollForTransfer                           build/stm32f1xx_hal_dma.o
HAL_DMA_RegisterCallback                          build/stm32f1xx_hal_dma.o
HAL_DMA_Start                                     build/stm32f1xx_hal_dma.o
HAL_DMA_Start_IT                                  build/stm32f1xx_hal_dma.o
                                                  build/stm32f1xx_hal_adc_ex.o
                                                  build/stm32f1xx_hal_adc.o
HAL_DMA_UnRegisterCallback                        build/stm32f1xx_hal_dma.o
HAL_DeInit                                        build/stm32f1xx_hal.o
HAL_Delay                                         build/stm32f1xx_hal.o
                                                  build/srv_sens_main.o
                                                  build/SRV_MotorControl_main.o
                                                  build/usbd_conf.o
HAL_EXTI_ClearConfigLine                          build/stm32f1xx_hal_exti.o
HAL_EXTI_ClearPending                             build/stm32f1xx_hal_exti.o
HAL_EXTI_GenerateSWI                              build/stm32f1xx_hal_exti.o
HAL_EXTI_GetConfigLine                            build/stm32f1xx_hal_exti.o
HAL_EXTI_GetHandle                                build/stm32f1xx_hal_exti.o
HAL_EXTI_GetPending                               build/stm32f1xx_hal_exti.o
HAL_EXTI_IRQHandler                               build/stm32f1xx_hal_exti.o
HAL_EXTI_RegisterCallback                         build/stm32f1xx_hal_exti.o
HAL_EXTI_SetConfigLine                            build/stm32f1xx_hal_exti.o
HAL_FLASHEx_Erase                                 build/stm32f1xx_hal_flash_ex.o
HAL_FLASHEx_Erase_IT                              build/stm32f1xx_hal_flash_ex.o
HAL_FLASHEx_OBErase                               build/stm32f1xx_hal_flash_ex.o
HAL_FLASHEx_OBGetConfig                           build/stm32f1xx_hal_flash_ex.o
HAL_FLASHEx_OBGetUserData                         build/stm32f1xx_hal_flash_ex.o
HAL_FLASHEx_OBProgram                             build/stm32f1xx_hal_flash_ex.o
HAL_FLASH_EndOfOperationCallback                  build/stm32f1xx_hal_flash.o
HAL_FLASH_GetError                                build/stm32f1xx_hal_flash.o
HAL_FLASH_IRQHandler                              build/stm32f1xx_hal_flash.o
HAL_FLASH_Lock                                    build/stm32f1xx_hal_flash.o
HAL_FLASH_OB_Launch                               build/stm32f1xx_hal_flash.o
HAL_FLASH_OB_Lock                                 build/stm32f1xx_hal_flash.o
HAL_FLASH_OB_Unlock                               build/stm32f1xx_hal_flash.o
HAL_FLASH_OperationErrorCallback                  build/stm32f1xx_hal_flash.o
HAL_FLASH_Program                                 build/stm32f1xx_hal_flash.o
HAL_FLASH_Program_IT                              build/stm32f1xx_hal_flash.o
HAL_FLASH_Unlock                                  build/stm32f1xx_hal_flash.o
HAL_GPIOEx_ConfigEventout                         build/stm32f1xx_hal_gpio_ex.o
HAL_GPIOEx_DisableEventout                        build/stm32f1xx_hal_gpio_ex.o
HAL_GPIOEx_EnableEventout                         build/stm32f1xx_hal_gpio_ex.o
HAL_GPIO_DeInit                                   build/stm32f1xx_hal_gpio.o
                                                  build/stm32f1xx_hal_msp.o
HAL_GPIO_EXTI_Callback                            build/stm32f1xx_hal_gpio.o
HAL_GPIO_EXTI_IRQHandler                          build/stm32f1xx_hal_gpio.o
HAL_GPIO_Init                                     build/stm32f1xx_hal_gpio.o
                                                  build/stm32f1xx_hal_rcc.o
                                                  build/stm32f1xx_hal_msp.o
                                                  build/main.o
HAL_GPIO_LockPin                                  build/stm32f1xx_hal_gpio.o
HAL_GPIO_ReadPin                                  build/stm32f1xx_hal_gpio.o
HAL_GPIO_TogglePin                                build/stm32f1xx_hal_gpio.o
HAL_GPIO_WritePin                                 build/stm32f1xx_hal_gpio.o
                                                  build/SRV_MotorControl_main.o
                                                  build/main.o
HAL_GetDEVID                                      build/stm32f1xx_hal.o
HAL_GetHalVersion                                 build/stm32f1xx_hal.o
HAL_GetREVID                                      build/stm32f1xx_hal.o
HAL_GetTick                                       build/stm32f1xx_hal.o
                                                  build/stm32f1xx_hal_adc_ex.o
                                                  build/stm32f1xx_hal_adc.o
                                                  build/stm32f1xx_hal_flash.o
                                                  build/stm32f1xx_hal_dma.o
                                                  build/stm32f1xx_hal_rcc_ex.o
                                                  build/stm32f1xx_hal_rcc.o
HAL_GetTickFreq                                   build/stm32f1xx_hal.o
HAL_GetTickPrio                                   build/stm32f1xx_hal.o
HAL_GetUIDw0                                      build/stm32f1xx_hal.o
HAL_GetUIDw1                                      build/stm32f1xx_hal.o
HAL_GetUIDw2                                      build/stm32f1xx_hal.o
HAL_IncTick                                       build/stm32f1xx_hal.o
                                                  build/stm32f1xx_it.o
HAL_Init                                          build/stm32f1xx_hal.o
                                                  build/main.o
HAL_InitTick                                      build/stm32f1xx_hal.o
                                                  build/stm32f1xx_hal_rcc.o
HAL_MspDeInit                                     build/stm32f1xx_hal.o
HAL_MspInit                                       build/stm32f1xx_hal_msp.o
HAL_NVIC_ClearPendingIRQ                          build/stm32f1xx_hal_cortex.o
HAL_NVIC_DisableIRQ                               build/stm32f1xx_hal_cortex.o
                                                  build/usbd_conf.o
HAL_NVIC_EnableIRQ                                build/stm32f1xx_hal_cortex.o
                                                  build/usbd_conf.o
HAL_NVIC_GetActive                                build/stm32f1xx_hal_cortex.o
HAL_NVIC_GetPendingIRQ                            build/stm32f1xx_hal_cortex.o
HAL_NVIC_GetPriority                              build/stm32f1xx_hal_cortex.o
HAL_NVIC_GetPriorityGrouping                      build/stm32f1xx_hal_cortex.o
HAL_NVIC_SetPendingIRQ                            build/stm32f1xx_hal_cortex.o
HAL_NVIC_SetPriority                              build/stm32f1xx_hal_cortex.o
                                                  build/stm32f1xx_hal.o
                                                  build/usbd_conf.o
HAL_NVIC_SetPriorityGrouping                      build/stm32f1xx_hal_cortex.o
                                                  build/stm32f1xx_hal.o