Archive member included to satisfy reference by file (symbol)

c:/program files (x86)/gnu arm embedded toolchain/10 2021.10/bin/../lib/gcc/arm-none-eabi/10.3.1/../../../../arm-none-eabi/lib/thumb/v7-m/nofp\libc_nano.a(lib_a-exit.o)
                              c:/program files (x86)/gnu arm embedded toolchain/10 2021.10/bin/../lib/gcc/arm-none-eabi/10.3.1/../../../../arm-none-eabi/lib/thumb/v7-m/nofp/crt0.o (exit)
c:/program files (x86)/gnu arm embedded toolchain/10 2021.10/bin/../lib/gcc/arm-none-eabi/10.3.1/../../../../arm-none-eabi/lib/thumb/v7-m/nofp\libc_nano.a(lib_a-impure.o)
                              c:/program files (x86)/gnu arm embedded toolchain/10 2021.10/bin/../lib/gcc/arm-none-eabi/10.3.1/../../../../arm-none-eabi/lib/thumb/v7-m/nofp\libc_nano.a(lib_a-exit.o) (_global_impure_ptr)
c:/program files (x86)/gnu arm embedded toolchain/10 2021.10/bin/../lib/gcc/arm-none-eabi/10.3.1/../../../../arm-none-eabi/lib/thumb/v7-m/nofp\libc_nano.a(lib_a-init.o)
                              c:/program files (x86)/gnu arm embedded toolchain/10 2021.10/bin/../lib/gcc/arm-none-eabi/10.3.1/../../../../arm-none-eabi/lib/thumb/v7-m/nofp/crt0.o (__libc_init_array)
c:/program files (x86)/gnu arm embedded toolchain/10 2021.10/bin/../lib/gcc/arm-none-eabi/10.3.1/../../../../arm-none-eabi/lib/thumb/v7-m/nofp\libc_nano.a(lib_a-memset.o)
                              c:/program files (x86)/gnu arm embedded toolchain/10 2021.10/bin/../lib/gcc/arm-none-eabi/10.3.1/../../../../arm-none-eabi/lib/thumb/v7-m/nofp/crt0.o (memset)
c:/program files (x86)/gnu arm embedded toolchain/10 2021.10/bin/../lib/gcc/arm-none-eabi/10.3.1/../../../../arm-none-eabi/lib/thumb/v7-m/nofp\libc_nano.a(lib_a-sprintf.o)
                              build/main.o (sprintf)
c:/program files (x86)/gnu arm embedded toolchain/10 2021.10/bin/../lib/gcc/arm-none-eabi/10.3.1/../../../../arm-none-eabi/lib/thumb/v7-m/nofp\libc_nano.a(lib_a-strlen.o)
                              build/main.o (strlen)
c:/program files (x86)/gnu arm embedded toolchain/10 2021.10/bin/../lib/gcc/arm-none-eabi/10.3.1/../../../../arm-none-eabi/lib/thumb/v7-m/nofp\libc_nano.a(lib_a-nano-svfprintf.o)
                              c:/program files (x86)/gnu arm embedded toolchain/10 2021.10/bin/../lib/gcc/arm-none-eabi/10.3.1/../../../../arm-none-eabi/lib/thumb/v7-m/nofp\libc_nano.a(lib_a-sprintf.o) (_svfprintf_r)
c:/program files (x86)/gnu arm embedded toolchain/10 2021.10/bin/../lib/gcc/arm-none-eabi/10.3.1/../../../../arm-none-eabi/lib/thumb/v7-m/nofp\libc_nano.a(lib_a-nano-vfprintf_i.o)
                              c:/program files (x86)/gnu arm embedded toolchain/10 2021.10/bin/../lib/gcc/arm-none-eabi/10.3.1/../../../../arm-none-eabi/lib/thumb/v7-m/nofp\libc_nano.a(lib_a-nano-svfprintf.o) (_printf_i)
c:/program files (x86)/gnu arm embedded toolchain/10 2021.10/bin/../lib/gcc/arm-none-eabi/10.3.1/../../../../arm-none-eabi/lib/thumb/v7-m/nofp\libc_nano.a(lib_a-memchr-stub.o)
                              c:/program files (x86)/gnu arm embedded toolchain/10 2021.10/bin/../lib/gcc/arm-none-eabi/10.3.1/../../../../arm-none-eabi/lib/thumb/v7-m/nofp\libc_nano.a(lib_a-nano-svfprintf.o) (memchr)
c:/program files (x86)/gnu arm embedded toolchain/10 2021.10/bin/../lib/gcc/arm-none-eabi/10.3.1/../../../../arm-none-eabi/lib/thumb/v7-m/nofp\libc_nano.a(lib_a-memcpy-stub.o)
                              c:/program files (x86)/gnu arm embedded toolchain/10 2021.10/bin/../lib/gcc/arm-none-eabi/10.3.1/../../../../arm-none-eabi/lib/thumb/v7-m/nofp\libc_nano.a(lib_a-nano-svfprintf.o) (memcpy)
c:/program files (x86)/gnu arm embedded toolchain/10 2021.10/bin/../lib/gcc/arm-none-eabi/10.3.1/../../../../arm-none-eabi/lib/thumb/v7-m/nofp\libc_nano.a(lib_a-memmove.o)
                              c:/program files (x86)/gnu arm embedded toolchain/10 2021.10/bin/../lib/gcc/arm-none-eabi/10.3.1/../../../../arm-none-eabi/lib/thumb/v7-m/nofp\libc_nano.a(lib_a-nano-svfprintf.o) (memmove)
c:/program files (x86)/gnu arm embedded toolchain/10 2021.10/bin/../lib/gcc/arm-none-eabi/10.3.1/../../../../arm-none-eabi/lib/thumb/v7-m/nofp\libc_nano.a(lib_a-nano-freer.o)
                              c:/program files (x86)/gnu arm embedded toolchain/10 2021.10/bin/../lib/gcc/arm-none-eabi/10.3.1/../../../../arm-none-eabi/lib/thumb/v7-m/nofp\libc_nano.a(lib_a-nano-svfprintf.o) (_free_r)
c:/program files (x86)/gnu arm embedded toolchain/10 2021.10/bin/../lib/gcc/arm-none-eabi/10.3.1/../../../../arm-none-eabi/lib/thumb/v7-m/nofp\libc_nano.a(lib_a-nano-mallocr.o)
                              c:/program files (x86)/gnu arm embedded toolchain/10 2021.10/bin/../lib/gcc/arm-none-eabi/10.3.1/../../../../arm-none-eabi/lib/thumb/v7-m/nofp\libc_nano.a(lib_a-nano-svfprintf.o) (_malloc_r)
c:/program files (x86)/gnu arm embedded toolchain/10 2021.10/bin/../lib/gcc/arm-none-eabi/10.3.1/../../../../arm-none-eabi/lib/thumb/v7-m/nofp\libc_nano.a(lib_a-nano-reallocr.o)
[...]
Memory Configuration

Name             Origin             Length             Attributes
RAM              0x20000000         0x00005000         xrw
FLASH            0x08000000         0x00010000         xr
*default*        0x00000000         0xffffffff

Linker script and memory map

LOAD c:/program files (x86)/gnu arm embedded toolchain/10 2021.10/bin/../lib/gcc/arm-none-eabi/10.3.1/thumb/v7-m/nofp/crti.o
LOAD c:/program files (x86)/gnu arm embedded toolchain/10 2021.10/bin/../lib/gcc/arm-none-eabi/10.3.1/thumb/v7-m/nofp/crtbegin.o
LOAD c:/program files (x86)/gnu arm embedded toolchain/10 2021.10/bin/../lib/gcc/arm-none-eabi/10.3.1/../../../../arm-none-eabi/lib/thumb/v7-m/nofp/crt0.o
LOAD build/main.o
LOAD build/stm32f1xx_it.o
LOAD build/stm32f1xx_hal_msp.o
LOAD build/usb_device.o
LOAD build/usbd_desc.o
LOAD build/usbd_cdc_if.o
LOAD build/usbd_conf.o
LOAD build/stm32f1xx_hal_gpio_ex.o
LOAD build/stm32f1xx_hal_pcd.o
LOAD build/stm32f1xx_hal_pcd_ex.o
LOAD build/stm32f1xx_ll_usb.o
LOAD build/stm32f1xx_hal.o
LOAD build/stm32f1xx_hal_rcc.o
LOAD build/stm32f1xx_hal_rcc_ex.o
LOAD build/stm32f1xx_hal_gpio.o
LOAD build/stm32f1xx_hal_dma.o
LOAD build/stm32f1xx_hal_cortex.o
LOAD build/stm32f1xx_hal_pwr.o
LOAD build/stm32f1xx_hal_flash.o
LOAD build/stm32f1xx_hal_flash_ex.o
LOAD build/stm32f1xx_hal_exti.o
LOAD build/stm32f1xx_hal_adc.o
LOAD build/stm32f1xx_hal_adc_ex.o
LOAD build/stm32f1xx_hal_tim.o
LOAD build/stm32f1xx_hal_tim_ex.o
LOAD build/system_stm32f1xx.o
LOAD build/usbd_core.o
LOAD build/usbd_ctlreq.o
LOAD build/usbd_ioreq.o
LOAD build/usbd_cdc.o
LOAD build/SRV_MotorControl_input.o
LOAD build/SRV_MotorControl_output.o
LOAD build/SRV_MotorControl_main.o
LOAD build/srv_sens_input.o
LOAD build/srv_sens_main.o
LOAD build/srv_sens_output.o
LOAD build/startup_stm32f103xb.o
LOAD c:/program files (x86)/gnu arm embedded toolchain/10 2021.10/bin/../lib/gcc/arm-none-eabi/10.3.1/../../../../arm-none-eabi/lib/thumb/v7-m/nofp\libc_nano.a
LOAD c:/program files (x86)/gnu arm embedded toolchain/10 2021.10/bin/../lib/gcc/arm-none-eabi/10.3.1/../../../../arm-none-eabi/lib/thumb/v7-m/nofp\libm.a
LOAD c:/program files (x86)/gnu arm embedded toolchain/10 2021.10/bin/../lib/gcc/arm-none-eabi/10.3.1/../../../../arm-none-eabi/lib/thumb/v7-m/nofp\libnosys.a
START GROUP
LOAD c:/program files (x86)/gnu arm embedded toolchain/10 2021.10/bin/../lib/gcc/arm-none-eabi/10.3.1/thumb/v7-m/nofp\libgcc.a
LOAD c:/program files (x86)/gnu arm embedded toolchain/10 2021.10/bin/../lib/gcc/arm-none-eabi/10.3.1/../../../../arm-none-eabi/lib/thumb/v7-m/nofp\libc_nano.a
END GROUP
START GROUP
LOAD c:/program files (x86)/gnu arm embedded toolchain/10 2021.10/bin/../lib/gcc/arm-none-eabi/10.3.1/thumb/v7-m/nofp\libgcc.a
LOAD c:/program files (x86)/gnu arm embedded toolchain/10 2021.10/bin/../lib/gcc/arm-none-eabi/10.3.1/../../../../arm-none-eabi/lib/thumb/v7-m/nofp\libc_nano.a
END GROUP
LOAD c:/program files (x86)/gnu arm embedded toolchain/10 2021.10/bin/../lib/gcc/arm-none-eabi/10.3.1/thumb/v7-m/nofp/crtend.o
LOAD c:/program files (x86)/gnu arm embedded toolchain/10 2021.10/bin/../lib/gcc/arm-none-eabi/10.3.1/thumb/v7-m/nofp/crtn.o
                0x20005000                _estack = (ORIGIN (RAM) + LENGTH (RAM))
                0x00000200                _Min_Heap_Size = 0x200
                0x00000400                _Min_Stack_Size = 0x400

.isr_vector     0x08000000      0x10c
                0x08000000                . = ALIGN (0x4)
 *(.isr_vector)
 .isr_vector    0x08000000      0x10c build/startup_stm32f103xb.o
                0x08000000                g_pfnVectors
                0x0800010c                . = ALIGN (0x4)

.text           0x08000110     0x7608
                0x08000110                . = ALIGN (0x4)
 *(.text)
 .text          0x08000110       0x40 c:/program files (x86)/gnu arm embedded toolchain/10 2021.10/bin/../lib/gcc/arm-none-eabi/10.3.1/thumb/v7-m/nofp/crtbegin.o
 .text          0x08000150       0x10 c:/program files (x86)/gnu arm embedded toolchain/10 2021.10/bin/../lib/gcc/arm-none-eabi/10.3.1/../../../../arm-none-eabi/lib/thumb/v7-m/nofp\libc_nano.a(lib_a-strlen.o)
                0x08000150                strlen
 .text          0x08000160      0x378 c:/program files (x86)/gnu arm embedded toolchain/10 2021.10/bin/../lib/gcc/arm-none-eabi/10.3.1/thumb/v7-m/nofp\libgcc.a(_arm_addsubdf3.o)
                0x08000160                __aeabi_drsub
                0x08000168                __aeabi_dsub
                0x08000168                __subdf3
                0x0800016c                __aeabi_dadd
                0x0800016c                __adddf3
                0x080003e4                __floatunsidf
                0x080003e4                __aeabi_ui2d
                0x08000404                __floatsidf
                0x08000404                __aeabi_i2d
                0x08000428                __aeabi_f2d
                0x08000428                __extendsfdf2
                0x0800046c                __floatundidf
                0x0800046c                __aeabi_ul2d
                0x0800047c                __floatdidf
                0x0800047c                __aeabi_l2d
 .text          0x080004d8      0x424 c:/program files (x86)/gnu arm embedded toolchain/10 2021.10/bin/../lib/gcc/arm-none-eabi/10.3.1/thumb/v7-m/nofp\libgcc.a(_arm_muldivdf3.o)
                0x080004d8                __aeabi_dmul
                0x080004d8                __muldf3
                0x0800072c                __divdf3
                0x0800072c                __aeabi_ddiv
 .text          0x080008fc      0x110 c:/program files (x86)/gnu arm embedded toolchain/10 2021.10/bin/../lib/gcc/arm-none-eabi/10.3.1/thumb/v7-m/nofp\libgcc.a(_arm_cmpdf2.o)
                0x080008fc                __gtdf2
                0x080008fc                __gedf2
                0x08000904                __ltdf2
                0x08000904                __ledf2
                0x0800090c                __nedf2
                0x0800090c                __eqdf2
                0x0800090c                __cmpdf2
                0x08000988                __aeabi_cdrcmple
                0x08000998                __aeabi_cdcmpeq
                0x08000998                __aeabi_cdcmple
                0x080009a8                __aeabi_dcmpeq
                0x080009bc                __aeabi_dcmplt
                0x080009d0                __aeabi_dcmple
                0x080009e4                __aeabi_dcmpge
                0x080009f8                __aeabi_dcmpgt
 .text          0x08000a0c       0x50 c:/program files (x86)/gnu arm embedded toolchain/10 2021.10/bin/../lib/gcc/arm-none-eabi/10.3.1/thumb/v7-m/nofp\libgcc.a(_arm_fixdfsi.o)
                0x08000a0c                __aeabi_d2iz
                0x08000a0c                __fixdfsi
 .text          0x08000a5c       0xa0 c:/program files (x86)/gnu arm embedded toolchain/10 2021.10/bin/../lib/gcc/arm-none-eabi/10.3.1/thumb/v7-m/nofp\libgcc.a(_arm_truncdfsf2.o)
                0x08000a5c                __truncdfsf2
                0x08000a5c                __aeabi_d2f
 .text          0x08000afc      0x21c c:/program files (x86)/gnu arm embedded toolchain/10 2021.10/bin/../lib/gcc/arm-none-eabi/10.3.1/thumb/v7-m/nofp\libgcc.a(_arm_addsubsf3.o)
                0x08000afc                __aeabi_frsub
                0x08000b04                __subsf3
                0x08000b04                __aeabi_fsub
                0x08000b08                __aeabi_fadd
                0x08000b08                __addsf3
                0x08000c68                __aeabi_ui2f
                0x08000c68                __floatunsisf
                0x08000c70                __aeabi_i2f
                0x08000c70                __floatsisf
                0x08000c8c                __aeabi_ul2f
                0x08000c8c                __floatundisf
                0x08000c9c                __aeabi_l2f
                0x08000c9c                __floatdisf
 .text          0x08000d18      0x2a0 c:/program files (x86)/gnu arm embedded toolchain/10 2021.10/bin/../lib/gcc/arm-none-eabi/10.3.1/thumb/v7-m/nofp\libgcc.a(_arm_muldivsf3.o)
                0x08000d18                __mulsf3
                0x08000d18                __aeabi_fmul
                0x08000e80                __aeabi_fdiv
                0x08000e80                __divsf3
 .text          0x08000fb8       0xec c:/program files (x86)/gnu arm embedded toolchain/10 2021.10/bin/../lib/gcc/arm-none-eabi/10.3.1/thumb/v7-m/nofp\libgcc.a(_arm_cmpsf2.o)
                0x08000fb8                __gesf2
                0x08000fb8                __gtsf2
                0x08000fc0                __lesf2
                0x08000fc0                __ltsf2
                0x08000fc8                __nesf2
                0x08000fc8                __eqsf2
                0x08000fc8                __cmpsf2
                0x08001028                __aeabi_cfrcmple
                0x08001030                __aeabi_cfcmpeq
                0x08001030                __aeabi_cfcmple
                0x08001040                __aeabi_fcmpeq
                0x08001054                __aeabi_fcmplt
                0x08001068                __aeabi_fcmple
                0x0800107c                __aeabi_fcmpge
                0x08001090                __aeabi_fcmpgt
 .text          0x080010a4       0x4c c:/program files (x86)/gnu arm embedded toolchain/10 2021.10/bin/../lib/gcc/arm-none-eabi/10.3.1/thumb/v7-m/nofp\libgcc.a(_arm_fixsfsi.o)
                0x080010a4                __aeabi_f2iz
                0x080010a4                __fixsfsi
 *(.text*)
 .text.MX_GPIO_Init
                0x080010f0       0x64 build/main.o
 .text.Error_Handler
                0x08001154        0x4 build/main.o
                0x08001154                Error_Handler
 .text.MX_ADC1_Init
                0x08001158       0x54 build/main.o
 .text.SystemClock_Config
                0x080011ac       0x8c build/main.o
                0x080011ac                SystemClock_Config
 .text.main     0x08001238      0x20c build/main.o
                0x08001238                main
 .text.NMI_Handler
                0x08001444        0x2 build/stm32f1xx_it.o
                0x08001444                NMI_Handler
 .text.HardFault_Handler
                0x08001446        0x2 build/stm32f1xx_it.o
                0x08001446                HardFault_Handler
 .text.MemManage_Handler
                0x08001448        0x2 build/stm32f1xx_it.o
                0x08001448                MemManage_Handler
 .text.BusFault_Handler
                0x0800144a        0x2 build/stm32f1xx_it.o
                0x0800144a                BusFault_Handler
 .text.UsageFault_Handler
                0x0800144c        0x2 build/stm32f1xx_it.o
                0x0800144c                UsageFault_Handler
 .text.SVC_Handler
                0x0800144e        0x2 build/stm32f1xx_it.o
                0x0800144e                SVC_Handler
 .text.DebugMon_Handler
                0x08001450        0x2 build/stm32f1xx_it.o
                0x08001450                DebugMon_Handler
 .text.PendSV_Handler
                0x08001452        0x2 build/stm32f1xx_it.o
                0x08001452                PendSV_Handler
 .text.SysTick_Handler
                0x08001454        0x8 build/stm32f1xx_it.o
                0x08001454                SysTick_Handler
 .text.USB_LP_CAN1_RX0_IRQHandler
                0x0800145c       0x10 build/stm32f1xx_it.o
                0x0800145c                USB_LP_CAN1_RX0_IRQHandler
 .text.HAL_MspInit
                0x0800146c       0x44 build/stm32f1xx_hal_msp.o
                0x0800146c                HAL_MspInit
 .text.HAL_ADC_MspInit
                0x080014b0       0x60 build/stm32f1xx_hal_msp.o
                0x080014b0                HAL_ADC_MspInit
 .text.MX_USB_DEVICE_Init
                0x08001510       0x54 build/usb_device.o
                0x08001510                MX_USB_DEVICE_Init
 .text.USBD_FS_DeviceDescriptor
                0x08001564        0xc build/usbd_desc.o
                0x08001564                USBD_FS_DeviceDescriptor
 .text.USBD_FS_LangIDStrDescriptor
                0x08001570        0xc build/usbd_desc.o
                0x08001570                USBD_FS_LangIDStrDescriptor
 .text.IntToUnicode
                0x0800157c       0x46 build/usbd_desc.o
 *fill*         0x080015c2        0x2 
 .text.Get_SerialNum
                0x080015c4       0x38 build/usbd_desc.o
 .text.USBD_FS_SerialStrDescriptor
                0x080015fc       0x14 build/usbd_desc.o
                0x080015fc                USBD_FS_SerialStrDescriptor
 .text.USBD_FS_ProductStrDescriptor
                0x08001610       0x24 build/usbd_desc.o
                0x08001610                USBD_FS_ProductStrDescriptor
 .text.USBD_FS_ManufacturerStrDescriptor
                0x08001634       0x1c build/usbd_desc.o
                0x08001634                USBD_FS_ManufacturerStrDescriptor
 .text.USBD_FS_ConfigStrDescriptor
                0x08001650       0x24 build/usbd_desc.o
                0x08001650                USBD_FS_ConfigStrDescriptor
 .text.USBD_FS_InterfaceStrDescriptor
                0x08001674       0x24 build/usbd_desc.o
                0x08001674                USBD_FS_InterfaceStrDescriptor
 .text.CDC_DeInit_FS
                0x08001698        0x4 build/usbd_cdc_if.o
 .text.CDC_Control_FS
                0x0800169c        0x4 build/usbd_cdc_if.o
 .text.CDC_Receive_FS
                0x080016a0       0x1c build/usbd_cdc_if.o
 .text.CDC_Init_FS
                0x080016bc       0x28 build/usbd_cdc_if.o
 .text.CDC_Transmit_FS
                0x080016e4       0x2c build/usbd_cdc_if.o
                0x080016e4                CDC_Transmit_FS
 .text.USBD_Get_USB_Status
                0x08001710       0x14 build/usbd_conf.o
 .text.HAL_PCD_MspInit
                0x08001724       0x40 build/usbd_conf.o
                0x08001724                HAL_PCD_MspInit
 .text.HAL_PCD_SetupStageCallback
                0x08001764       0x10 build/usbd_conf.o
                0x08001764                HAL_PCD_SetupStageCallback
 .text.HAL_PCD_DataOutStageCallback
                0x08001774       0x18 build/usbd_conf.o
                0x08001774                HAL_PCD_DataOutStageCallback
 .text.HAL_PCD_DataInStageCallback
                0x0800178c       0x16 build/usbd_conf.o
                0x0800178c                HAL_PCD_DataInStageCallback
 .text.HAL_PCD_SOFCallback
                0x080017a2        0xc build/usbd_conf.o
                0x080017a2                HAL_PCD_SOFCallback
 .text.HAL_PCD_ResetCallback
                0x080017ae       0x24 build/usbd_conf.o
                0x080017ae                HAL_PCD_ResetCallback
 *fill*         0x080017d2        0x2 
 .text.HAL_PCD_SuspendCallback
                0x080017d4       0x20 build/usbd_conf.o
                0x080017d4                HAL_PCD_SuspendCallback
 .text.HAL_PCD_ResumeCallback
                0x080017f4        0xc build/usbd_conf.o
                0x080017f4                HAL_PCD_ResumeCallback
 .text.USBD_LL_Init
                0x08001800       0x84 build/usbd_conf.o
                0x08001800                USBD_LL_Init
 .text.USBD_LL_Start
                0x08001884       0x10 build/usbd_conf.o
                0x08001884                USBD_LL_Start
 .text.USBD_LL_OpenEP
                0x08001894       0x16 build/usbd_conf.o
                0x08001894                USBD_LL_OpenEP
 .text.USBD_LL_CloseEP
                0x080018aa       0x10 build/usbd_conf.o
                0x080018aa                USBD_LL_CloseEP
 .text.USBD_LL_StallEP
                0x080018ba       0x10 build/usbd_conf.o
                0x080018ba                USBD_LL_StallEP
 .text.USBD_LL_ClearStallEP
                0x080018ca       0x10 build/usbd_conf.o
                0x080018ca                USBD_LL_ClearStallEP
 .text.USBD_LL_IsStallEP
                0x080018da       0x2e build/usbd_conf.o
                0x080018da                USBD_LL_IsStallEP
 .text.USBD_LL_SetUSBAddress
                0x08001908       0x10 build/usbd_conf.o
                0x08001908                USBD_LL_SetUSBAddress
 .text.USBD_LL_Transmit
                0x08001918       0x10 build/usbd_conf.o
                0x08001918                USBD_LL_Transmit
 .text.USBD_LL_PrepareReceive
                0x08001928       0x10 build/usbd_conf.o
                0x08001928                USBD_LL_PrepareReceive
 .text.USBD_LL_GetRxDataSize
                0x08001938        0xc build/usbd_conf.o
                0x08001938                USBD_LL_GetRxDataSize
 .text.USBD_static_malloc
                0x08001944        0x8 build/usbd_conf.o
                0x08001944                USBD_static_malloc
 .text.USBD_static_free
                0x0800194c        0x2 build/usbd_conf.o
                0x0800194c                USBD_static_free
 .text.HAL_PCDEx_SetConnectionState
                0x0800194e        0x2 build/usbd_conf.o
                0x0800194e                HAL_PCDEx_SetConnectionState
 .text.HAL_PCD_EP_DB_Receive
                0x08001950      0x11c build/stm32f1xx_hal_pcd.o
 .text.HAL_PCD_Init
                0x08001a6c      0x118 build/stm32f1xx_hal_pcd.o
                0x08001a6c                HAL_PCD_Init
 .text.HAL_PCD_Start
                0x08001b84       0x32 build/stm32f1xx_hal_pcd.o
                0x08001b84                HAL_PCD_Start
 .text.HAL_PCD_EP_DB_Transmit
                0x08001bb6      0x420 build/stm32f1xx_hal_pcd.o
 .text.PCD_EP_ISR_Handler
                0x08001fd6      0x438 build/stm32f1xx_hal_pcd.o
 .text.HAL_PCD_SetAddress
                0x0800240e       0x28 build/stm32f1xx_hal_pcd.o
                0x0800240e                HAL_PCD_SetAddress
 .text.HAL_PCD_IRQHandler
                0x08002436      0x1d4 build/stm32f1xx_hal_pcd.o
                0x08002436                HAL_PCD_IRQHandler
 .text.HAL_PCD_EP_Open
                0x0800260a       0x84 build/stm32f1xx_hal_pcd.o
                0x0800260a                HAL_PCD_EP_Open
 .text.HAL_PCD_EP_Close
                0x0800268e       0x64 build/stm32f1xx_hal_pcd.o
                0x0800268e                HAL_PCD_EP_Close
 .text.HAL_PCD_EP_Receive
                0x080026f2       0x44 build/stm32f1xx_hal_pcd.o
                0x080026f2                HAL_PCD_EP_Receive
 .text.HAL_PCD_EP_GetRxCount
                0x08002736       0x12 build/stm32f1xx_hal_pcd.o
                0x08002736                HAL_PCD_EP_GetRxCount
 .text.HAL_PCD_EP_Transmit
                0x08002748       0x50 build/stm32f1xx_hal_pcd.o
                0x08002748                HAL_PCD_EP_Transmit
 .text.HAL_PCD_EP_SetStall
                0x08002798       0x78 build/stm32f1xx_hal_pcd.o
                0x08002798                HAL_PCD_EP_SetStall
 .text.HAL_PCD_EP_ClrStall
                0x08002810       0x76 build/stm32f1xx_hal_pcd.o
                0x08002810                HAL_PCD_EP_ClrStall
 .text.HAL_PCDEx_PMAConfig
                0x08002886       0x38 build/stm32f1xx_hal_pcd_ex.o
                0x08002886                HAL_PCDEx_PMAConfig
 .text.USB_CoreInit
                0x080028be        0xe build/stm32f1xx_ll_usb.o
                0x080028be                USB_CoreInit
 .text.USB_EnableGlobalInt
                0x080028cc       0x12 build/stm32f1xx_ll_usb.o
                0x080028cc                USB_EnableGlobalInt
 .text.USB_DisableGlobalInt
                0x080028de       0x14 build/stm32f1xx_ll_usb.o
                0x080028de                USB_DisableGlobalInt
 .text.USB_SetCurrentMode
                0x080028f2        0x4 build/stm32f1xx_ll_usb.o
                0x080028f2                USB_SetCurrentMode
 .text.USB_DevInit
                0x080028f6       0x22 build/stm32f1xx_ll_usb.o
                0x080028f6                USB_DevInit
 .text.USB_ActivateEndpoint
                0x08002918      0x378 build/stm32f1xx_ll_usb.o
                0x08002918                USB_ActivateEndpoint
 .text.USB_DeactivateEndpoint
                0x08002c90      0x1d6 build/stm32f1xx_ll_usb.o
                0x08002c90                USB_DeactivateEndpoint
 .text.USB_EPSetStall
                0x08002e66       0x4a build/stm32f1xx_ll_usb.o
                0x08002e66                USB_EPSetStall
 .text.USB_EPClearStall
                0x08002eb0       0xa2 build/stm32f1xx_ll_usb.o
                0x08002eb0                USB_EPClearStall
 .text.USB_SetDevAddress
                0x08002f52        0xc build/stm32f1xx_ll_usb.o
                0x08002f52                USB_SetDevAddress
 .text.USB_DevConnect
                0x08002f5e        0x4 build/stm32f1xx_ll_usb.o
                0x08002f5e                USB_DevConnect
 .text.USB_DevDisconnect
                0x08002f62        0x4 build/stm32f1xx_ll_usb.o
                0x08002f62                USB_DevDisconnect
 .text.USB_ReadInterrupts
                0x08002f66        0x8 build/stm32f1xx_ll_usb.o
                0x08002f66                USB_ReadInterrupts
 .text.USB_EP0_OutStart
                0x08002f6e        0x4 build/stm32f1xx_ll_usb.o
                0x08002f6e                USB_EP0_OutStart
 .text.USB_WritePMA
                0x08002f72       0x28 build/stm32f1xx_ll_usb.o
                0x08002f72                USB_WritePMA
 .text.USB_EPStartXfer
                0x08002f9a      0x8b2 build/stm32f1xx_ll_usb.o
                0x08002f9a                USB_EPStartXfer
 .text.USB_ReadPMA
                0x0800384c       0x30 build/stm32f1xx_ll_usb.o
                0x0800384c                USB_ReadPMA
 .text.HAL_InitTick
                0x0800387c       0x4c build/stm32f1xx_hal.o
                0x0800387c                HAL_InitTick
 .text.HAL_Init
                0x080038c8       0x24 build/stm32f1xx_hal.o
                0x080038c8                HAL_Init
 .text.HAL_IncTick
                0x080038ec       0x18 build/stm32f1xx_hal.o
                0x080038ec                HAL_IncTick
 .text.HAL_GetTick
                0x08003904        0xc build/stm32f1xx_hal.o
                0x08003904                HAL_GetTick
 .text.HAL_Delay
                0x08003910       0x28 build/stm32f1xx_hal.o
                0x08003910                HAL_Delay
 .text.RCC_Delay
                0x08003938       0x2c build/stm32f1xx_hal_rcc.o
 .text.HAL_RCC_OscConfig
                0x08003964      0x410 build/stm32f1xx_hal_rcc.o
                0x08003964                HAL_RCC_OscConfig
 .text.HAL_RCC_GetSysClockFreq
                0x08003d74       0x70 build/stm32f1xx_hal_rcc.o
                0x08003d74                HAL_RCC_GetSysClockFreq
 .text.HAL_RCC_ClockConfig
                0x08003de4      0x16c build/stm32f1xx_hal_rcc.o
                0x08003de4                HAL_RCC_ClockConfig
 .text.HAL_RCC_GetHCLKFreq
                0x08003f50        0xc build/stm32f1xx_hal_rcc.o
                0x08003f50                HAL_RCC_GetHCLKFreq
 .text.HAL_RCC_GetPCLK2Freq
                0x08003f5c       0x20 build/stm32f1xx_hal_rcc.o
                0x08003f5c                HAL_RCC_GetPCLK2Freq
 .text.HAL_RCCEx_PeriphCLKConfig
                0x08003f7c      0x118 build/stm32f1xx_hal_rcc_ex.o
                0x08003f7c                HAL_RCCEx_PeriphCLKConfig
 .text.HAL_RCCEx_GetPeriphCLKFreq
                0x08004094      0x100 build/stm32f1xx_hal_rcc_ex.o
                0x08004094                HAL_RCCEx_GetPeriphCLKFreq
 .text.HAL_GPIO_Init
                0x08004194      0x224 build/stm32f1xx_hal_gpio.o
                0x08004194                HAL_GPIO_Init
 .text.HAL_GPIO_WritePin
                0x080043b8        0xc build/stm32f1xx_hal_gpio.o
                0x080043b8                HAL_GPIO_WritePin
 .text.HAL_NVIC_SetPriorityGrouping
                0x080043c4       0x24 build/stm32f1xx_hal_cortex.o
                0x080043c4                HAL_NVIC_SetPriorityGrouping
 .text.HAL_NVIC_SetPriority
                0x080043e8       0x70 build/stm32f1xx_hal_cortex.o
                0x080043e8                HAL_NVIC_SetPriority
 .text.HAL_NVIC_EnableIRQ
                0x08004458       0x1c build/stm32f1xx_hal_cortex.o
                0x08004458                HAL_NVIC_EnableIRQ
 .text.HAL_SYSTICK_Config
                0x08004474       0x28 build/stm32f1xx_hal_cortex.o
                0x08004474                HAL_SYSTICK_Config
 .text.HAL_ADC_PollForConversion
                0x0800449c      0x184 build/stm32f1xx_hal_adc.o
                0x0800449c                HAL_ADC_PollForConversion
 .text.HAL_ADC_GetValue
                0x08004620        0x6 build/stm32f1xx_hal_adc.o
                0x08004620                HAL_ADC_GetValue
 *fill*         0x08004626        0x2 
 .text.HAL_ADC_ConfigChannel
                0x08004628      0x144 build/stm32f1xx_hal_adc.o
                0x08004628                HAL_ADC_ConfigChannel
 .text.ADC_Enable
                0x0800476c       0x88 build/stm32f1xx_hal_adc.o
                0x0800476c                ADC_Enable
 .text.HAL_ADC_Start
                0x080047f4       0xe8 build/stm32f1xx_hal_adc.o
                0x080047f4                HAL_ADC_Start
 .text.ADC_ConversionStop_Disable
                0x080048dc       0x56 build/stm32f1xx_hal_adc.o
                0x080048dc                ADC_ConversionStop_Disable
 *fill*         0x08004932        0x2 
 .text.HAL_ADC_Init
                0x08004934      0x108 build/stm32f1xx_hal_adc.o
                0x08004934                HAL_ADC_Init
 .text.HAL_ADC_Stop
                0x08004a3c       0x34 build/stm32f1xx_hal_adc.o
                0x08004a3c                HAL_ADC_Stop
 .text.SystemInit
                0x08004a70        0x2 build/system_stm32f1xx.o
                0x08004a70                SystemInit
 .text.USBD_Init
                0x08004a72       0x2e build/usbd_core.o
                0x08004a72                USBD_Init
 .text.USBD_RegisterClass
                0x08004aa0        0xe build/usbd_core.o
                0x08004aa0                USBD_RegisterClass
 .text.USBD_Start
                0x08004aae        0xa build/usbd_core.o
                0x08004aae                USBD_Start
 .text.USBD_SetClassConfig
                0x08004ab8       0x18 build/usbd_core.o
                0x08004ab8                USBD_SetClassConfig
 .text.USBD_ClrClassConfig
                0x08004ad0        0xe build/usbd_core.o
                0x08004ad0                USBD_ClrClassConfig
 .text.USBD_LL_SetupStage
                0x08004ade       0x5a build/usbd_core.o
                0x08004ade                USBD_LL_SetupStage
 .text.USBD_LL_DataOutStage
                0x08004b38       0x8c build/usbd_core.o
                0x08004b38                USBD_LL_DataOutStage
 .text.USBD_LL_DataInStage
                0x08004bc4       0xd0 build/usbd_core.o
                0x08004bc4                USBD_LL_DataInStage
 .text.USBD_LL_Reset
                0x08004c94       0x50 build/usbd_core.o
                0x08004c94                USBD_LL_Reset
 .text.USBD_LL_SetSpeed
                0x08004ce4        0x6 build/usbd_core.o
                0x08004ce4                USBD_LL_SetSpeed
 .text.USBD_LL_Suspend
                0x08004cea       0x12 build/usbd_core.o
                0x08004cea                USBD_LL_Suspend
 .text.USBD_LL_Resume
                0x08004cfc       0x16 build/usbd_core.o
                0x08004cfc                USBD_LL_Resume
 .text.USBD_LL_SOF
                0x08004d12       0x1c build/usbd_core.o
                0x08004d12                USBD_LL_SOF
 .text.USBD_GetLen
                0x08004d2e       0x14 build/usbd_ctlreq.o
 .text.USBD_SetFeature
                0x08004d42       0x14 build/usbd_ctlreq.o
 .text.USBD_ParseSetupRequest
                0x08004d56       0x28 build/usbd_ctlreq.o
                0x08004d56                USBD_ParseSetupRequest
 .text.USBD_CtlError
                0x08004d7e       0x14 build/usbd_ctlreq.o
                0x08004d7e                USBD_CtlError
 .text.USBD_GetDescriptor
                0x08004d92      0x186 build/usbd_ctlreq.o
 .text.USBD_SetAddress
                0x08004f18       0x4e build/usbd_ctlreq.o
 *fill*         0x08004f66        0x2 
 .text.USBD_SetConfig
                0x08004f68       0xb0 build/usbd_ctlreq.o
 .text.USBD_GetConfig
                0x08005018       0x3e build/usbd_ctlreq.o
 .text.USBD_GetStatus
                0x08005056       0x38 build/usbd_ctlreq.o
 .text.USBD_ClrFeature
                0x0800508e       0x26 build/usbd_ctlreq.o
 .text.USBD_StdDevReq
                0x080050b4       0x68 build/usbd_ctlreq.o
                0x080050b4                USBD_StdDevReq
 .text.USBD_StdItfReq
                0x0800511c       0x60 build/usbd_ctlreq.o
                0x0800511c                USBD_StdItfReq
 .text.USBD_StdEPReq
                0x0800517c      0x1e2 build/usbd_ctlreq.o
                0x0800517c                USBD_StdEPReq
 .text.USBD_GetString
                0x0800535e       0x3a build/usbd_ctlreq.o
                0x0800535e                USBD_GetString
 .text.USBD_CtlSendData
                0x08005398       0x1a build/usbd_ioreq.o
                0x08005398                USBD_CtlSendData
 .text.USBD_CtlContinueSendData
                0x080053b2       0x10 build/usbd_ioreq.o
                0x080053b2                USBD_CtlContinueSendData
 .text.USBD_CtlPrepareRx
                0x080053c2       0x1e build/usbd_ioreq.o
                0x080053c2                USBD_CtlPrepareRx
 .text.USBD_CtlContinueRx
                0x080053e0       0x10 build/usbd_ioreq.o
                0x080053e0                USBD_CtlContinueRx
 .text.USBD_CtlSendStatus
                0x080053f0       0x16 build/usbd_ioreq.o
                0x080053f0                USBD_CtlSendStatus
 .text.USBD_CtlReceiveStatus
                0x08005406       0x16 build/usbd_ioreq.o
                0x08005406                USBD_CtlReceiveStatus
 .text.USBD_CDC_EP0_RxReady
                0x0800541c       0x28 build/usbd_cdc.o
 .text.USBD_CDC_GetFSCfgDesc
                0x08005444        0xc build/usbd_cdc.o
 .text.USBD_CDC_GetHSCfgDesc
                0x08005450        0xc build/usbd_cdc.o
 .text.USBD_CDC_GetOtherSpeedCfgDesc
                0x0800545c        0xc build/usbd_cdc.o
 .text.USBD_CDC_GetDeviceQualifierDescriptor
                0x08005468        0xc build/usbd_cdc.o
                0x08005468                USBD_CDC_GetDeviceQualifierDescriptor
 .text.USBD_CDC_DataOut
                0x08005474       0x2e build/usbd_cdc.o
 .text.USBD_CDC_DataIn
                0x080054a2       0x4e build/usbd_cdc.o
 .text.USBD_CDC_Setup
                0x080054f0       0xd6 build/usbd_cdc.o
 .text.USBD_CDC_DeInit
                0x080055c6       0x42 build/usbd_cdc.o
 .text.USBD_CDC_Init
                0x08005608       0xaa build/usbd_cdc.o
 .text.USBD_CDC_RegisterInterface
                0x080056b2        0xe build/usbd_cdc.o
                0x080056b2                USBD_CDC_RegisterInterface
 .text.USBD_CDC_SetTxBuffer
                0x080056c0       0x10 build/usbd_cdc.o
                0x080056c0                USBD_CDC_SetTxBuffer
 .text.USBD_CDC_SetRxBuffer
                0x080056d0        0xc build/usbd_cdc.o
                0x080056d0                USBD_CDC_SetRxBuffer
 .text.USBD_CDC_TransmitPacket
                0x080056dc       0x34 build/usbd_cdc.o
                0x080056dc                USBD_CDC_TransmitPacket
 .text.USBD_CDC_ReceivePacket
                0x08005710       0x30 build/usbd_cdc.o
                0x08005710                USBD_CDC_ReceivePacket
 .text.motorControl_init
                0x08005740       0x28 build/SRV_MotorControl_main.o
                0x08005740                motorControl_init
 .text.motorControl_spinMotor
                0x08005768       0x72 build/SRV_MotorControl_main.o
                0x08005768                motorControl_spinMotor
 *fill*         0x080057da        0x2 
 .text.motorControl_spin4Steps
                0x080057dc       0x2c build/SRV_MotorControl_main.o
                0x080057dc                motorControl_spin4Steps
 .text.motorControlSens_spin4Steps
                0x08005808       0x2c build/SRV_MotorControl_main.o
                0x08005808                motorControlSens_spin4Steps
 .text.set_adc  0x08005834       0x24 build/srv_sens_main.o
                0x08005834                set_adc
 .text.srv_sens_init
                0x08005858       0x30 build/srv_sens_main.o
                0x08005858                srv_sens_init
 .text.get_sensor_data
                0x08005888       0x14 build/srv_sens_main.o
                0x08005888                get_sensor_data
 *fill*         0x0800589c        0x4 
 .text.srv_sens_main
                0x080058a0       0xdc build/srv_sens_main.o
                0x080058a0                srv_sens_main
 .text.Reset_Handler
                0x0800597c       0x48 build/startup_stm32f103xb.o
                0x0800597c                Reset_Handler
 .text.Default_Handler
                0x080059c4        0x2 build/startup_stm32f103xb.o
                0x080059c4                RTC_Alarm_IRQHandler
                0x080059c4                EXTI2_IRQHandler
                0x080059c4                TIM1_CC_IRQHandler
                0x080059c4                PVD_IRQHandler
                0x080059c4                EXTI3_IRQHandler
                0x080059c4                EXTI0_IRQHandler
                0x080059c4                I2C2_EV_IRQHandler
                0x080059c4                ADC1_2_IRQHandler
                0x080059c4                SPI1_IRQHandler
                0x080059c4                TAMPER_IRQHandler
                0x080059c4                DMA1_Channel4_IRQHandler
                0x080059c4                USART3_IRQHandler
                0x080059c4                RTC_IRQHandler
                0x080059c4                DMA1_Channel7_IRQHandler
                0x080059c4                CAN1_RX1_IRQHandler
                0x080059c4                TIM4_IRQHandler
                0x080059c4                I2C1_EV_IRQHandler
                0x080059c4                DMA1_Channel6_IRQHandler
                0x080059c4                TIM3_IRQHandler
                0x080059c4                RCC_IRQHandler
                0x080059c4                TIM1_TRG_COM_IRQHandler
                0x080059c4                DMA1_Channel1_IRQHandler
                0x080059c4                Default_Handler
                0x080059c4                EXTI15_10_IRQHandler
                0x080059c4                EXTI9_5_IRQHandler
                0x080059c4                SPI2_IRQHandler
                0x080059c4                DMA1_Channel5_IRQHandler
                0x080059c4                EXTI4_IRQHandler
                0x080059c4                USB_HP_CAN1_TX_IRQHandler
                0x080059c4                DMA1_Channel3_IRQHandler
                0x080059c4                TIM1_UP_IRQHandler
                0x080059c4                WWDG_IRQHandler
                0x080059c4                TIM2_IRQHandler
                0x080059c4                TIM1_BRK_IRQHandler
                0x080059c4                EXTI1_IRQHandler
                0x080059c4                USART2_IRQHandler
                0x080059c4                I2C2_ER_IRQHandler
                0x080059c4                DMA1_Channel2_IRQHandler
                0x080059c4                CAN1_SCE_IRQHandler
                0x080059c4                FLASH_IRQHandler
                0x080059c4                USART1_IRQHandler
                0x080059c4                I2C1_ER_IRQHandler
                0x080059c4                USBWakeUp_IRQHandler
 *fill*         0x080059c6        0x2 
 .text.__libc_init_array
                0x080059c8       0x48 c:/program files (x86)/gnu arm embedded toolchain/10 2021.10/bin/../lib/gcc/arm-none-eabi/10.3.1/../../../../arm-none-eabi/lib/thumb/v7-m/nofp\libc_nano.a(lib_a-init.o)
                0x080059c8                __libc_init_array
 .text.memset   0x08005a10       0x10 c:/program files (x86)/gnu arm embedded toolchain/10 2021.10/bin/../lib/gcc/arm-none-eabi/10.3.1/../../../../arm-none-eabi/lib/thumb/v7-m/nofp\libc_nano.a(lib_a-memset.o)
                0x08005a10                memset
 .text.sprintf  0x08005a20       0x40 c:/program files (x86)/gnu arm embedded toolchain/10 2021.10/bin/../lib/gcc/arm-none-eabi/10.3.1/../../../../arm-none-eabi/lib/thumb/v7-m/nofp\libc_nano.a(lib_a-sprintf.o)
                0x08005a20                siprintf
                0x08005a20                sprintf
 .text.__ssputs_r
                0x08005a60       0xb6 c:/program files (x86)/gnu arm embedded toolchain/10 2021.10/bin/../lib/gcc/arm-none-eabi/10.3.1/../../../../arm-none-eabi/lib/thumb/v7-m/nofp\libc_nano.a(lib_a-nano-svfprintf.o)
                0x08005a60                __ssputs_r
 *fill*         0x08005b16        0x2 
 .text._svfprintf_r
                0x08005b18      0x200 c:/program files (x86)/gnu arm embedded toolchain/10 2021.10/bin/../lib/gcc/arm-none-eabi/10.3.1/../../../../arm-none-eabi/lib/thumb/v7-m/nofp\libc_nano.a(lib_a-nano-svfprintf.o)
                0x08005b18                _svfiprintf_r
                0x08005b18                _svfprintf_r
 .text._printf_common
                0x08005d18       0xde c:/program files (x86)/gnu arm embedded toolchain/10 2021.10/bin/../lib/gcc/arm-none-eabi/10.3.1/../../../../arm-none-eabi/lib/thumb/v7-m/nofp\libc_nano.a(lib_a-nano-vfprintf_i.o)
                0x08005d18                _printf_common
 *fill*         0x08005df6        0x2 
 .text._printf_i
                0x08005df8      0x24c c:/program files (x86)/gnu arm embedded toolchain/10 2021.10/bin/../lib/gcc/arm-none-eabi/10.3.1/../../../../arm-none-eabi/lib/thumb/v7-m/nofp\libc_nano.a(lib_a-nano-vfprintf_i.o)
                0x08005df8                _printf_i
 .text.memchr   0x08006044       0x1c c:/program files (x86)/gnu arm embedded toolchain/10 2021.10/bin/../lib/gcc/arm-none-eabi/10.3.1/../../../../arm-none-eabi/lib/thumb/v7-m/nofp\libc_nano.a(lib_a-memchr-stub.o)
                0x08006044                memchr
 .text.memcpy   0x08006060       0x1c c:/program files (x86)/gnu arm embedded toolchain/10 2021.10/bin/../lib/gcc/arm-none-eabi/10.3.1/../../../../arm-none-eabi/lib/thumb/v7-m/nofp\libc_nano.a(lib_a-memcpy-stub.o)
                0x08006060                memcpy
 .text.memmove  0x0800607c       0x34 c:/program files (x86)/gnu arm embedded toolchain/10 2021.10/bin/../lib/gcc/arm-none-eabi/10.3.1/../../../../arm-none-eabi/lib/thumb/v7-m/nofp\libc_nano.a(lib_a-memmove.o)
                0x0800607c                memmove
 .text._free_r  0x080060b0       0x90 c:/program files (x86)/gnu arm embedded toolchain/10 2021.10/bin/../lib/gcc/arm-none-eabi/10.3.1/../../../../arm-none-eabi/lib/thumb/v7-m/nofp\libc_nano.a(lib_a-nano-freer.o)
                0x080060b0                _free_r
 .text.sbrk_aligned
                0x08006140       0x40 c:/program files (x86)/gnu arm embedded toolchain/10 2021.10/bin/../lib/gcc/arm-none-eabi/10.3.1/../../../../arm-none-eabi/lib/thumb/v7-m/nofp\libc_nano.a(lib_a-nano-mallocr.o)
 .text._malloc_r
                0x08006180       0xe8 c:/program files (x86)/gnu arm embedded toolchain/10 2021.10/bin/../lib/gcc/arm-none-eabi/10.3.1/../../../../arm-none-eabi/lib/thumb/v7-m/nofp\libc_nano.a(lib_a-nano-mallocr.o)
                0x08006180                _malloc_r
 .text._realloc_r
                0x08006268       0x5e c:/program files (x86)/gnu arm embedded toolchain/10 2021.10/bin/../lib/gcc/arm-none-eabi/10.3.1/../../../../arm-none-eabi/lib/thumb/v7-m/nofp\libc_nano.a(lib_a-nano-reallocr.o)
                0x08006268                _realloc_r
 *fill*         0x080062c6        0x2 
 .text._sbrk_r  0x080062c8       0x20 c:/program files (x86)/gnu arm embedded toolchain/10 2021.10/bin/../lib/gcc/arm-none-eabi/10.3.1/../../../../arm-none-eabi/lib/thumb/v7-m/nofp\libc_nano.a(lib_a-sbrkr.o)
                0x080062c8                _sbrk_r
 .text.__malloc_lock
                0x080062e8        0xc c:/program files (x86)/gnu arm embedded toolchain/10 2021.10/bin/../lib/gcc/arm-none-eabi/10.3.1/../../../../arm-none-eabi/lib/thumb/v7-m/nofp\libc_nano.a(lib_a-mlock.o)
                0x080062e8                __malloc_lock
 .text.__malloc_unlock
                0x080062f4        0xc c:/program files (x86)/gnu arm embedded toolchain/10 2021.10/bin/../lib/gcc/arm-none-eabi/10.3.1/../../../../arm-none-eabi/lib/thumb/v7-m/nofp\libc_nano.a(lib_a-mlock.o)
                0x080062f4                __malloc_unlock
 .text._malloc_usable_size_r
                0x08006300       0x10 c:/program files (x86)/gnu arm embedded toolchain/10 2021.10/bin/../lib/gcc/arm-none-eabi/10.3.1/../../../../arm-none-eabi/lib/thumb/v7-m/nofp\libc_nano.a(lib_a-nano-msizer.o)
                0x08006300                _malloc_usable_size_r
 .text.__retarget_lock_acquire_recursive
                0x08006310        0x2 c:/program files (x86)/gnu arm embedded toolchain/10 2021.10/bin/../lib/gcc/arm-none-eabi/10.3.1/../../../../arm-none-eabi/lib/thumb/v7-m/nofp\libc_nano.a(lib_a-lock.o)
                0x08006310                __retarget_lock_acquire_recursive
 .text.__retarget_lock_release_recursive
                0x08006312        0x2 c:/program files (x86)/gnu arm embedded toolchain/10 2021.10/bin/../lib/gcc/arm-none-eabi/10.3.1/../../../../arm-none-eabi/lib/thumb/v7-m/nofp\libc_nano.a(lib_a-lock.o)
                0x08006312                __retarget_lock_release_recursive
 .text.cos      0x08006314       0xa4 c:/program files (x86)/gnu arm embedded toolchain/10 2021.10/bin/../lib/gcc/arm-none-eabi/10.3.1/../../../../arm-none-eabi/lib/thumb/v7-m/nofp\libm.a(lib_a-s_cos.o)
                0x08006314                cos
 .text.sin      0x080063b8       0xb0 c:/program files (x86)/gnu arm embedded toolchain/10 2021.10/bin/../lib/gcc/arm-none-eabi/10.3.1/../../../../arm-none-eabi/lib/thumb/v7-m/nofp\libm.a(lib_a-s_sin.o)
                0x080063b8                sin
 .text.__ieee754_rem_pio2
                0x08006468      0x454 c:/program files (x86)/gnu arm embedded toolchain/10 2021.10/bin/../lib/gcc/arm-none-eabi/10.3.1/../../../../arm-none-eabi/lib/thumb/v7-m/nofp\libm.a(lib_a-e_rem_pio2.o)
                0x08006468                __ieee754_rem_pio2
 *fill*         0x080068bc        0x4 
 .text.__kernel_cos
                0x080068c0      0x250 c:/program files (x86)/gnu arm embedded toolchain/10 2021.10/bin/../lib/gcc/arm-none-eabi/10.3.1/../../../../arm-none-eabi/lib/thumb/v7-m/nofp\libm.a(lib_a-k_cos.o)
                0x080068c0                __kernel_cos
 .text.__kernel_rem_pio2
                0x08006b10      0x850 c:/program files (x86)/gnu arm embedded toolchain/10 2021.10/bin/../lib/gcc/arm-none-eabi/10.3.1/../../../../arm-none-eabi/lib/thumb/v7-m/nofp\libm.a(lib_a-k_rem_pio2.o)
                0x08006b10                __kernel_rem_pio2
 .text.__kernel_sin
                0x08007360      0x184 c:/program files (x86)/gnu arm embedded toolchain/10 2021.10/bin/../lib/gcc/arm-none-eabi/10.3.1/../../../../arm-none-eabi/lib/thumb/v7-m/nofp\libm.a(lib_a-k_sin.o)
                0x08007360                __kernel_sin
 .text.fabs     0x080074e4        0x8 c:/program files (x86)/gnu arm embedded toolchain/10 2021.10/bin/../lib/gcc/arm-none-eabi/10.3.1/../../../../arm-none-eabi/lib/thumb/v7-m/nofp\libm.a(lib_a-s_fabs.o)
                0x080074e4                fabs
 *fill*         0x080074ec        0x4 
 .text.floor    0x080074f0       0xf8 c:/program files (x86)/gnu arm embedded toolchain/10 2021.10/bin/../lib/gcc/arm-none-eabi/10.3.1/../../../../arm-none-eabi/lib/thumb/v7-m/nofp\libm.a(lib_a-s_floor.o)
                0x080074f0                floor
 .text.scalbn   0x080075e8       0xfc c:/program files (x86)/gnu arm embedded toolchain/10 2021.10/bin/../lib/gcc/arm-none-eabi/10.3.1/../../../../arm-none-eabi/lib/thumb/v7-m/nofp\libm.a(lib_a-s_scalbn.o)
                0x080075e8                scalbn
 .text._sbrk    0x080076e4       0x1c c:/program files (x86)/gnu arm embedded toolchain/10 2021.10/bin/../lib/gcc/arm-none-eabi/10.3.1/../../../../arm-none-eabi/lib/thumb/v7-m/nofp\libnosys.a(sbrk.o)
                0x080076e4                _sbrk
 *(.glue_7)
 .glue_7        0x08007700        0x0 linker stubs
 *(.glue_7t)
 .glue_7t       0x08007700        0x0 linker stubs
 *(.eh_frame)
 .eh_frame      0x08007700        0x0 c:/program files (x86)/gnu arm embedded toolchain/10 2021.10/bin/../lib/gcc/arm-none-eabi/10.3.1/thumb/v7-m/nofp/crtbegin.o
 *(.init)
 .init          0x08007700        0x4 c:/program files (x86)/gnu arm embedded toolchain/10 2021.10/bin/../lib/gcc/arm-none-eabi/10.3.1/thumb/v7-m/nofp/crti.o
                0x08007700                _init
 .init          0x08007704        0x8 c:/program files (x86)/gnu arm embedded toolchain/10 2021.10/bin/../lib/gcc/arm-none-eabi/10.3.1/thumb/v7-m/nofp/crtn.o
 *(.fini)
 .fini          0x0800770c        0x4 c:/program files (x86)/gnu arm embedded toolchain/10 2021.10/bin/../lib/gcc/arm-none-eabi/10.3.1/thumb/v7-m/nofp/crti.o
                0x0800770c                _fini
 .fini          0x08007710        0x8 c:/program files (x86)/gnu arm embedded toolchain/10 2021.10/bin/../lib/gcc/arm-none-eabi/10.3.1/thumb/v7-m/nofp/crtn.o
                0x08007718                . = ALIGN (0x4)
                0x08007718                _etext = .

.vfp11_veneer   0x08007718        0x0
 .vfp11_veneer  0x08007718        0x0 linker stubs

.v4_bx          0x08007718        0x0
 .v4_bx         0x08007718        0x0 linker stubs

.iplt           0x08007718        0x0
 .iplt          0x08007718        0x0 c:/program files (x86)/gnu arm embedded toolchain/10 2021.10/bin/../lib/gcc/arm-none-eabi/10.3.1/thumb/v7-m/nofp/crtbegin.o

.rodata         0x08007718      0x2b8
                0x08007718                . = ALIGN (0x4)
 *(.rodata)
 *(.rodata*)
 .rodata.main.str1.4
                0x08007718       0x36 build/main.o
 *fill*         0x0800774e        0x2 
 .rodata.USBD_FS_ProductStrDescriptor.str1.4
                0x08007750       0x16 build/usbd_desc.o
 *fill*         0x08007766        0x2 
 .rodata.USBD_FS_ManufacturerStrDescriptor.str1.4
                0x08007768       0x13 build/usbd_desc.o
 *fill*         0x0800777b        0x1 
 .rodata.USBD_FS_ConfigStrDescriptor.str1.4
                0x0800777c        0xb build/usbd_desc.o
 *fill*         0x08007787        0x1 
 .rodata.USBD_FS_InterfaceStrDescriptor.str1.4
                0x08007788        0xe build/usbd_desc.o
 *fill*         0x08007796        0x2 
 .rodata.HAL_RCC_GetSysClockFreq.str1.4
                0x08007798       0x11 build/stm32f1xx_hal_rcc.o
 .rodata.HAL_RCCEx_GetPeriphCLKFreq.str1.4
                0x080077a9       0x11 build/stm32f1xx_hal_rcc_ex.o
 *fill*         0x080077a9        0x3 
 .rodata.AHBPrescTable
                0x080077ac       0x10 build/system_stm32f1xx.o
                0x080077ac                AHBPrescTable
 .rodata.APBPrescTable
                0x080077bc        0x8 build/system_stm32f1xx.o
                0x080077bc                APBPrescTable
 .rodata._svfprintf_r.str1.1
                0x080077c4       0x11 c:/program files (x86)/gnu arm embedded toolchain/10 2021.10/bin/../lib/gcc/arm-none-eabi/10.3.1/../../../../arm-none-eabi/lib/thumb/v7-m/nofp\libc_nano.a(lib_a-nano-svfprintf.o)
 .rodata._printf_i.str1.1
                0x080077d5       0x22 c:/program files (x86)/gnu arm embedded toolchain/10 2021.10/bin/../lib/gcc/arm-none-eabi/10.3.1/../../../../arm-none-eabi/lib/thumb/v7-m/nofp\libc_nano.a(lib_a-nano-vfprintf_i.o)
 *fill*         0x080077f7        0x1 
 .rodata.npio2_hw
                0x080077f8       0x80 c:/program files (x86)/gnu arm embedded toolchain/10 2021.10/bin/../lib/gcc/arm-none-eabi/10.3.1/../../../../arm-none-eabi/lib/thumb/v7-m/nofp\libm.a(lib_a-e_rem_pio2.o)
 .rodata.two_over_pi
                0x08007878      0x108 c:/program files (x86)/gnu arm embedded toolchain/10 2021.10/bin/../lib/gcc/arm-none-eabi/10.3.1/../../../../arm-none-eabi/lib/thumb/v7-m/nofp\libm.a(lib_a-e_rem_pio2.o)
 .rodata.PIo2   0x08007980       0x40 c:/program files (x86)/gnu arm embedded toolchain/10 2021.10/bin/../lib/gcc/arm-none-eabi/10.3.1/../../../../arm-none-eabi/lib/thumb/v7-m/nofp\libm.a(lib_a-k_rem_pio2.o)
 .rodata.init_jk
                0x080079c0       0x10 c:/program files (x86)/gnu arm embedded toolchain/10 2021.10/bin/../lib/gcc/arm-none-eabi/10.3.1/../../../../arm-none-eabi/lib/thumb/v7-m/nofp\libm.a(lib_a-k_rem_pio2.o)
                0x080079d0                . = ALIGN (0x4)

.rel.dyn        0x080079d0        0x0
 .rel.iplt      0x080079d0        0x0 c:/program files (x86)/gnu arm embedded toolchain/10 2021.10/bin/../lib/gcc/arm-none-eabi/10.3.1/thumb/v7-m/nofp/crtbegin.o

.ARM.extab
 *(.ARM.extab* .gnu.linkonce.armextab.*)

.ARM            0x080079d0        0x0
                0x080079d0                __exidx_start = .
 *(.ARM.exidx*)
                0x080079d0                __exidx_end = .

.preinit_array  0x080079d0        0x0
                0x080079d0                PROVIDE (__preinit_array_start = .)
 *(.preinit_array*)
                0x080079d0                PROVIDE (__preinit_array_end = .)

.init_array     0x080079d0        0x4
                0x080079d0                PROVIDE (__init_array_start = .)
 *(SORT_BY_NAME(.init_array.*))
 *(.init_array*)
 .init_array    0x080079d0        0x4 c:/program files (x86)/gnu arm embedded toolchain/10 2021.10/bin/../lib/gcc/arm-none-eabi/10.3.1/thumb/v7-m/nofp/crtbegin.o
                0x080079d4                PROVIDE (__init_array_end = .)

.fini_array     0x080079d4        0x4
                [!provide]                PROVIDE (__fini_array_start = .)
 *(SORT_BY_NAME(.fini_array.*))
 *(.fini_array*)
 .fini_array    0x080079d4        0x4 c:/program files (x86)/gnu arm embedded toolchain/10 2021.10/bin/../lib/gcc/arm-none-eabi/10.3.1/thumb/v7-m/nofp/crtbegin.o
                [!provide]                PROVIDE (__fini_array_end = .)
                0x080079d8                _sidata = LOADADDR (.data)

.data           0x20000000      0x1e0 load address 0x080079d8
                0x20000000                . = ALIGN (0x4)
                0x20000000                _sdata = .
 *(.data)
 *(.data*)
 .data.FS_Desc  0x20000000       0x1c build/usbd_desc.o
                0x20000000                FS_Desc
 .data.USBD_FS_DeviceDesc
                0x2000001c       0x12 build/usbd_desc.o
                0x2000001c                USBD_FS_DeviceDesc
 *fill*         0x2000002e        0x2 
 .data.USBD_LangIDDesc
                0x20000030        0x4 build/usbd_desc.o
                0x20000030                USBD_LangIDDesc
 .data.USBD_StringSerial
                0x20000034       0x1a build/usbd_desc.o
                0x20000034                USBD_StringSerial
 *fill*         0x2000004e        0x2 
 .data.USBD_Interface_fops_FS
                0x20000050       0x10 build/usbd_cdc_if.o
                0x20000050                USBD_Interface_fops_FS
 .data.uwTickFreq
                0x20000060        0x1 build/stm32f1xx_hal.o
                0x20000060                uwTickFreq
 *fill*         0x20000061        0x3 
 .data.uwTickPrio
                0x20000064        0x4 build/stm32f1xx_hal.o
                0x20000064                uwTickPrio
 .data.SystemCoreClock
                0x20000068        0x4 build/system_stm32f1xx.o
                0x20000068                SystemCoreClock
 .data.USBD_CDC
                0x2000006c       0x38 build/usbd_cdc.o
                0x2000006c                USBD_CDC
 .data.USBD_CDC_CfgFSDesc
                0x200000a4       0x43 build/usbd_cdc.o
                0x200000a4                USBD_CDC_CfgFSDesc
 *fill*         0x200000e7        0x1 
 .data.USBD_CDC_CfgHSDesc
                0x200000e8       0x43 build/usbd_cdc.o
                0x200000e8                USBD_CDC_CfgHSDesc
 *fill*         0x2000012b        0x1 
 .data.USBD_CDC_DeviceQualifierDesc
                0x2000012c        0xa build/usbd_cdc.o
 *fill*         0x20000136        0x2 
 .data.USBD_CDC_OtherSpeedCfgDesc
                0x20000138       0x43 build/usbd_cdc.o
                0x20000138                USBD_CDC_OtherSpeedCfgDesc
 *fill*         0x2000017b        0x1 
 .data._impure_ptr
                0x2000017c        0x4 c:/program files (x86)/gnu arm embedded toolchain/10 2021.10/bin/../lib/gcc/arm-none-eabi/10.3.1/../../../../arm-none-eabi/lib/thumb/v7-m/nofp\libc_nano.a(lib_a-impure.o)
                0x2000017c                _impure_ptr
 .data.impure_data
                0x20000180       0x60 c:/program files (x86)/gnu arm embedded toolchain/10 2021.10/bin/../lib/gcc/arm-none-eabi/10.3.1/../../../../arm-none-eabi/lib/thumb/v7-m/nofp\libc_nano.a(lib_a-impure.o)
                0x200001e0                . = ALIGN (0x4)
                0x200001e0                _edata = .

.igot.plt       0x200001e0        0x0 load address 0x08007bb8
 .igot.plt      0x200001e0        0x0 c:/program files (x86)/gnu arm embedded toolchain/10 2021.10/bin/../lib/gcc/arm-none-eabi/10.3.1/thumb/v7-m/nofp/crtbegin.o
                0x200001e0                . = ALIGN (0x4)

.bss            0x200001e0     0x13b0 load address 0x08007bb8
                0x200001e0                _sbss = .
                0x200001e0                __bss_start__ = _sbss
 *(.bss)
 .bss           0x200001e0       0x1c c:/program files (x86)/gnu arm embedded toolchain/10 2021.10/bin/../lib/gcc/arm-none-eabi/10.3.1/thumb/v7-m/nofp/crtbegin.o
 *(.bss*)
 .bss.hadc1     0x200001fc       0x30 build/main.o
                0x200001fc                hadc1
 .bss.hUsbDeviceFS
                0x2000022c      0x2c4 build/usb_device.o
                0x2000022c                hUsbDeviceFS
 .bss.USBD_StrDesc
                0x200004f0      0x200 build/usbd_desc.o
                0x200004f0                USBD_StrDesc
 .bss.UserRxBufferFS
                0x200006f0      0x3e8 build/usbd_cdc_if.o
                0x200006f0                UserRxBufferFS
 .bss.UserTxBufferFS
                0x20000ad8      0x3e8 build/usbd_cdc_if.o
                0x20000ad8                UserTxBufferFS
 .bss.hpcd_USB_FS
                0x20000ec0      0x2ec build/usbd_conf.o
                0x20000ec0                hpcd_USB_FS
 .bss.mem.0     0x200011ac      0x220 build/usbd_conf.o
 .bss.uwTick    0x200013cc        0x4 build/stm32f1xx_hal.o
                0x200013cc                uwTick
 .bss.cfgidx.0  0x200013d0        0x1 build/usbd_ctlreq.o
 *fill*         0x200013d1        0x3 
 .bss.connectedMotors
                0x200013d4       0x28 build/SRV_MotorControl_main.o
                0x200013d4                connectedMotors
 .bss.data_meadian
                0x200013fc       0x10 build/srv_sens_main.o
                0x200013fc                data_meadian
 .bss.hadc      0x2000140c       0x30 build/srv_sens_main.o
                0x2000140c                hadc
 .bss.sensor_readings
                0x2000143c      0x140 build/srv_sens_main.o
                0x2000143c                sensor_readings
 .bss.__malloc_free_list
                0x2000157c        0x4 c:/program files (x86)/gnu arm embedded toolchain/10 2021.10/bin/../lib/gcc/arm-none-eabi/10.3.1/../../../../arm-none-eabi/lib/thumb/v7-m/nofp\libc_nano.a(lib_a-nano-mallocr.o)
                0x2000157c                __malloc_free_list
 .bss.__malloc_sbrk_start
                0x20001580        0x4 c:/program files (x86)/gnu arm embedded toolchain/10 2021.10/bin/../lib/gcc/arm-none-eabi/10.3.1/../../../../arm-none-eabi/lib/thumb/v7-m/nofp\libc_nano.a(lib_a-nano-mallocr.o)
                0x20001580                __malloc_sbrk_start
 .bss.errno     0x20001584        0x4 c:/program files (x86)/gnu arm embedded toolchain/10 2021.10/bin/../lib/gcc/arm-none-eabi/10.3.1/../../../../arm-none-eabi/lib/thumb/v7-m/nofp\libc_nano.a(lib_a-reent.o)
                0x20001584                errno
 .bss.__lock___malloc_recursive_mutex
                0x20001588        0x1 c:/program files (x86)/gnu arm embedded toolchain/10 2021.10/bin/../lib/gcc/arm-none-eabi/10.3.1/../../../../arm-none-eabi/lib/thumb/v7-m/nofp\libc_nano.a(lib_a-lock.o)
                0x20001588                __lock___malloc_recursive_mutex
 *fill*         0x20001589        0x3 
 .bss.heap_end.0
                0x2000158c        0x4 c:/program files (x86)/gnu arm embedded toolchain/10 2021.10/bin/../lib/gcc/arm-none-eabi/10.3.1/../../../../arm-none-eabi/lib/thumb/v7-m/nofp\libnosys.a(sbrk.o)
 *(COMMON)
                0x20001590                . = ALIGN (0x4)
                0x20001590                _ebss = .
                0x20001590                __bss_end__ = _ebss

._user_heap_stack
                0x20001590      0x600 load address 0x08007bb8
                0x20001590                . = ALIGN (0x8)
                0x20001590                PROVIDE (end = .)
                [!provide]                PROVIDE (_end = .)
                0x20001790                . = (. + _Min_Heap_Size)
 *fill*         0x20001590      0x200 
                0x20001b90                . = (. + _Min_Stack_Size)
 *fill*         0x20001790      0x400 
                0x20001b90                . = ALIGN (0x8)

/DISCARD/
 libc.a(*)
 libm.a(*)
 libgcc.a(*)

.ARM.attributes
                0x00000000       0x29
 *(.ARM.attributes)
 .ARM.attributes
                0x00000000       0x1d c:/program files (x86)/gnu arm embedded toolchain/10 2021.10/bin/../lib/gcc/arm-none-eabi/10.3.1/thumb/v7-m/nofp/crti.o
 .ARM.attributes
                0x0000001d       0x2d c:/program files (x86)/gnu arm embedded toolchain/10 2021.10/bin/../lib/gcc/arm-none-eabi/10.3.1/thumb/v7-m/nofp/crtbegin.o
 .ARM.attributes
                0x0000004a       0x2d build/main.o
 .ARM.attributes
                0x00000077       0x2d build/stm32f1xx_it.o
 .ARM.attributes
                0x000000a4       0x2d build/stm32f1xx_hal_msp.o
 .ARM.attributes
                0x000000d1       0x2d build/usb_device.o
 .ARM.attributes
                0x000000fe       0x2d build/usbd_desc.o
 .ARM.attributes
                0x0000012b       0x2d build/usbd_cdc_if.o
 .ARM.attributes
                0x00000158       0x2d build/usbd_conf.o
 .ARM.attributes
                0x00000185       0x2d build/stm32f1xx_hal_pcd.o
 .ARM.attributes
                0x000001b2       0x2d build/stm32f1xx_hal_pcd_ex.o
 .ARM.attributes
                0x000001df       0x2d build/stm32f1xx_ll_usb.o
 .ARM.attributes
                0x0000020c       0x2d build/stm32f1xx_hal.o
 .ARM.attributes
                0x00000239       0x2d build/stm32f1xx_hal_rcc.o
 .ARM.attributes
                0x00000266       0x2d build/stm32f1xx_hal_rcc_ex.o
 .ARM.attributes
                0x00000293       0x2d build/stm32f1xx_hal_gpio.o
 .ARM.attributes
                0x000002c0       0x2d build/stm32f1xx_hal_cortex.o
 .ARM.attributes
                0x000002ed       0x2d build/stm32f1xx_hal_adc.o
 .ARM.attributes
                0x0000031a       0x2d build/system_stm32f1xx.o
 .ARM.attributes
                0x00000347       0x2d build/usbd_core.o
 .ARM.attributes
                0x00000374       0x2d build/usbd_ctlreq.o
 .ARM.attributes
                0x000003a1       0x2d build/usbd_ioreq.o
 .ARM.attributes
                0x000003ce       0x2d build/usbd_cdc.o
 .ARM.attributes
                0x000003fb       0x2d build/SRV_MotorControl_main.o
 .ARM.attributes
                0x00000428       0x2d build/srv_sens_main.o
 .ARM.attributes
                0x00000455       0x21 build/startup_stm32f103xb.o
 .ARM.attributes
                0x00000476       0x2d c:/program files (x86)/gnu arm embedded toolchain/10 2021.10/bin/../lib/gcc/arm-none-eabi/10.3.1/../../../../arm-none-eabi/lib/thumb/v7-m/nofp\libc_nano.a(lib_a-impure.o)
 .ARM.attributes
                0x000004a3       0x2d c:/program files (x86)/gnu arm embedded toolchain/10 2021.10/bin/../lib/gcc/arm-none-eabi/10.3.1/../../../../arm-none-eabi/lib/thumb/v7-m/nofp\libc_nano.a(lib_a-init.o)
 .ARM.attributes
                0x000004d0       0x2d c:/program files (x86)/gnu arm embedded toolchain/10 2021.10/bin/../lib/gcc/arm-none-eabi/10.3.1/../../../../arm-none-eabi/lib/thumb/v7-m/nofp\libc_nano.a(lib_a-memset.o)
 .ARM.attributes
                0x000004fd       0x2d c:/program files (x86)/gnu arm embedded toolchain/10 2021.10/bin/../lib/gcc/arm-none-eabi/10.3.1/../../../../arm-none-eabi/lib/thumb/v7-m/nofp\libc_nano.a(lib_a-sprintf.o)
 .ARM.attributes
                0x0000052a       0x17 c:/program files (x86)/gnu arm embedded toolchain/10 2021.10/bin/../lib/gcc/arm-none-eabi/10.3.1/../../../../arm-none-eabi/lib/thumb/v7-m/nofp\libc_nano.a(lib_a-strlen.o)
 .ARM.attributes
                0x00000541       0x2d c:/program files (x86)/gnu arm embedded toolchain/10 2021.10/bin/../lib/gcc/arm-none-eabi/10.3.1/../../../../arm-none-eabi/lib/thumb/v7-m/nofp\libc_nano.a(lib_a-nano-svfprintf.o)
 .ARM.attributes
                0x0000056e       0x2d c:/program files (x86)/gnu arm embedded toolchain/10 2021.10/bin/../lib/gcc/arm-none-eabi/10.3.1/../../../../arm-none-eabi/lib/thumb/v7-m/nofp\libc_nano.a(lib_a-nano-vfprintf_i.o)
 .ARM.attributes
                0x0000059b       0x2d c:/program files (x86)/gnu arm embedded toolchain/10 2021.10/bin/../lib/gcc/arm-none-eabi/10.3.1/../../../../arm-none-eabi/lib/thumb/v7-m/nofp\libc_nano.a(lib_a-memchr-stub.o)
 .ARM.attributes
                0x000005c8       0x2d c:/program files (x86)/gnu arm embedded toolchain/10 2021.10/bin/../lib/gcc/arm-none-eabi/10.3.1/../../../../arm-none-eabi/lib/thumb/v7-m/nofp\libc_nano.a(lib_a-memcpy-stub.o)
 .ARM.attributes
                0x000005f5       0x2d c:/program files (x86)/gnu arm embedded toolchain/10 2021.10/bin/../lib/gcc/arm-none-eabi/10.3.1/../../../../arm-none-eabi/lib/thumb/v7-m/nofp\libc_nano.a(lib_a-memmove.o)
 .ARM.attributes
                0x00000622       0x2d c:/program files (x86)/gnu arm embedded toolchain/10 2021.10/bin/../lib/gcc/arm-none-eabi/10.3.1/../../../../arm-none-eabi/lib/thumb/v7-m/nofp\libc_nano.a(lib_a-nano-freer.o)
 .ARM.attributes
                0x0000064f       0x2d c:/program files (x86)/gnu arm embedded toolchain/10 2021.10/bin/../lib/gcc/arm-none-eabi/10.3.1/../../../../arm-none-eabi/lib/thumb/v7-m/nofp\libc_nano.a(lib_a-nano-mallocr.o)
 .ARM.attributes
                0x0000067c       0x2d c:/program files (x86)/gnu arm embedded toolchain/10 2021.10/bin/../lib/gcc/arm-none-eabi/10.3.1/../../../../arm-none-eabi/lib/thumb/v7-m/nofp\libc_nano.a(lib_a-nano-reallocr.o)
 .ARM.attributes
                0x000006a9       0x2d c:/program files (x86)/gnu arm embedded toolchain/10 2021.10/bin/../lib/gcc/arm-none-eabi/10.3.1/../../../../arm-none-eabi/lib/thumb/v7-m/nofp\libc_nano.a(lib_a-sbrkr.o)
 .ARM.attributes
                0x000006d6       0x2d c:/program files (x86)/gnu arm embedded toolchain/10 2021.10/bin/../lib/gcc/arm-none-eabi/10.3.1/../../../../arm-none-eabi/lib/thumb/v7-m/nofp\libc_nano.a(lib_a-mlock.o)
 .ARM.attributes
                0x00000703       0x2d c:/program files (x86)/gnu arm embedded toolchain/10 2021.10/bin/../lib/gcc/arm-none-eabi/10.3.1/../../../../arm-none-eabi/lib/thumb/v7-m/nofp\libc_nano.a(lib_a-nano-msizer.o)
 .ARM.attributes
                0x00000730       0x2d c:/program files (x86)/gnu arm embedded toolchain/10 2021.10/bin/../lib/gcc/arm-none-eabi/10.3.1/../../../../arm-none-eabi/lib/thumb/v7-m/nofp\libc_nano.a(lib_a-reent.o)
 .ARM.attributes
                0x0000075d       0x2d c:/program files (x86)/gnu arm embedded toolchain/10 2021.10/bin/../lib/gcc/arm-none-eabi/10.3.1/../../../../arm-none-eabi/lib/thumb/v7-m/nofp\libc_nano.a(lib_a-lock.o)
 .ARM.attributes
                0x0000078a       0x2d c:/program files (x86)/gnu arm embedded toolchain/10 2021.10/bin/../lib/gcc/arm-none-eabi/10.3.1/../../../../arm-none-eabi/lib/thumb/v7-m/nofp\libm.a(lib_a-s_cos.o)
 .ARM.attributes
                0x000007b7       0x2d c:/program files (x86)/gnu arm embedded toolchain/10 2021.10/bin/../lib/gcc/arm-none-eabi/10.3.1/../../../../arm-none-eabi/lib/thumb/v7-m/nofp\libm.a(lib_a-s_sin.o)
 .ARM.attributes
                0x000007e4       0x2d c:/program files (x86)/gnu arm embedded toolchain/10 2021.10/bin/../lib/gcc/arm-none-eabi/10.3.1/../../../../arm-none-eabi/lib/thumb/v7-m/nofp\libm.a(lib_a-e_rem_pio2.o)
 .ARM.attributes
                0x00000811       0x2d c:/program files (x86)/gnu arm embedded toolchain/10 2021.10/bin/../lib/gcc/arm-none-eabi/10.3.1/../../../../arm-none-eabi/lib/thumb/v7-m/nofp\libm.a(lib_a-k_cos.o)
 .ARM.attributes
                0x0000083e       0x2d c:/program files (x86)/gnu arm embedded toolchain/10 2021.10/bin/../lib/gcc/arm-none-eabi/10.3.1/../../../../arm-none-eabi/lib/thumb/v7-m/nofp\libm.a(lib_a-k_rem_pio2.o)
 .ARM.attributes
                0x0000086b       0x2d c:/program files (x86)/gnu arm embedded toolchain/10 2021.10/bin/../lib/gcc/arm-none-eabi/10.3.1/../../../../arm-none-eabi/lib/thumb/v7-m/nofp\libm.a(lib_a-k_sin.o)
 .ARM.attributes
                0x00000898       0x2d c:/program files (x86)/gnu arm embedded toolchain/10 2021.10/bin/../lib/gcc/arm-none-eabi/10.3.1/../../../../arm-none-eabi/lib/thumb/v7-m/nofp\libm.a(lib_a-s_fabs.o)
 .ARM.attributes
                0x000008c5       0x2d c:/program files (x86)/gnu arm embedded toolchain/10 2021.10/bin/../lib/gcc/arm-none-eabi/10.3.1/../../../../arm-none-eabi/lib/thumb/v7-m/nofp\libm.a(lib_a-s_floor.o)
 .ARM.attributes
                0x000008f2       0x2d c:/program files (x86)/gnu arm embedded toolchain/10 2021.10/bin/../lib/gcc/arm-none-eabi/10.3.1/../../../../arm-none-eabi/lib/thumb/v7-m/nofp\libm.a(lib_a-s_scalbn.o)
 .ARM.attributes
                0x0000091f       0x2d c:/program files (x86)/gnu arm embedded toolchain/10 2021.10/bin/../lib/gcc/arm-none-eabi/10.3.1/../../../../arm-none-eabi/lib/thumb/v7-m/nofp\libnosys.a(sbrk.o)
 .ARM.attributes
                0x0000094c       0x1d c:/program files (x86)/gnu arm embedded toolchain/10 2021.10/bin/../lib/gcc/arm-none-eabi/10.3.1/thumb/v7-m/nofp\libgcc.a(_arm_addsubdf3.o)
 .ARM.attributes
                0x00000969       0x1d c:/program files (x86)/gnu arm embedded toolchain/10 2021.10/bin/../lib/gcc/arm-none-eabi/10.3.1/thumb/v7-m/nofp\libgcc.a(_arm_muldivdf3.o)
 .ARM.attributes
                0x00000986       0x1d c:/program files (x86)/gnu arm embedded toolchain/10 2021.10/bin/../lib/gcc/arm-none-eabi/10.3.1/thumb/v7-m/nofp\libgcc.a(_arm_cmpdf2.o)
 .ARM.attributes
                0x000009a3       0x1d c:/program files (x86)/gnu arm embedded toolchain/10 2021.10/bin/../lib/gcc/arm-none-eabi/10.3.1/thumb/v7-m/nofp\libgcc.a(_arm_fixdfsi.o)
 .ARM.attributes
                0x000009c0       0x1d c:/program files (x86)/gnu arm embedded toolchain/10 2021.10/bin/../lib/gcc/arm-none-eabi/10.3.1/thumb/v7-m/nofp\libgcc.a(_arm_truncdfsf2.o)
 .ARM.attributes
                0x000009dd       0x1d c:/program files (x86)/gnu arm embedded toolchain/10 2021.10/bin/../lib/gcc/arm-none-eabi/10.3.1/thumb/v7-m/nofp\libgcc.a(_arm_addsubsf3.o)
 .ARM.attributes
                0x000009fa       0x1d c:/program files (x86)/gnu arm embedded toolchain/10 2021.10/bin/../lib/gcc/arm-none-eabi/10.3.1/thumb/v7-m/nofp\libgcc.a(_arm_muldivsf3.o)
 .ARM.attributes
                0x00000a17       0x1d c:/program files (x86)/gnu arm embedded toolchain/10 2021.10/bin/../lib/gcc/arm-none-eabi/10.3.1/thumb/v7-m/nofp\libgcc.a(_arm_cmpsf2.o)
 .ARM.attributes
                0x00000a34       0x1d c:/program files (x86)/gnu arm embedded toolchain/10 2021.10/bin/../lib/gcc/arm-none-eabi/10.3.1/thumb/v7-m/nofp\libgcc.a(_arm_fixsfsi.o)
 .ARM.attributes
                0x00000a51       0x1d c:/program files (x86)/gnu arm embedded toolchain/10 2021.10/bin/../lib/gcc/arm-none-eabi/10.3.1/thumb/v7-m/nofp/crtn.o
OUTPUT(build/LaserScanner.elf elf32-littlearm)
LOAD linker stubs
LOAD c:/program files (x86)/gnu arm embedded toolchain/10 2021.10/bin/../lib/gcc/arm-none-eabi/10.3.1/../../../../arm-none-eabi/lib/thumb/v7-m/nofp\libc.a
LOAD c:/program files (x86)/gnu arm embedded toolchain/10 2021.10/bin/../lib/gcc/arm-none-eabi/10.3.1/../../../../arm-none-eabi/lib/thumb/v7-m/nofp\libm.a
LOAD c:/program files (x86)/gnu arm embedded toolchain/10 2021.10/bin/../lib/gcc/arm-none-eabi/10.3.1/thumb/v7-m/nofp\libgcc.a

.debug_info     0x00000000    0x1216b
 .debug_info    0x00000000     0x11ef build/main.o
 .debug_info    0x000011ef      0x721 build/stm32f1xx_it.o
 .debug_info    0x00001910      0x8ed build/stm32f1xx_hal_msp.o
 .debug_info    0x000021fd      0x741 build/usb_device.o
 .debug_info    0x0000293e      0x62f build/usbd_desc.o
 .debug_info    0x00002f6d      0x94d build/usbd_cdc_if.o
 .debug_info    0x000038ba     0x1d72 build/usbd_conf.o
 .debug_info    0x0000562c     0x1c82 build/stm32f1xx_hal_pcd.o
 .debug_info    0x000072ae      0x7c7 build/stm32f1xx_hal_pcd_ex.o
 .debug_info    0x00007a75     0x1d8c build/stm32f1xx_ll_usb.o
 .debug_info    0x00009801      0x855 build/stm32f1xx_hal.o
 .debug_info    0x0000a056      0xaec build/stm32f1xx_hal_rcc.o
 .debug_info    0x0000ab42      0x479 build/stm32f1xx_hal_rcc_ex.o
 .debug_info    0x0000afbb      0x6d7 build/stm32f1xx_hal_gpio.o
 .debug_info    0x0000b692      0xe2d build/stm32f1xx_hal_cortex.o
 .debug_info    0x0000c4bf     0x1025 build/stm32f1xx_hal_adc.o
 .debug_info    0x0000d4e4      0x26e build/system_stm32f1xx.o
 .debug_info    0x0000d752      0xe5f build/usbd_core.o
 .debug_info    0x0000e5b1     0x1135 build/usbd_ctlreq.o
 .debug_info    0x0000f6e6      0x883 build/usbd_ioreq.o
 .debug_info    0x0000ff69     0x1503 build/usbd_cdc.o
 .debug_info    0x0001146c      0x3e5 build/SRV_MotorControl_main.o
 .debug_info    0x00011851      0x8f8 build/srv_sens_main.o
 .debug_info    0x00012149       0x22 build/startup_stm32f103xb.o

.debug_abbrev   0x00000000     0x32da
 .debug_abbrev  0x00000000      0x302 build/main.o
 .debug_abbrev  0x00000302      0x168 build/stm32f1xx_it.o
 .debug_abbrev  0x0000046a      0x1a6 build/stm32f1xx_hal_msp.o
 .debug_abbrev  0x00000610      0x181 build/usb_device.o
 .debug_abbrev  0x00000791      0x21f build/usbd_desc.o
 .debug_abbrev  0x000009b0      0x26c build/usbd_cdc_if.o
 .debug_abbrev  0x00000c1c      0x2f6 build/usbd_conf.o
 .debug_abbrev  0x00000f12      0x2ea build/stm32f1xx_hal_pcd.o
 .debug_abbrev  0x000011fc      0x184 build/stm32f1xx_hal_pcd_ex.o
 .debug_abbrev  0x00001380      0x25b build/stm32f1xx_ll_usb.o
 .debug_abbrev  0x000015db      0x1f7 build/stm32f1xx_hal.o
 .debug_abbrev  0x000017d2      0x29a build/stm32f1xx_hal_rcc.o
 .debug_abbrev  0x00001a6c      0x1d5 build/stm32f1xx_hal_rcc_ex.o
 .debug_abbrev  0x00001c41      0x222 build/stm32f1xx_hal_gpio.o
 .debug_abbrev  0x00001e63      0x359 build/stm32f1xx_hal_cortex.o
 .debug_abbrev  0x000021bc      0x239 build/stm32f1xx_hal_adc.o
 .debug_abbrev  0x000023f5      0x140 build/system_stm32f1xx.o
 .debug_abbrev  0x00002535      0x27a build/usbd_core.o
 .debug_abbrev  0x000027af      0x2cd build/usbd_ctlreq.o
 .debug_abbrev  0x00002a7c      0x16f build/usbd_ioreq.o
 .debug_abbrev  0x00002beb      0x309 build/usbd_cdc.o
 .debug_abbrev  0x00002ef4      0x1ba build/SRV_MotorControl_main.o
 .debug_abbrev  0x000030ae      0x21a build/srv_sens_main.o
 .debug_abbrev  0x000032c8       0x12 build/startup_stm32f103xb.o

.debug_loc      0x00000000     0xa7e4
 .debug_loc     0x00000000      0x168 build/main.o
 .debug_loc     0x00000168       0x40 build/stm32f1xx_it.o
 .debug_loc     0x000001a8      0x129 build/stm32f1xx_hal_msp.o
 .debug_loc     0x000002d1       0x20 build/usb_device.o
 .debug_loc     0x000002f1      0x47b build/usbd_desc.o
 .debug_loc     0x0000076c      0x197 build/usbd_cdc_if.o
 .debug_loc     0x00000903      0xead build/usbd_conf.o
 .debug_loc     0x000017b0     0x17ab build/stm32f1xx_hal_pcd.o
 .debug_loc     0x00002f5b      0x11a build/stm32f1xx_hal_pcd_ex.o
 .debug_loc     0x00003075     0x1d1e build/stm32f1xx_ll_usb.o
 .debug_loc     0x00004d93      0x1e1 build/stm32f1xx_hal.o
 .debug_loc     0x00004f74      0x7ee build/stm32f1xx_hal_rcc.o
 .debug_loc     0x00005762      0x444 build/stm32f1xx_hal_rcc_ex.o
 .debug_loc     0x00005ba6      0x551 build/stm32f1xx_hal_gpio.o
 .debug_loc     0x000060f7      0x77f build/stm32f1xx_hal_cortex.o
 .debug_loc     0x00006876      0xdf1 build/stm32f1xx_hal_adc.o
 .debug_loc     0x00007667       0xff build/system_stm32f1xx.o
 .debug_loc     0x00007766      0xaf6 build/usbd_core.o
 .debug_loc     0x0000825c     0x1631 build/usbd_ctlreq.o
 .debug_loc     0x0000988d      0x364 build/usbd_ioreq.o
 .debug_loc     0x00009bf1      0xa0f build/usbd_cdc.o
 .debug_loc     0x0000a600       0xc9 build/SRV_MotorControl_main.o
 .debug_loc     0x0000a6c9      0x11b build/srv_sens_main.o

.debug_aranges  0x00000000      0xb68
 .debug_aranges
                0x00000000       0x40 build/main.o
 .debug_aranges
                0x00000040       0x68 build/stm32f1xx_it.o
 .debug_aranges
                0x000000a8       0x30 build/stm32f1xx_hal_msp.o
 .debug_aranges
                0x000000d8       0x20 build/usb_device.o
 .debug_aranges
                0x000000f8       0x60 build/usbd_desc.o
 .debug_aranges
                0x00000158       0x40 build/usbd_cdc_if.o
 .debug_aranges
                0x00000198      0x118 build/usbd_conf.o
 .debug_aranges
                0x000002b0      0x138 build/stm32f1xx_hal_pcd.o
 .debug_aranges
                0x000003e8       0x38 build/stm32f1xx_hal_pcd_ex.o
 .debug_aranges
                0x00000420       0xf0 build/stm32f1xx_ll_usb.o
 .debug_aranges
                0x00000510       0xe0 build/stm32f1xx_hal.o
 .debug_aranges
                0x000005f0       0x90 build/stm32f1xx_hal_rcc.o
 .debug_aranges
                0x00000680       0x30 build/stm32f1xx_hal_rcc_ex.o
 .debug_aranges
                0x000006b0       0x58 build/stm32f1xx_hal_gpio.o
 .debug_aranges
                0x00000708       0x90 build/stm32f1xx_hal_cortex.o
 .debug_aranges
                0x00000798       0xf0 build/stm32f1xx_hal_adc.o
 .debug_aranges
                0x00000888       0x28 build/system_stm32f1xx.o
 .debug_aranges
                0x000008b0       0xb8 build/usbd_core.o
 .debug_aranges
                0x00000968       0x88 build/usbd_ctlreq.o
 .debug_aranges
                0x000009f0       0x50 build/usbd_ioreq.o
 .debug_aranges
                0x00000a40       0x90 build/usbd_cdc.o
 .debug_aranges
                0x00000ad0       0x38 build/SRV_MotorControl_main.o
 .debug_aranges
                0x00000b08       0x38 build/srv_sens_main.o
 .debug_aranges
                0x00000b40       0x28 build/startup_stm32f103xb.o

.debug_ranges   0x00000000      0xe70
 .debug_ranges  0x00000000       0x78 build/main.o
 .debug_ranges  0x00000078       0x58 build/stm32f1xx_it.o
 .debug_ranges  0x000000d0       0x20 build/stm32f1xx_hal_msp.o
 .debug_ranges  0x000000f0       0x10 build/usb_device.o
 .debug_ranges  0x00000100       0x50 build/usbd_desc.o
 .debug_ranges  0x00000150       0x30 build/usbd_cdc_if.o
 .debug_ranges  0x00000180      0x108 build/usbd_conf.o
 .debug_ranges  0x00000288      0x208 build/stm32f1xx_hal_pcd.o
 .debug_ranges  0x00000490       0x28 build/stm32f1xx_hal_pcd_ex.o
 .debug_ranges  0x000004b8      0x3a0 build/stm32f1xx_ll_usb.o
 .debug_ranges  0x00000858       0xd0 build/stm32f1xx_hal.o
 .debug_ranges  0x00000928       0xa0 build/stm32f1xx_hal_rcc.o
 .debug_ranges  0x000009c8       0x38 build/stm32f1xx_hal_rcc_ex.o
 .debug_ranges  0x00000a00       0x48 build/stm32f1xx_hal_gpio.o
 .debug_ranges  0x00000a48       0xe0 build/stm32f1xx_hal_cortex.o
 .debug_ranges  0x00000b28       0xe0 build/stm32f1xx_hal_adc.o
 .debug_ranges  0x00000c08       0x18 build/system_stm32f1xx.o
 .debug_ranges  0x00000c20       0xa8 build/usbd_core.o
 .debug_ranges  0x00000cc8       0x78 build/usbd_ctlreq.o
 .debug_ranges  0x00000d40       0x40 build/usbd_ioreq.o
 .debug_ranges  0x00000d80       0x80 build/usbd_cdc.o
 .debug_ranges  0x00000e00       0x28 build/SRV_MotorControl_main.o
 .debug_ranges  0x00000e28       0x28 build/srv_sens_main.o
 .debug_ranges  0x00000e50       0x20 build/startup_stm32f103xb.o

.debug_line     0x00000000     0xa862
 .debug_line    0x00000000      0x6d7 build/main.o
 .debug_line    0x000006d7      0x2e2 build/stm32f1xx_it.o
 .debug_line    0x000009b9      0x284 build/stm32f1xx_hal_msp.o
 .debug_line    0x00000c3d      0x221 build/usb_device.o
 .debug_line    0x00000e5e      0x371 build/usbd_desc.o
 .debug_line    0x000011cf      0x25a build/usbd_cdc_if.o
 .debug_line    0x00001429      0x7ad build/usbd_conf.o
 .debug_line    0x00001bd6     0x18b5 build/stm32f1xx_hal_pcd.o
 .debug_line    0x0000348b      0x28b build/stm32f1xx_hal_pcd_ex.o
 .debug_line    0x00003716     0x1a94 build/stm32f1xx_ll_usb.o
 .debug_line    0x000051aa      0x526 build/stm32f1xx_hal.o
 .debug_line    0x000056d0      0xc24 build/stm32f1xx_hal_rcc.o
 .debug_line    0x000062f4      0x496 build/stm32f1xx_hal_rcc_ex.o
 .debug_line    0x0000678a      0x5db build/stm32f1xx_hal_gpio.o
 .debug_line    0x00006d65      0x631 build/stm32f1xx_hal_cortex.o
 .debug_line    0x00007396      0xee4 build/stm32f1xx_hal_adc.o
 .debug_line    0x0000827a      0x23e build/system_stm32f1xx.o
 .debug_line    0x000084b8      0x725 build/usbd_core.o
 .debug_line    0x00008bdd      0xb0d build/usbd_ctlreq.o
 .debug_line    0x000096ea      0x29c build/usbd_ioreq.o
 .debug_line    0x00009986      0x7b3 build/usbd_cdc.o
 .debug_line    0x0000a139      0x2d6 build/SRV_MotorControl_main.o
 .debug_line    0x0000a40f      0x3de build/srv_sens_main.o
 .debug_line    0x0000a7ed       0x75 build/startup_stm32f103xb.o

.debug_str      0x00000000     0x34e2
 .debug_str     0x00000000      0x938 build/main.o
                                0xa03 (size before relaxing)
 .debug_str     0x00000938      0x3dd build/stm32f1xx_it.o
                                0x5ae (size before relaxing)
 .debug_str     0x00000d15       0x84 build/stm32f1xx_hal_msp.o
                                0x58c (size before relaxing)
 .debug_str     0x00000d99      0x3d4 build/usb_device.o
                                0x613 (size before relaxing)
 .debug_str     0x0000116d      0x181 build/usbd_desc.o
                                0x41e (size before relaxing)
 .debug_str     0x000012ee      0x125 build/usbd_cdc_if.o
                                0x6da (size before relaxing)
 .debug_str     0x00001413      0x862 build/usbd_conf.o
                               0x1169 (size before relaxing)
 .debug_str     0x00001c75      0x318 build/stm32f1xx_hal_pcd.o
                                0xa9b (size before relaxing)
 .debug_str     0x00001f8d      0x159 build/stm32f1xx_hal_pcd_ex.o
                                0x695 (size before relaxing)
 .debug_str     0x000020e6      0x13b build/stm32f1xx_ll_usb.o
                                0x6c8 (size before relaxing)
 .debug_str     0x00002221      0x2ff build/stm32f1xx_hal.o
                                0x7f1 (size before relaxing)
 .debug_str     0x00002520      0x1fe build/stm32f1xx_hal_rcc.o
                                0x5f8 (size before relaxing)
 .debug_str     0x0000271e       0x9c build/stm32f1xx_hal_rcc_ex.o
                                0x3a0 (size before relaxing)
 .debug_str     0x000027ba       0xf5 build/stm32f1xx_hal_gpio.o
                                0x3cd (size before relaxing)
 .debug_str     0x000028af      0x31f build/stm32f1xx_hal_cortex.o
                                0x8a0 (size before relaxing)
 .debug_str     0x00002bce      0x31c build/stm32f1xx_hal_adc.o
                                0x8a0 (size before relaxing)
 .debug_str     0x00002eea       0x4f build/system_stm32f1xx.o
                                0x221 (size before relaxing)
 .debug_str     0x00002f39      0x13e build/usbd_core.o
                                0x7fe (size before relaxing)
 .debug_str     0x00003077       0xe2 build/usbd_ctlreq.o
                                0x718 (size before relaxing)
 .debug_str     0x00003159       0x60 build/usbd_ioreq.o
                                0x645 (size before relaxing)
 .debug_str     0x000031b9      0x18f build/usbd_cdc.o
                                0xbd3 (size before relaxing)
 .debug_str     0x00003348       0xf1 build/SRV_MotorControl_main.o
                                0x306 (size before relaxing)
 .debug_str     0x00003439       0x85 build/srv_sens_main.o
                                0x65d (size before relaxing)
 .debug_str     0x000034be       0x24 build/startup_stm32f103xb.o
                                 0x40 (size before relaxing)

.comment        0x00000000       0x49
 .comment       0x00000000       0x49 build/main.o
                                 0x4a (size before relaxing)
 .comment       0x00000049       0x4a build/stm32f1xx_it.o
 .comment       0x00000049       0x4a build/stm32f1xx_hal_msp.o
 .comment       0x00000049       0x4a build/usb_device.o
 .comment       0x00000049       0x4a build/usbd_desc.o
 .comment       0x00000049       0x4a build/usbd_cdc_if.o
 .comment       0x00000049       0x4a build/usbd_conf.o
 .comment       0x00000049       0x4a build/stm32f1xx_hal_pcd.o
 .comment       0x00000049       0x4a build/stm32f1xx_hal_pcd_ex.o
 .comment       0x00000049       0x4a build/stm32f1xx_ll_usb.o
 .comment       0x00000049       0x4a build/stm32f1xx_hal.o
 .comment       0x00000049       0x4a build/stm32f1xx_hal_rcc.o
 .comment       0x00000049       0x4a build/stm32f1xx_hal_rcc_ex.o
 .comment       0x00000049       0x4a build/stm32f1xx_hal_gpio.o
 .comment       0x00000049       0x4a build/stm32f1xx_hal_cortex.o
 .comment       0x00000049       0x4a build/stm32f1xx_hal_adc.o
 .comment       0x00000049       0x4a build/system_stm32f1xx.o
 .comment       0x00000049       0x4a build/usbd_core.o
 .comment       0x00000049       0x4a build/usbd_ctlreq.o
 .comment       0x00000049       0x4a build/usbd_ioreq.o
 .comment       0x00000049       0x4a build/usbd_cdc.o
 .comment       0x00000049       0x4a build/SRV_MotorControl_main.o
 .comment       0x00000049       0x4a build/srv_sens_main.o

.debug_frame    0x00000000     0x24ec
 .debug_frame   0x00000000       0xac build/main.o
 .debug_frame   0x000000ac       0xc0 build/stm32f1xx_it.o
 .debug_frame   0x0000016c       0x60 build/stm32f1xx_hal_msp.o
 .debug_frame   0x000001cc       0x28 build/usb_device.o
 .debug_frame   0x000001f4       0xe0 build/usbd_desc.o
 .debug_frame   0x000002d4       0x78 build/usbd_cdc_if.o
 .debug_frame   0x0000034c      0x2ec build/usbd_conf.o
 .debug_frame   0x00000638      0x344 build/stm32f1xx_hal_pcd.o
 .debug_frame   0x0000097c       0x50 build/stm32f1xx_hal_pcd_ex.o
 .debug_frame   0x000009cc      0x1fc build/stm32f1xx_ll_usb.o
 .debug_frame   0x00000bc8      0x1cc build/stm32f1xx_hal.o
 .debug_frame   0x00000d94      0x190 build/stm32f1xx_hal_rcc.o
 .debug_frame   0x00000f24       0x64 build/stm32f1xx_hal_rcc_ex.o
 .debug_frame   0x00000f88       0xe4 build/stm32f1xx_hal_gpio.o
 .debug_frame   0x0000106c      0x118 build/stm32f1xx_hal_cortex.o
 .debug_frame   0x00001184      0x2c4 build/stm32f1xx_hal_adc.o
 .debug_frame   0x00001448       0x30 build/system_stm32f1xx.o
 .debug_frame   0x00001478      0x1c4 build/usbd_core.o
 .debug_frame   0x0000163c      0x178 build/usbd_ctlreq.o
 .debug_frame   0x000017b4       0xb8 build/usbd_ioreq.o
 .debug_frame   0x0000186c      0x160 build/usbd_cdc.o
 .debug_frame   0x000019cc       0x8c build/SRV_MotorControl_main.o
 .debug_frame   0x00001a58       0x6c build/srv_sens_main.o
 .debug_frame   0x00001ac4       0x2c c:/program files (x86)/gnu arm embedded toolchain/10 2021.10/bin/../lib/gcc/arm-none-eabi/10.3.1/../../../../arm-none-eabi/lib/thumb/v7-m/nofp\libc_nano.a(lib_a-init.o)
 .debug_frame   0x00001af0       0x20 c:/program files (x86)/gnu arm embedded toolchain/10 2021.10/bin/../lib/gcc/arm-none-eabi/10.3.1/../../../../arm-none-eabi/lib/thumb/v7-m/nofp\libc_nano.a(lib_a-memset.o)
 .debug_frame   0x00001b10       0x6c c:/program files (x86)/gnu arm embedded toolchain/10 2021.10/bin/../lib/gcc/arm-none-eabi/10.3.1/../../../../arm-none-eabi/lib/thumb/v7-m/nofp\libc_nano.a(lib_a-sprintf.o)
 .debug_frame   0x00001b7c       0x90 c:/program files (x86)/gnu arm embedded toolchain/10 2021.10/bin/../lib/gcc/arm-none-eabi/10.3.1/../../../../arm-none-eabi/lib/thumb/v7-m/nofp\libc_nano.a(lib_a-nano-svfprintf.o)
 .debug_frame   0x00001c0c       0x60 c:/program files (x86)/gnu arm embedded toolchain/10 2021.10/bin/../lib/gcc/arm-none-eabi/10.3.1/../../../../arm-none-eabi/lib/thumb/v7-m/nofp\libc_nano.a(lib_a-nano-vfprintf_i.o)
 .debug_frame   0x00001c6c       0x28 c:/program files (x86)/gnu arm embedded toolchain/10 2021.10/bin/../lib/gcc/arm-none-eabi/10.3.1/../../../../arm-none-eabi/lib/thumb/v7-m/nofp\libc_nano.a(lib_a-memchr-stub.o)
 .debug_frame   0x00001c94       0x28 c:/program files (x86)/gnu arm embedded toolchain/10 2021.10/bin/../lib/gcc/arm-none-eabi/10.3.1/../../../../arm-none-eabi/lib/thumb/v7-m/nofp\libc_nano.a(lib_a-memcpy-stub.o)
 .debug_frame   0x00001cbc       0x28 c:/program files (x86)/gnu arm embedded toolchain/10 2021.10/bin/../lib/gcc/arm-none-eabi/10.3.1/../../../../arm-none-eabi/lib/thumb/v7-m/nofp\libc_nano.a(lib_a-memmove.o)
 .debug_frame   0x00001ce4       0x38 c:/program files (x86)/gnu arm embedded toolchain/10 2021.10/bin/../lib/gcc/arm-none-eabi/10.3.1/../../../../arm-none-eabi/lib/thumb/v7-m/nofp\libc_nano.a(lib_a-nano-freer.o)
 .debug_frame   0x00001d1c       0x4c c:/program files (x86)/gnu arm embedded toolchain/10 2021.10/bin/../lib/gcc/arm-none-eabi/10.3.1/../../../../arm-none-eabi/lib/thumb/v7-m/nofp\libc_nano.a(lib_a-nano-mallocr.o)
 .debug_frame   0x00001d68       0x3c c:/program files (x86)/gnu arm embedded toolchain/10 2021.10/bin/../lib/gcc/arm-none-eabi/10.3.1/../../../../arm-none-eabi/lib/thumb/v7-m/nofp\libc_nano.a(lib_a-nano-reallocr.o)
 .debug_frame   0x00001da4       0x2c c:/program files (x86)/gnu arm embedded toolchain/10 2021.10/bin/../lib/gcc/arm-none-eabi/10.3.1/../../../../arm-none-eabi/lib/thumb/v7-m/nofp\libc_nano.a(lib_a-sbrkr.o)
 .debug_frame   0x00001dd0       0x30 c:/program files (x86)/gnu arm embedded toolchain/10 2021.10/bin/../lib/gcc/arm-none-eabi/10.3.1/../../../../arm-none-eabi/lib/thumb/v7-m/nofp\libc_nano.a(lib_a-mlock.o)
 .debug_frame   0x00001e00       0x20 c:/program files (x86)/gnu arm embedded toolchain/10 2021.10/bin/../lib/gcc/arm-none-eabi/10.3.1/../../../../arm-none-eabi/lib/thumb/v7-m/nofp\libc_nano.a(lib_a-nano-msizer.o)
 .debug_frame   0x00001e20       0x5c c:/program files (x86)/gnu arm embedded toolchain/10 2021.10/bin/../lib/gcc/arm-none-eabi/10.3.1/../../../../arm-none-eabi/lib/thumb/v7-m/nofp\libc_nano.a(lib_a-reent.o)
 .debug_frame   0x00001e7c       0xb0 c:/program files (x86)/gnu arm embedded toolchain/10 2021.10/bin/../lib/gcc/arm-none-eabi/10.3.1/../../../../arm-none-eabi/lib/thumb/v7-m/nofp\libc_nano.a(lib_a-lock.o)
 .debug_frame   0x00001f2c       0x3c c:/program files (x86)/gnu arm embedded toolchain/10 2021.10/bin/../lib/gcc/arm-none-eabi/10.3.1/../../../../arm-none-eabi/lib/thumb/v7-m/nofp\libm.a(lib_a-s_cos.o)
 .debug_frame   0x00001f68       0x38 c:/program files (x86)/gnu arm embedded toolchain/10 2021.10/bin/../lib/gcc/arm-none-eabi/10.3.1/../../../../arm-none-eabi/lib/thumb/v7-m/nofp\libm.a(lib_a-s_sin.o)
 .debug_frame   0x00001fa0       0x4c c:/program files (x86)/gnu arm embedded toolchain/10 2021.10/bin/../lib/gcc/arm-none-eabi/10.3.1/../../../../arm-none-eabi/lib/thumb/v7-m/nofp\libm.a(lib_a-e_rem_pio2.o)
 .debug_frame   0x00001fec       0x4c c:/program files (x86)/gnu arm embedded toolchain/10 2021.10/bin/../lib/gcc/arm-none-eabi/10.3.1/../../../../arm-none-eabi/lib/thumb/v7-m/nofp\libm.a(lib_a-k_cos.o)
 .debug_frame   0x00002038       0x58 c:/program files (x86)/gnu arm embedded toolchain/10 2021.10/bin/../lib/gcc/arm-none-eabi/10.3.1/../../../../arm-none-eabi/lib/thumb/v7-m/nofp\libm.a(lib_a-k_rem_pio2.o)
 .debug_frame   0x00002090       0x48 c:/program files (x86)/gnu arm embedded toolchain/10 2021.10/bin/../lib/gcc/arm-none-eabi/10.3.1/../../../../arm-none-eabi/lib/thumb/v7-m/nofp\libm.a(lib_a-k_sin.o)
 .debug_frame   0x000020d8       0x20 c:/program files (x86)/gnu arm embedded toolchain/10 2021.10/bin/../lib/gcc/arm-none-eabi/10.3.1/../../../../arm-none-eabi/lib/thumb/v7-m/nofp\libm.a(lib_a-s_fabs.o)
 .debug_frame   0x000020f8       0x30 c:/program files (x86)/gnu arm embedded toolchain/10 2021.10/bin/../lib/gcc/arm-none-eabi/10.3.1/../../../../arm-none-eabi/lib/thumb/v7-m/nofp\libm.a(lib_a-s_floor.o)
 .debug_frame   0x00002128       0x2c c:/program files (x86)/gnu arm embedded toolchain/10 2021.10/bin/../lib/gcc/arm-none-eabi/10.3.1/../../../../arm-none-eabi/lib/thumb/v7-m/nofp\libm.a(lib_a-s_scalbn.o)
 .debug_frame   0x00002154       0x20 c:/program files (x86)/gnu arm embedded toolchain/10 2021.10/bin/../lib/gcc/arm-none-eabi/10.3.1/../../../../arm-none-eabi/lib/thumb/v7-m/nofp\libnosys.a(sbrk.o)
 .debug_frame   0x00002174       0xac c:/program files (x86)/gnu arm embedded toolchain/10 2021.10/bin/../lib/gcc/arm-none-eabi/10.3.1/thumb/v7-m/nofp\libgcc.a(_arm_addsubdf3.o)
 .debug_frame   0x00002220       0x50 c:/program files (x86)/gnu arm embedded toolchain/10 2021.10/bin/../lib/gcc/arm-none-eabi/10.3.1/thumb/v7-m/nofp\libgcc.a(_arm_muldivdf3.o)
 .debug_frame   0x00002270       0xc4 c:/program files (x86)/gnu arm embedded toolchain/10 2021.10/bin/../lib/gcc/arm-none-eabi/10.3.1/thumb/v7-m/nofp\libgcc.a(_arm_cmpdf2.o)
 .debug_frame   0x00002334       0x24 c:/program files (x86)/gnu arm embedded toolchain/10 2021.10/bin/../lib/gcc/arm-none-eabi/10.3.1/thumb/v7-m/nofp\libgcc.a(_arm_fixdfsi.o)
 .debug_frame   0x00002358       0x24 c:/program files (x86)/gnu arm embedded toolchain/10 2021.10/bin/../lib/gcc/arm-none-eabi/10.3.1/thumb/v7-m/nofp\libgcc.a(_arm_truncdfsf2.o)
 .debug_frame   0x0000237c       0x4c c:/program files (x86)/gnu arm embedded toolchain/10 2021.10/bin/../lib/gcc/arm-none-eabi/10.3.1/thumb/v7-m/nofp\libgcc.a(_arm_addsubsf3.o)
 .debug_frame   0x000023c8       0x38 c:/program files (x86)/gnu arm embedded toolchain/10 2021.10/bin/../lib/gcc/arm-none-eabi/10.3.1/thumb/v7-m/nofp\libgcc.a(_arm_muldivsf3.o)
 .debug_frame   0x00002400       0xc8 c:/program files (x86)/gnu arm embedded toolchain/10 2021.10/bin/../lib/gcc/arm-none-eabi/10.3.1/thumb/v7-m/nofp\libgcc.a(_arm_cmpsf2.o)
 .debug_frame   0x000024c8       0x24 c:/program files (x86)/gnu arm embedded toolchain/10 2021.10/bin/../lib/gcc/arm-none-eabi/10.3.1/thumb/v7-m/nofp\libgcc.a(_arm_fixsfsi.o)

Cross Reference Table

Symbol                                            File
ADC1_2_IRQHandler                                 build/startup_stm32f103xb.o
ADC_ConversionStop_Disable                        build/stm32f1xx_hal_adc.o
                                                  build/stm32f1xx_hal_adc_ex.o
ADC_DMAConvCplt                                   build/stm32f1xx_hal_adc.o
                                                  build/stm32f1xx_hal_adc_ex.o
ADC_DMAError                                      build/stm32f1xx_hal_adc.o
                                                  build/stm32f1xx_hal_adc_ex.o
ADC_DMAHalfConvCplt                               build/stm32f1xx_hal_adc.o
                                                  build/stm32f1xx_hal_adc_ex.o
ADC_Enable                                        build/stm32f1xx_hal_adc.o
                                                  build/stm32f1xx_hal_adc_ex.o
AHBPrescTable                                     build/system_stm32f1xx.o
                                                  build/stm32f1xx_hal_rcc.o
APBPrescTable                                     build/system_stm32f1xx.o
                                                  build/stm32f1xx_hal_rcc.o
BusFault_Handler                                  build/stm32f1xx_it.o
CAN1_RX1_IRQHandler                               build/startup_stm32f103xb.o
CAN1_SCE_IRQHandler                               build/startup_stm32f103xb.o
CDC_Transmit_FS                                   build/usbd_cdc_if.o
                                                  build/main.o
DMA1_Channel1_IRQHandler                          build/startup_stm32f103xb.o
DMA1_Channel2_IRQHandler                          build/startup_stm32f103xb.o
DMA1_Channel3_IRQHandler                          build/startup_stm32f103xb.o
DMA1_Channel4_IRQHandler                          build/startup_stm32f103xb.o
DMA1_Channel5_IRQHandler                          build/startup_stm32f103xb.o
DMA1_Channel6_IRQHandler                          build/startup_stm32f103xb.o
DMA1_Channel7_IRQHandler                          build/startup_stm32f103xb.o
DebugMon_Handler                                  build/stm32f1xx_it.o
Default_Handler                                   build/startup_stm32f103xb.o
EXTI0_IRQHandler                                  build/startup_stm32f103xb.o
EXTI15_10_IRQHandler                              build/startup_stm32f103xb.o
EXTI1_IRQHandler                                  build/startup_stm32f103xb.o
EXTI2_IRQHandler                                  build/startup_stm32f103xb.o
EXTI3_IRQHandler                                  build/startup_stm32f103xb.o
EXTI4_IRQHandler                                  build/startup_stm32f103xb.o
EXTI9_5_IRQHandler                                build/startup_stm32f103xb.o
Error_Handler                                     build/main.o
                                                  build/usbd_conf.o
                                                  build/usb_device.o
FLASH_IRQHandler                                  build/startup_stm32f103xb.o
FLASH_PageErase                                   build/stm32f1xx_hal_flash_ex.o
                                                  build/stm32f1xx_hal_flash.o
FLASH_WaitForLastOperation                        build/stm32f1xx_hal_flash.o
                                                  build/stm32f1xx_hal_flash_ex.o
FS_Desc                                           build/usbd_desc.o
                                                  build/usb_device.o
HAL_ADCEx_Calibration_Start                       build/stm32f1xx_hal_adc_ex.o
HAL_ADCEx_InjectedConfigChannel                   build/stm32f1xx_hal_adc_ex.o
HAL_ADCEx_InjectedConvCpltCallback                build/stm32f1xx_hal_adc_ex.o
                                                  build/stm32f1xx_hal_adc.o
HAL_ADCEx_InjectedGetValue                        build/stm32f1xx_hal_adc_ex.o
HAL_ADCEx_InjectedPollForConversion               build/stm32f1xx_hal_adc_ex.o
HAL_ADCEx_InjectedStart                           build/stm32f1xx_hal_adc_ex.o